204.12.226.26 - - [08/Feb/2021:03:22:48 +0100] "GET /mediawiki/index.php?title=Spezial:Anmelden&returnto=Spezial:Letzte%20%C3%84nderungen&returntoquery=userExpLevel=registered%26hideminor=1%26printable=yes HTTP/1.1" 200 4739 "-" "Mozilla/5.0 (compatible; MJ12bot/v1.4.8; http://mj12bot.com/)"
37.230.43.146 - - [08/Feb/2021:03:22:49 +0100] "GET /nx/ocs/v2.php/apps/notifications/api/v2/notifications HTTP/1.1" 304 468 "-" "Mozilla/5.0 (Windows NT 10.0; Win64; x64; rv:85.0) Gecko/20100101 Firefox/85.0"
204.12.226.26 - - [08/Feb/2021:03:22:50 +0100] "GET /mediawiki/index.php?title=Spezial:Anmelden&returnto=Spezial:Letzte%20%C3%84nderungen&returntoquery=userExpLevel=registered%26hideminor=1%26printable=yes&printable=yes HTTP/1.1" 200 4698 "-" "Mozilla/5.0 (compatible; MJ12bot/v1.4.8; http://mj12bot.com/)"
204.12.226.26 - - [08/Feb/2021:03:22:51 +0100] "GET /mediawiki/index.php?title=Spezial:Anmelden&returnto=Spezial:Letzte%20%C3%84nderungen&returntoquery=userExpLevel=registered%26hideminor=1&printable=yes HTTP/1.1" 200 4689 "-" "Mozilla/5.0 (compatible; MJ12bot/v1.4.8; http://mj12bot.com/)"
204.12.226.26 - - [08/Feb/2021:03:22:53 +0100] "GET /mediawiki/index.php?title=Spezial:Anmelden&returnto=Spezial:Letzte%20%C3%84nderungen&returntoquery=userExpLevel=registered%26hidemyself=1 HTTP/1.1" 200 4730 "-" "Mozilla/5.0 (compatible; MJ12bot/v1.4.8; http://mj12bot.com/)"
204.12.226.26 - - [08/Feb/2021:03:22:55 +0100] "GET /mediawiki/index.php?title=Spezial:Anmelden&returnto=Spezial:Letzte%20%C3%84nderungen&returntoquery=userExpLevel=registered%26hidemyself=1%26printable=yes HTTP/1.1" 200 4741 "-" "Mozilla/5.0 (compatible; MJ12bot/v1.4.8; http://mj12bot.com/)"
204.12.226.26 - - [08/Feb/2021:03:22:56 +0100] "GET /mediawiki/index.php?title=Spezial:Anmelden&returnto=Spezial:Letzte%20%C3%84nderungen&returntoquery=userExpLevel=registered%26hidemyself=1%26printable=yes&printable=yes HTTP/1.1" 200 4701 "-" "Mozilla/5.0 (compatible; MJ12bot/v1.4.8; http://mj12bot.com/)"
204.12.226.26 - - [08/Feb/2021:03:22:58 +0100] "GET /mediawiki/index.php?title=Spezial:Anmelden&returnto=Spezial:Letzte%20%C3%84nderungen&returntoquery=userExpLevel=registered%26hidemyself=1&printable=yes HTTP/1.1" 200 4688 "-" "Mozilla/5.0 (compatible; MJ12bot/v1.4.8; http://mj12bot.com/)"
204.12.226.26 - - [08/Feb/2021:03:22:59 +0100] "GET /mediawiki/index.php?title=Spezial:Anmelden&returnto=Spezial:Letzte%20%C3%84nderungen&returntoquery=userExpLevel=registered%26limit=100 HTTP/1.1" 200 4731 "-" "Mozilla/5.0 (compatible; MJ12bot/v1.4.8; http://mj12bot.com/)"
204.12.226.26 - - [08/Feb/2021:03:23:01 +0100] "GET /mediawiki/index.php?title=Spezial:Anmelden&returnto=Spezial:Letzte%20%C3%84nderungen&returntoquery=userExpLevel=registered%26limit=100%26printable=yes HTTP/1.1" 200 4739 "-" "Mozilla/5.0 (compatible; MJ12bot/v1.4.8; http://mj12bot.com/)"
204.12.226.26 - - [08/Feb/2021:03:23:03 +0100] "GET /mediawiki/index.php?title=Spezial:Anmelden&returnto=Spezial:Letzte%20%C3%84nderungen&returntoquery=userExpLevel=registered%26limit=100&printable=yes HTTP/1.1" 200 4690 "-" "Mozilla/5.0 (compatible; MJ12bot/v1.4.8; http://mj12bot.com/)"
213.133.113.83 - - [08/Feb/2021:03:23:03 +0100] "GET / HTTP/1.1" 200 8194 "-" "Hetzner System Monitoring"
204.12.226.26 - - [08/Feb/2021:03:23:04 +0100] "GET /mediawiki/index.php?title=Spezial:Anmelden&returnto=Spezial:Letzte%20%C3%84nderungen&returntoquery=userExpLevel=registered%26limit=250%26printable=yes HTTP/1.1" 200 4740 "-" "Mozilla/5.0 (compatible; MJ12bot/v1.4.8; http://mj12bot.com/)"
204.12.226.26 - - [08/Feb/2021:03:23:06 +0100] "GET /mediawiki/index.php?title=Spezial:Anmelden&returnto=Spezial:Letzte%20%C3%84nderungen&returntoquery=userExpLevel=registered%26limit=250%26printable=yes&printable=yes HTTP/1.1" 200 4702 "-" "Mozilla/5.0 (compatible; MJ12bot/v1.4.8; http://mj12bot.com/)"
204.12.226.26 - - [08/Feb/2021:03:23:08 +0100] "GET /mediawiki/index.php?title=Spezial:Anmelden&returnto=Spezial:Letzte%20%C3%84nderungen&returntoquery=userExpLevel=registered%26limit=500 HTTP/1.1" 200 4731 "-" "Mozilla/5.0 (compatible; MJ12bot/v1.4.8; http://mj12bot.com/)"
204.12.226.26 - - [08/Feb/2021:03:23:09 +0100] "GET /mediawiki/index.php?title=Spezial:Anmelden&returnto=Spezial:Letzte%20%C3%84nderungen&returntoquery=userExpLevel=registered%26limit=500%26printable=yes HTTP/1.1" 200 4740 "-" "Mozilla/5.0 (compatible; MJ12bot/v1.4.8; http://mj12bot.com/)"
204.12.226.26 - - [08/Feb/2021:03:23:11 +0100] "GET /mediawiki/index.php?title=Spezial:Anmelden&returnto=Spezial:Letzte%20%C3%84nderungen&returntoquery=userExpLevel=registered%26limit=500%26printable=yes&printable=yes HTTP/1.1" 200 4696 "-" "Mozilla/5.0 (compatible; MJ12bot/v1.4.8; http://mj12bot.com/)"
204.12.226.26 - - [08/Feb/2021:03:23:13 +0100] "GET /mediawiki/index.php?title=Spezial:Anmelden&returnto=Spezial:Letzte%20%C3%84nderungen&returntoquery=userExpLevel=registered%26limit=500&printable=yes HTTP/1.1" 200 4693 "-" "Mozilla/5.0 (compatible; MJ12bot/v1.4.8; http://mj12bot.com/)"
204.12.226.26 - - [08/Feb/2021:03:23:15 +0100] "GET /mediawiki/index.php?title=Spezial:Anmelden&returnto=Spezial:Letzte%20%C3%84nderungen&returntoquery=userExpLevel=registered%26printable=yes HTTP/1.1" 200 4723 "-" "Mozilla/5.0 (compatible; MJ12bot/v1.4.8; http://mj12bot.com/)"
204.12.226.26 - - [08/Feb/2021:03:23:17 +0100] "GET /mediawiki/index.php?title=Spezial:Anmelden&returnto=Spezial:Tokens%20zur%C3%BCcksetzen HTTP/1.1" 200 4699 "-" "Mozilla/5.0 (compatible; MJ12bot/v1.4.8; http://mj12bot.com/)"
204.12.226.26 - - [08/Feb/2021:03:23:18 +0100] "GET /mediawiki/index.php?title=Spezial:Anmelden&returnto=Spezial:Tokens%20zur%C3%BCcksetzen&printable=yes HTTP/1.1" 200 4672 "-" "Mozilla/5.0 (compatible; MJ12bot/v1.4.8; http://mj12bot.com/)"
37.230.43.146 - - [08/Feb/2021:03:23:19 +0100] "GET /nx/ocs/v2.php/apps/notifications/api/v2/notifications HTTP/1.1" 304 468 "-" "Mozilla/5.0 (Windows NT 10.0; Win64; x64; rv:85.0) Gecko/20100101 Firefox/85.0"
204.12.226.26 - - [08/Feb/2021:03:23:20 +0100] "GET /mediawiki/index.php?title=Spezial:Anmelden&returnto=Spezial:Zuf%C3%A4llig%20in%20Kategorie&returntoquery=printable=yes&printable=yes HTTP/1.1" 200 4671 "-" "Mozilla/5.0 (compatible; MJ12bot/v1.4.8; http://mj12bot.com/)"
204.12.226.26 - - [08/Feb/2021:03:23:22 +0100] "GET /mediawiki/index.php?title=Spezial:Anmelden&returnto=Spezial:Beitr%C3%A4ge HTTP/1.1" 200 4680 "-" "Mozilla/5.0 (compatible; MJ12bot/v1.4.8; http://mj12bot.com/)"
204.12.226.26 - - [08/Feb/2021:03:23:24 +0100] "GET /mediawiki/index.php?title=Spezial:Anmelden&returnto=Spezial:Beitr%C3%A4ge/Raz0rsedge&printable=yes HTTP/1.1" 200 4667 "-" "Mozilla/5.0 (compatible; MJ12bot/v1.4.8; http://mj12bot.com/)"
204.12.226.26 - - [08/Feb/2021:03:23:25 +0100] "GET /mediawiki/index.php?title=Spezial:Letzte_%C3%84nderungen&from=20201223114803&fromFormatted=12:48,%2023.%20Dez.%202020&userExpLevel=registered HTTP/1.1" 200 8404 "-" "Mozilla/5.0 (compatible; MJ12bot/v1.4.8; http://mj12bot.com/)"
204.12.226.26 - - [08/Feb/2021:03:23:27 +0100] "GET /mediawiki/index.php?title=Spezial:Letzte_%C3%84nderungen&from=20201225074420&fromFormatted=08:44,%2025.%20Dez.%202020&limit=500 HTTP/1.1" 200 8389 "-" "Mozilla/5.0 (compatible; MJ12bot/v1.4.8; http://mj12bot.com/)"
37.230.43.146 - - [08/Feb/2021:03:23:22 +0100] "GET /nx/index.php/apps/integration_reddit/notifications HTTP/1.1" 200 13220 "-" "Mozilla/5.0 (Windows NT 10.0; Win64; x64; rv:85.0) Gecko/20100101 Firefox/85.0"
204.12.226.26 - - [08/Feb/2021:03:23:29 +0100] "GET /mediawiki/index.php?title=Spezial:Letzte_%C3%84nderungen&from=20201225074506&fromFormatted=08:45,%2025.%20Dez.%202020&hidemyself=1&days=14 HTTP/1.1" 200 9631 "-" "Mozilla/5.0 (compatible; MJ12bot/v1.4.8; http://mj12bot.com/)"
204.12.226.26 - - [08/Feb/2021:03:23:31 +0100] "GET /mediawiki/index.php?title=Spezial:Letzte_%C3%84nderungen&from=20201225074558&fromFormatted=08:45,%2025.%20Dez.%202020&hidemyself=1&days=30 HTTP/1.1" 200 12038 "-" "Mozilla/5.0 (compatible; MJ12bot/v1.4.8; http://mj12bot.com/)"
204.12.226.26 - - [08/Feb/2021:03:23:32 +0100] "GET /mediawiki/index.php?title=Spezial:Letzte_%C3%84nderungen&from=20201225122836&fromFormatted=13:28,%2025.%20Dez.%202020&hidebots=0&limit=500 HTTP/1.1" 200 8403 "-" "Mozilla/5.0 (compatible; MJ12bot/v1.4.8; http://mj12bot.com/)"
204.12.226.26 - - [08/Feb/2021:03:23:34 +0100] "GET /mediawiki/index.php?title=Spezial:Letzte_%C3%84nderungen&from=20201226002110&fromFormatted=01:21,%2026.%20Dez.%202020&limit=100 HTTP/1.1" 200 8389 "-" "Mozilla/5.0 (compatible; MJ12bot/v1.4.8; http://mj12bot.com/)"
204.12.226.26 - - [08/Feb/2021:03:23:36 +0100] "GET /mediawiki/index.php?title=Spezial:Letzte_%C3%84nderungen&from=20201226002114&fromFormatted=01:21,%2026.%20Dez.%202020&limit=250 HTTP/1.1" 200 8388 "-" "Mozilla/5.0 (compatible; MJ12bot/v1.4.8; http://mj12bot.com/)"
204.12.226.26 - - [08/Feb/2021:03:23:38 +0100] "GET /mediawiki/index.php?title=Spezial:Letzte_%C3%84nderungen&from=20201226002121&fromFormatted=01:21,%2026.%20Dez.%202020&limit=500 HTTP/1.1" 200 8388 "-" "Mozilla/5.0 (compatible; MJ12bot/v1.4.8; http://mj12bot.com/)"
204.12.226.26 - - [08/Feb/2021:03:23:39 +0100] "GET /mediawiki/index.php?title=Spezial:Letzte_%C3%84nderungen&from=20201226002143&fromFormatted=01:21,%2026.%20Dez.%202020&userExpLevel=registered&days=14 HTTP/1.1" 200 9642 "-" "Mozilla/5.0 (compatible; MJ12bot/v1.4.8; http://mj12bot.com/)"
204.12.226.26 - - [08/Feb/2021:03:23:41 +0100] "GET /mediawiki/index.php?title=Spezial:Letzte_%C3%84nderungen&from=20201226002632&fromFormatted=01:26,%2026.%20Dez.%202020&userExpLevel=registered&hideminor=1 HTTP/1.1" 404 30805 "-" "Mozilla/5.0 (compatible; MJ12bot/v1.4.8; http://mj12bot.com/)"
204.12.226.26 - - [08/Feb/2021:03:23:43 +0100] "GET /mediawiki/index.php?title=Spezial:Letzte_%C3%84nderungen&from=20201226002647&fromFormatted=01:26,%2026.%20Dez.%202020&userExpLevel=registered&limit=100 HTTP/1.1" 200 8436 "-" "Mozilla/5.0 (compatible; MJ12bot/v1.4.8; http://mj12bot.com/)"
204.12.226.26 - - [08/Feb/2021:03:23:45 +0100] "GET /mediawiki/index.php?title=Spezial:Letzte_%C3%84nderungen&from=20201226002655&fromFormatted=01:26,%2026.%20Dez.%202020&userExpLevel=registered&limit=500 HTTP/1.1" 200 8433 "-" "Mozilla/5.0 (compatible; MJ12bot/v1.4.8; http://mj12bot.com/)"
204.12.226.26 - - [08/Feb/2021:03:23:46 +0100] "GET /mediawiki/index.php?title=Spezial:Letzte_%C3%84nderungen&from=20201226002705&fromFormatted=01:27,%2026.%20Dez.%202020&userExpLevel=registered HTTP/1.1" 200 8404 "-" "Mozilla/5.0 (compatible; MJ12bot/v1.4.8; http://mj12bot.com/)"
204.12.226.26 - - [08/Feb/2021:03:23:48 +0100] "GET /mediawiki/index.php?title=Spezial:Letzte_%C3%84nderungen&from=20201226002709&fromFormatted=01:27,%2026.%20Dez.%202020&days=14&limit=250 HTTP/1.1" 200 9612 "-" "Mozilla/5.0 (compatible; MJ12bot/v1.4.8; http://mj12bot.com/)"
37.230.43.146 - - [08/Feb/2021:03:23:49 +0100] "GET /nx/ocs/v2.php/apps/notifications/api/v2/notifications HTTP/1.1" 304 468 "-" "Mozilla/5.0 (Windows NT 10.0; Win64; x64; rv:85.0) Gecko/20100101 Firefox/85.0"
204.12.226.26 - - [08/Feb/2021:03:23:50 +0100] "GET /mediawiki/index.php?title=Spezial:Letzte_%C3%84nderungen&from=20201226002721&fromFormatted=01:27,%2026.%20Dez.%202020&days=14&limit=500 HTTP/1.1" 200 9610 "-" "Mozilla/5.0 (compatible; MJ12bot/v1.4.8; http://mj12bot.com/)"
204.12.226.26 - - [08/Feb/2021:03:23:51 +0100] "GET /mediawiki/index.php?title=Spezial:Letzte_%C3%84nderungen&from=20201226002727&fromFormatted=01:27,%2026.%20Dez.%202020&days=30&limit=100 HTTP/1.1" 200 12027 "-" "Mozilla/5.0 (compatible; MJ12bot/v1.4.8; http://mj12bot.com/)"
204.12.226.26 - - [08/Feb/2021:03:23:53 +0100] "GET /mediawiki/index.php?title=Spezial:Letzte_%C3%84nderungen&from=20201226002735&fromFormatted=01:27,%2026.%20Dez.%202020&days=30&limit=250 HTTP/1.1" 200 12024 "-" "Mozilla/5.0 (compatible; MJ12bot/v1.4.8; http://mj12bot.com/)"
204.12.226.26 - - [08/Feb/2021:03:23:55 +0100] "GET /mediawiki/index.php?title=Spezial:Letzte_%C3%84nderungen&from=20201226002757&fromFormatted=01:27,%2026.%20Dez.%202020&hidebots=0&days=14 HTTP/1.1" 200 9598 "-" "Mozilla/5.0 (compatible; MJ12bot/v1.4.8; http://mj12bot.com/)"
204.12.226.26 - - [08/Feb/2021:03:23:57 +0100] "GET /mediawiki/index.php?title=Spezial:Letzte_%C3%84nderungen&from=20201226002829&fromFormatted=01:28,%2026.%20Dez.%202020&hidebots=0&days=30 HTTP/1.1" 200 12010 "-" "Mozilla/5.0 (compatible; MJ12bot/v1.4.8; http://mj12bot.com/)"
204.12.226.26 - - [08/Feb/2021:03:23:58 +0100] "GET /mediawiki/index.php?title=Spezial:Letzte_%C3%84nderungen&from=20201226002837&fromFormatted=01:28,%2026.%20Dez.%202020&hidebots=0&limit=100 HTTP/1.1" 200 8403 "-" "Mozilla/5.0 (compatible; MJ12bot/v1.4.8; http://mj12bot.com/)"
204.12.226.26 - - [08/Feb/2021:03:24:00 +0100] "GET /mediawiki/index.php?title=Spezial:Letzte_%C3%84nderungen&from=20201226002844&fromFormatted=01:28,%2026.%20Dez.%202020&hidebots=0&limit=250 HTTP/1.1" 200 8401 "-" "Mozilla/5.0 (compatible; MJ12bot/v1.4.8; http://mj12bot.com/)"
204.12.226.26 - - [08/Feb/2021:03:24:02 +0100] "GET /mediawiki/index.php?title=Spezial:Letzte_%C3%84nderungen&from=20201226002859&fromFormatted=01:28,%2026.%20Dez.%202020&hidebots=0&limit=500 HTTP/1.1" 200 8404 "-" "Mozilla/5.0 (compatible; MJ12bot/v1.4.8; http://mj12bot.com/)"
204.12.226.26 - - [08/Feb/2021:03:24:04 +0100] "GET /mediawiki/index.php?title=Spezial:Letzte_%C3%84nderungen&from=20201226002926&fromFormatted=01:29,%2026.%20Dez.%202020&hidemyself=1&days=14 HTTP/1.1" 200 9632 "-" "Mozilla/5.0 (compatible; MJ12bot/v1.4.8; http://mj12bot.com/)"
204.12.226.26 - - [08/Feb/2021:03:24:05 +0100] "GET /mediawiki/index.php?title=Spezial:Letzte_%C3%84nderungen&from=20201226002955&fromFormatted=01:29,%2026.%20Dez.%202020&hidemyself=1&days=30 HTTP/1.1" 200 12041 "-" "Mozilla/5.0 (compatible; MJ12bot/v1.4.8; http://mj12bot.com/)"
204.12.226.26 - - [08/Feb/2021:03:24:07 +0100] "GET /mediawiki/index.php?title=Spezial:Letzte_%C3%84nderungen&from=20201226003040&fromFormatted=01:30,%2026.%20Dez.%202020&hidemyself=1&hidebots=0 HTTP/1.1" 200 8409 "-" "Mozilla/5.0 (compatible; MJ12bot/v1.4.8; http://mj12bot.com/)"
204.12.226.26 - - [08/Feb/2021:03:24:09 +0100] "GET /mediawiki/index.php?title=Spezial:Letzte_%C3%84nderungen&from=20201226003047&fromFormatted=01:30,%2026.%20Dez.%202020&hidemyself=1&limit=100 HTTP/1.1" 200 8425 "-" "Mozilla/5.0 (compatible; MJ12bot/v1.4.8; http://mj12bot.com/)"
204.12.226.26 - - [08/Feb/2021:03:24:10 +0100] "GET /mediawiki/index.php?title=Spezial:Letzte_%C3%84nderungen&from=20201226003054&fromFormatted=01:30,%2026.%20Dez.%202020&hidemyself=1&limit=250 HTTP/1.1" 200 8422 "-" "Mozilla/5.0 (compatible; MJ12bot/v1.4.8; http://mj12bot.com/)"
204.12.226.26 - - [08/Feb/2021:03:24:12 +0100] "GET /mediawiki/index.php?title=Spezial:Letzte_%C3%84nderungen&from=20201226003104&fromFormatted=01:31,%2026.%20Dez.%202020&hidemyself=1&limit=500 HTTP/1.1" 200 8423 "-" "Mozilla/5.0 (compatible; MJ12bot/v1.4.8; http://mj12bot.com/)"
204.12.226.26 - - [08/Feb/2021:03:24:14 +0100] "GET /mediawiki/index.php?title=Spezial:Letzte_%C3%84nderungen&from=20201226003132&fromFormatted=01:31,%2026.%20Dez.%202020&userExpLevel=registered&days=14 HTTP/1.1" 200 9643 "-" "Mozilla/5.0 (compatible; MJ12bot/v1.4.8; http://mj12bot.com/)"
204.12.226.26 - - [08/Feb/2021:03:24:16 +0100] "GET /mediawiki/index.php?title=Spezial:Letzte_%C3%84nderungen&from=20201226003156&fromFormatted=01:31,%2026.%20Dez.%202020&userExpLevel=registered&days=30 HTTP/1.1" 200 12057 "-" "Mozilla/5.0 (compatible; MJ12bot/v1.4.8; http://mj12bot.com/)"
204.12.226.26 - - [08/Feb/2021:03:24:17 +0100] "GET /mediawiki/index.php?title=Spezial:Letzte_%C3%84nderungen&from=20201226003237&fromFormatted=01:32,%2026.%20Dez.%202020&userExpLevel=registered&hidebots=0 HTTP/1.1" 200 8417 "-" "Mozilla/5.0 (compatible; MJ12bot/v1.4.8; http://mj12bot.com/)"
37.230.43.146 - - [08/Feb/2021:03:24:19 +0100] "GET /nx/ocs/v2.php/apps/notifications/api/v2/notifications HTTP/1.1" 304 468 "-" "Mozilla/5.0 (Windows NT 10.0; Win64; x64; rv:85.0) Gecko/20100101 Firefox/85.0"
204.12.226.26 - - [08/Feb/2021:03:24:19 +0100] "GET /mediawiki/index.php?title=Spezial:Letzte_%C3%84nderungen&from=20201226003316&fromFormatted=01:33,%2026.%20Dez.%202020&userExpLevel=registered&hidemyself=1 HTTP/1.1" 200 8433 "-" "Mozilla/5.0 (compatible; MJ12bot/v1.4.8; http://mj12bot.com/)"
204.12.226.26 - - [08/Feb/2021:03:24:21 +0100] "GET /mediawiki/index.php?title=Spezial:Letzte_%C3%84nderungen&from=20201226003323&fromFormatted=01:33,%2026.%20Dez.%202020&userExpLevel=registered&limit=250 HTTP/1.1" 200 8431 "-" "Mozilla/5.0 (compatible; MJ12bot/v1.4.8; http://mj12bot.com/)"
204.12.226.26 - - [08/Feb/2021:03:24:22 +0100] "GET /mediawiki/index.php?title=Spezial:Letzte_%C3%84nderungen&from=20201226003331&fromFormatted=01:33,%2026.%20Dez.%202020&userExpLevel=registered&limit=500 HTTP/1.1" 200 8432 "-" "Mozilla/5.0 (compatible; MJ12bot/v1.4.8; http://mj12bot.com/)"
204.12.226.26 - - [08/Feb/2021:03:24:24 +0100] "GET /mediawiki/index.php?title=Spezial:Letzte_%C3%84nderungen&from=20201226003855&fromFormatted=01:38,%2026.%20Dez.%202020&hidebots=0&days=30 HTTP/1.1" 200 12007 "-" "Mozilla/5.0 (compatible; MJ12bot/v1.4.8; http://mj12bot.com/)"
204.12.226.26 - - [08/Feb/2021:03:24:26 +0100] "GET /mediawiki/index.php?title=Spezial:Letzte_%C3%84nderungen&from=20201226003925&fromFormatted=01:39,%2026.%20Dez.%202020&hideminor=1&days=30 HTTP/1.1" 200 10653 "-" "Mozilla/5.0 (compatible; MJ12bot/v1.4.8; http://mj12bot.com/)"
204.12.226.26 - - [08/Feb/2021:03:24:27 +0100] "GET /mediawiki/index.php?title=Spezial:Letzte_%C3%84nderungen&from=20201226003945&fromFormatted=01:39,%2026.%20Dez.%202020&hideminor=1&limit=100 HTTP/1.1" 404 30427 "-" "Mozilla/5.0 (compatible; MJ12bot/v1.4.8; http://mj12bot.com/)"
37.230.43.146 - - [08/Feb/2021:03:24:22 +0100] "GET /nx/index.php/apps/integration_reddit/notifications HTTP/1.1" 200 11759 "-" "Mozilla/5.0 (Windows NT 10.0; Win64; x64; rv:85.0) Gecko/20100101 Firefox/85.0"
204.12.226.26 - - [08/Feb/2021:03:24:29 +0100] "GET /mediawiki/index.php?title=Spezial:Letzte_%C3%84nderungen&from=20201226003956&fromFormatted=01:39,%2026.%20Dez.%202020&hideminor=1&limit=500 HTTP/1.1" 404 30427 "-" "Mozilla/5.0 (compatible; MJ12bot/v1.4.8; http://mj12bot.com/)"
204.12.226.26 - - [08/Feb/2021:03:24:31 +0100] "GET /mediawiki/index.php?title=Spezial:Letzte_%C3%84nderungen&from=20201226004006&fromFormatted=01:40,%2026.%20Dez.%202020&hideminor=1 HTTP/1.1" 404 30184 "-" "Mozilla/5.0 (compatible; MJ12bot/v1.4.8; http://mj12bot.com/)"
204.12.226.26 - - [08/Feb/2021:03:24:33 +0100] "GET /mediawiki/index.php?title=Spezial:Letzte_%C3%84nderungen&from=20201226004015&fromFormatted=01:40,%2026.%20Dez.%202020&limit=250 HTTP/1.1" 200 8389 "-" "Mozilla/5.0 (compatible; MJ12bot/v1.4.8; http://mj12bot.com/)"
204.12.226.26 - - [08/Feb/2021:03:24:34 +0100] "GET /mediawiki/index.php?title=Spezial:Letzte_%C3%84nderungen&from=20201226004026&fromFormatted=01:40,%2026.%20Dez.%202020&userExpLevel=registered&days=14 HTTP/1.1" 200 9645 "-" "Mozilla/5.0 (compatible; MJ12bot/v1.4.8; http://mj12bot.com/)"
204.12.226.26 - - [08/Feb/2021:03:24:36 +0100] "GET /mediawiki/index.php?title=Spezial:Letzte_%C3%84nderungen&from=20201226004110&fromFormatted=01:41,%2026.%20Dez.%202020&userExpLevel=registered&hidebots=0 HTTP/1.1" 200 8417 "-" "Mozilla/5.0 (compatible; MJ12bot/v1.4.8; http://mj12bot.com/)"
204.12.226.26 - - [08/Feb/2021:03:24:38 +0100] "GET /mediawiki/index.php?title=Spezial:Letzte_%C3%84nderungen&from=20201226004145&fromFormatted=01:41,%2026.%20Dez.%202020&userExpLevel=registered&hideminor=1 HTTP/1.1" 404 30805 "-" "Mozilla/5.0 (compatible; MJ12bot/v1.4.8; http://mj12bot.com/)"
204.12.226.26 - - [08/Feb/2021:03:24:39 +0100] "GET /mediawiki/index.php?title=Spezial:Letzte_%C3%84nderungen&from=20201226004220&fromFormatted=01:42,%2026.%20Dez.%202020&userExpLevel=registered&limit=100 HTTP/1.1" 200 8433 "-" "Mozilla/5.0 (compatible; MJ12bot/v1.4.8; http://mj12bot.com/)"
144.76.118.82 - - [08/Feb/2021:03:24:40 +0100] "GET /robots.txt HTTP/1.1" 404 3652 "-" "Mozilla/5.0 (compatible; MJ12bot/v1.4.8; http://mj12bot.com/)"
204.12.226.26 - - [08/Feb/2021:03:24:41 +0100] "GET /mediawiki/index.php?title=Spezial:Letzte_%C3%84nderungen&from=20201226083804&fromFormatted=09:38,%2026.%20Dez.%202020&hideminor=1&days=30 HTTP/1.1" 200 10654 "-" "Mozilla/5.0 (compatible; MJ12bot/v1.4.8; http://mj12bot.com/)"
204.12.226.26 - - [08/Feb/2021:03:24:43 +0100] "GET /mediawiki/index.php?title=Spezial:Letzte_%C3%84nderungen&from=20201226083838&fromFormatted=09:38,%2026.%20Dez.%202020&hideminor=1&limit=100 HTTP/1.1" 404 30427 "-" "Mozilla/5.0 (compatible; MJ12bot/v1.4.8; http://mj12bot.com/)"
204.12.226.26 - - [08/Feb/2021:03:24:44 +0100] "GET /mediawiki/index.php?title=Spezial:Letzte_%C3%84nderungen&from=20201226083905&fromFormatted=09:39,%2026.%20Dez.%202020&hideminor=1&limit=250 HTTP/1.1" 404 30427 "-" "Mozilla/5.0 (compatible; MJ12bot/v1.4.8; http://mj12bot.com/)"
204.12.226.26 - - [08/Feb/2021:03:24:46 +0100] "GET /mediawiki/index.php?title=Spezial:Letzte_%C3%84nderungen&from=20201226083945&fromFormatted=09:39,%2026.%20Dez.%202020&hideminor=1&limit=500 HTTP/1.1" 404 30427 "-" "Mozilla/5.0 (compatible; MJ12bot/v1.4.8; http://mj12bot.com/)"
144.76.118.82 - - [08/Feb/2021:03:24:47 +0100] "GET /mediawiki/index.php/Spezial:Beitr%C3%A4ge HTTP/1.1" 200 6404 "-" "Mozilla/5.0 (compatible; MJ12bot/v1.4.8; http://mj12bot.com/)"
204.12.226.26 - - [08/Feb/2021:03:24:48 +0100] "GET /mediawiki/index.php?title=Spezial:Letzte_%C3%84nderungen&from=20201226084012&fromFormatted=09:40,%2026.%20Dez.%202020&userExpLevel=registered&days=14 HTTP/1.1" 200 9645 "-" "Mozilla/5.0 (compatible; MJ12bot/v1.4.8; http://mj12bot.com/)"
37.230.43.146 - - [08/Feb/2021:03:24:49 +0100] "GET /nx/ocs/v2.php/apps/notifications/api/v2/notifications HTTP/1.1" 304 468 "-" "Mozilla/5.0 (Windows NT 10.0; Win64; x64; rv:85.0) Gecko/20100101 Firefox/85.0"
204.12.226.26 - - [08/Feb/2021:03:24:50 +0100] "GET /mediawiki/index.php?title=Spezial:Letzte_%C3%84nderungen&from=20201226212352&fromFormatted=22:23,%2026.%20Dez.%202020&days=14&printable=yes HTTP/1.1" 200 9555 "-" "Mozilla/5.0 (compatible; MJ12bot/v1.4.8; http://mj12bot.com/)"
204.12.226.26 - - [08/Feb/2021:03:24:51 +0100] "GET /mediawiki/index.php?title=Spezial:Letzte_%C3%84nderungen&from=20210117011028&fromFormatted=02:10,%2017.%20Jan.%202021&days=30&limit=500 HTTP/1.1" 200 11200 "-" "Mozilla/5.0 (compatible; MJ12bot/v1.4.8; http://mj12bot.com/)"
144.76.118.82 - - [08/Feb/2021:03:24:53 +0100] "GET /mediawiki/index.php/Spezial:Beitr%C3%A4ge/MediaWiki_default HTTP/1.1" 200 7015 "-" "Mozilla/5.0 (compatible; MJ12bot/v1.4.8; http://mj12bot.com/)"
204.12.226.26 - - [08/Feb/2021:03:24:53 +0100] "GET /mediawiki/index.php?title=Spezial:Letzte_%C3%84nderungen&from=20210123124433&fromFormatted=13:44,%2023.%20Jan.%202021&hidebots=0&limit=250 HTTP/1.1" 200 8398 "-" "Mozilla/5.0 (compatible; MJ12bot/v1.4.8; http://mj12bot.com/)"
204.12.226.26 - - [08/Feb/2021:03:24:55 +0100] "GET /mediawiki/index.php?title=Spezial:Letzte_%C3%84nderungen&from=20210123124435&fromFormatted=13:44,%2023.%20Jan.%202021&hideminor=1&limit=250 HTTP/1.1" 404 30427 "-" "Mozilla/5.0 (compatible; MJ12bot/v1.4.8; http://mj12bot.com/)"
204.12.226.26 - - [08/Feb/2021:03:24:57 +0100] "GET /mediawiki/index.php?title=Spezial:Letzte_%C3%84nderungen&from=20210123124437&fromFormatted=13:44,%2023.%20Jan.%202021&hidemyself=1&limit=250 HTTP/1.1" 200 8419 "-" "Mozilla/5.0 (compatible; MJ12bot/v1.4.8; http://mj12bot.com/)"
204.12.226.26 - - [08/Feb/2021:03:24:58 +0100] "GET /mediawiki/index.php?title=Spezial:Letzte_%C3%84nderungen&from=20210123124439&fromFormatted=13:44,%2023.%20Jan.%202021&limit=250 HTTP/1.1" 200 8385 "-" "Mozilla/5.0 (compatible; MJ12bot/v1.4.8; http://mj12bot.com/)"
204.12.226.26 - - [08/Feb/2021:03:25:00 +0100] "GET /mediawiki/index.php?title=Spezial:Letzte_%C3%84nderungen&from=20210123124441&fromFormatted=13:44,%2023.%20Jan.%202021&userExpLevel=registered&limit=250 HTTP/1.1" 200 8428 "-" "Mozilla/5.0 (compatible; MJ12bot/v1.4.8; http://mj12bot.com/)"
204.12.226.26 - - [08/Feb/2021:03:25:02 +0100] "GET /mediawiki/index.php?title=Spezial:Letzte_%C3%84nderungen&from=20210123124450&fromFormatted=13:44,%2023.%20Jan.%202021&userExpLevel=registered&days=14 HTTP/1.1" 200 9642 "-" "Mozilla/5.0 (compatible; MJ12bot/v1.4.8; http://mj12bot.com/)"
144.76.118.82 - - [08/Feb/2021:03:25:02 +0100] "GET /mediawiki/index.php/Spezial:Beitr%C3%A4ge/Raz0rsedge HTTP/1.1" 200 10091 "-" "Mozilla/5.0 (compatible; MJ12bot/v1.4.8; http://mj12bot.com/)"
204.12.226.26 - - [08/Feb/2021:03:25:03 +0100] "GET /mediawiki/index.php?title=Spezial:Letzte_%C3%84nderungen&from=20210123124452&fromFormatted=13:44,%2023.%20Jan.%202021&userExpLevel=registered&days=30 HTTP/1.1" 200 9761 "-" "Mozilla/5.0 (compatible; MJ12bot/v1.4.8; http://mj12bot.com/)"
204.12.226.26 - - [08/Feb/2021:03:25:05 +0100] "GET /mediawiki/index.php?title=Spezial:Letzte_%C3%84nderungen&from=20210123124454&fromFormatted=13:44,%2023.%20Jan.%202021&userExpLevel=registered&hidebots=0 HTTP/1.1" 200 8414 "-" "Mozilla/5.0 (compatible; MJ12bot/v1.4.8; http://mj12bot.com/)"
204.12.226.26 - - [08/Feb/2021:03:25:07 +0100] "GET /mediawiki/index.php?title=Spezial:Letzte_%C3%84nderungen&from=20210123124456&fromFormatted=13:44,%2023.%20Jan.%202021&userExpLevel=registered&hideminor=1 HTTP/1.1" 404 30805 "-" "Mozilla/5.0 (compatible; MJ12bot/v1.4.8; http://mj12bot.com/)"
204.12.226.26 - - [08/Feb/2021:03:25:08 +0100] "GET /mediawiki/index.php?title=Spezial:Letzte_%C3%84nderungen&from=20210123124457&fromFormatted=13:44,%2023.%20Jan.%202021&userExpLevel=registered&hidemyself=1 HTTP/1.1" 200 8430 "-" "Mozilla/5.0 (compatible; MJ12bot/v1.4.8; http://mj12bot.com/)"
144.76.118.82 - - [08/Feb/2021:03:25:10 +0100] "GET /mediawiki/index.php/Spezial:Gesch%C3%BCtzte_Seiten HTTP/1.1" 200 6548 "-" "Mozilla/5.0 (compatible; MJ12bot/v1.4.8; http://mj12bot.com/)"
204.12.226.26 - - [08/Feb/2021:03:25:10 +0100] "GET /mediawiki/index.php?title=Spezial:Letzte_%C3%84nderungen&from=20210123124459&fromFormatted=13:44,%2023.%20Jan.%202021&userExpLevel=registered HTTP/1.1" 200 8400 "-" "Mozilla/5.0 (compatible; MJ12bot/v1.4.8; http://mj12bot.com/)"
204.12.226.26 - - [08/Feb/2021:03:25:12 +0100] "GET /mediawiki/index.php?title=Spezial:Letzte_%C3%84nderungen&from=20210123124505&fromFormatted=13:45,%2023.%20Jan.%202021&userExpLevel=registered&hideminor=1 HTTP/1.1" 404 30805 "-" "Mozilla/5.0 (compatible; MJ12bot/v1.4.8; http://mj12bot.com/)"
204.12.226.26 - - [08/Feb/2021:03:25:13 +0100] "GET /mediawiki/index.php?title=Spezial:Letzte_%C3%84nderungen&from=20210123124507&fromFormatted=13:45,%2023.%20Jan.%202021&userExpLevel=registered&limit=100 HTTP/1.1" 200 8432 "-" "Mozilla/5.0 (compatible; MJ12bot/v1.4.8; http://mj12bot.com/)"
204.12.226.26 - - [08/Feb/2021:03:25:15 +0100] "GET /mediawiki/index.php?title=Spezial:Letzte_%C3%84nderungen&from=20210123124509&fromFormatted=13:45,%2023.%20Jan.%202021&userExpLevel=registered&limit=250 HTTP/1.1" 200 8429 "-" "Mozilla/5.0 (compatible; MJ12bot/v1.4.8; http://mj12bot.com/)"
204.12.226.26 - - [08/Feb/2021:03:25:17 +0100] "GET /mediawiki/index.php?title=Spezial:Letzte_%C3%84nderungen&from=20210123124511&fromFormatted=13:45,%2023.%20Jan.%202021&userExpLevel=registered&limit=500 HTTP/1.1" 200 8428 "-" "Mozilla/5.0 (compatible; MJ12bot/v1.4.8; http://mj12bot.com/)"
204.12.226.26 - - [08/Feb/2021:03:25:19 +0100] "GET /mediawiki/index.php?title=Spezial:Letzte_%C3%84nderungen&from=20210123124513&fromFormatted=13:45,%2023.%20Jan.%202021&userExpLevel=registered&limit=500 HTTP/1.1" 200 8426 "-" "Mozilla/5.0 (compatible; MJ12bot/v1.4.8; http://mj12bot.com/)"
37.230.43.146 - - [08/Feb/2021:03:25:19 +0100] "GET /nx/ocs/v2.php/apps/notifications/api/v2/notifications HTTP/1.1" 304 468 "-" "Mozilla/5.0 (Windows NT 10.0; Win64; x64; rv:85.0) Gecko/20100101 Firefox/85.0"
144.76.118.82 - - [08/Feb/2021:03:25:20 +0100] "GET /mediawiki/index.php/Spezial:Gesch%C3%BCtzte_Titel HTTP/1.1" 200 5329 "-" "Mozilla/5.0 (compatible; MJ12bot/v1.4.8; http://mj12bot.com/)"
204.12.226.26 - - [08/Feb/2021:03:25:20 +0100] "GET /mediawiki/index.php?title=Spezial:Letzte_%C3%84nderungen&from=20210123124515&fromFormatted=13:45,%2023.%20Jan.%202021&userExpLevel=registered HTTP/1.1" 200 8397 "-" "Mozilla/5.0 (compatible; MJ12bot/v1.4.8; http://mj12bot.com/)"
204.12.226.26 - - [08/Feb/2021:03:25:22 +0100] "GET /mediawiki/index.php?title=Spezial:Letzte_%C3%84nderungen&from=20210123163536&fromFormatted=17:35,%2023.%20Jan.%202021&userExpLevel=registered HTTP/1.1" 200 8400 "-" "Mozilla/5.0 (compatible; MJ12bot/v1.4.8; http://mj12bot.com/)"
144.76.118.82 - - [08/Feb/2021:03:25:23 +0100] "GET /mediawiki/index.php/Spezial:Gew%C3%BCnschte_Dateien HTTP/1.1" 200 4144 "-" "Mozilla/5.0 (compatible; MJ12bot/v1.4.8; http://mj12bot.com/)"
204.12.226.26 - - [08/Feb/2021:03:25:24 +0100] "GET /mediawiki/index.php?title=Spezial:Letzte_%C3%84nderungen&from=20210123163602&fromFormatted=17:36,%2023.%20Jan.%202021&hideminor=1&days=14 HTTP/1.1" 200 8607 "-" "Mozilla/5.0 (compatible; MJ12bot/v1.4.8; http://mj12bot.com/)"
204.12.226.26 - - [08/Feb/2021:03:25:25 +0100] "GET /mediawiki/index.php?title=Spezial:Letzte_%C3%84nderungen&from=20210123210924&fromFormatted=22:09,%2023.%20Jan.%202021&hidemyself=1&limit=500 HTTP/1.1" 200 8417 "-" "Mozilla/5.0 (compatible; MJ12bot/v1.4.8; http://mj12bot.com/)"
204.12.226.26 - - [08/Feb/2021:03:25:27 +0100] "GET /mediawiki/index.php?title=Spezial:Letzte_%C3%84nderungen&from=20210123210927&fromFormatted=22:09,%2023.%20Jan.%202021&limit=500 HTTP/1.1" 200 8383 "-" "Mozilla/5.0 (compatible; MJ12bot/v1.4.8; http://mj12bot.com/)"
37.230.43.146 - - [08/Feb/2021:03:25:22 +0100] "GET /nx/index.php/apps/integration_reddit/notifications HTTP/1.1" 200 10414 "-" "Mozilla/5.0 (Windows NT 10.0; Win64; x64; rv:85.0) Gecko/20100101 Firefox/85.0"
204.12.226.26 - - [08/Feb/2021:03:25:29 +0100] "GET /mediawiki/index.php?title=Spezial:Letzte_%C3%84nderungen&from=20210123210935&fromFormatted=22:09,%2023.%20Jan.%202021 HTTP/1.1" 200 8363 "-" "Mozilla/5.0 (compatible; MJ12bot/v1.4.8; http://mj12bot.com/)"
204.12.226.26 - - [08/Feb/2021:03:25:31 +0100] "GET /mediawiki/index.php?title=Spezial:Letzte_%C3%84nderungen&from=20210123210938&fromFormatted=22:09,%2023.%20Jan.%202021&userExpLevel=registered HTTP/1.1" 200 8397 "-" "Mozilla/5.0 (compatible; MJ12bot/v1.4.8; http://mj12bot.com/)"
144.76.118.82 - - [08/Feb/2021:03:25:31 +0100] "GET /mediawiki/index.php/Spezial:Gew%C3%BCnschte_Kategorien HTTP/1.1" 200 3942 "-" "Mozilla/5.0 (compatible; MJ12bot/v1.4.8; http://mj12bot.com/)"
204.12.226.26 - - [08/Feb/2021:03:25:32 +0100] "GET /mediawiki/index.php?title=Spezial:Letzte_%C3%84nderungen&from=20210123210945&fromFormatted=22:09,%2023.%20Jan.%202021&hidebots=0 HTTP/1.1" 200 8371 "-" "Mozilla/5.0 (compatible; MJ12bot/v1.4.8; http://mj12bot.com/)"
204.12.226.26 - - [08/Feb/2021:03:25:34 +0100] "GET /mediawiki/index.php?title=Spezial:Letzte_%C3%84nderungen&from=20210123210947&fromFormatted=22:09,%2023.%20Jan.%202021&hideminor=1 HTTP/1.1" 404 30184 "-" "Mozilla/5.0 (compatible; MJ12bot/v1.4.8; http://mj12bot.com/)"
204.12.226.26 - - [08/Feb/2021:03:25:36 +0100] "GET /mediawiki/index.php?title=Spezial:Letzte_%C3%84nderungen&days=14&from= HTTP/1.1" 200 9517 "-" "Mozilla/5.0 (compatible; MJ12bot/v1.4.8; http://mj12bot.com/)"
144.76.118.82 - - [08/Feb/2021:03:25:38 +0100] "GET /mediawiki/index.php/Spezial:Gew%C3%BCnschte_Seiten HTTP/1.1" 200 4069 "-" "Mozilla/5.0 (compatible; MJ12bot/v1.4.8; http://mj12bot.com/)"
144.76.118.82 - - [08/Feb/2021:03:25:45 +0100] "GET /mediawiki/index.php/Spezial:Gew%C3%BCnschte_Vorlagen HTTP/1.1" 200 3945 "-" "Mozilla/5.0 (compatible; MJ12bot/v1.4.8; http://mj12bot.com/)"
37.230.43.146 - - [08/Feb/2021:03:25:49 +0100] "GET /nx/ocs/v2.php/apps/notifications/api/v2/notifications HTTP/1.1" 304 468 "-" "Mozilla/5.0 (Windows NT 10.0; Win64; x64; rv:85.0) Gecko/20100101 Firefox/85.0"
144.76.118.82 - - [08/Feb/2021:03:25:52 +0100] "GET /mediawiki/index.php/Spezial:L%C3%A4ngste_Seiten HTTP/1.1" 200 4989 "-" "Mozilla/5.0 (compatible; MJ12bot/v1.4.8; http://mj12bot.com/)"
106.11.152.104 - - [08/Feb/2021:03:25:57 +0100] "GET / HTTP/1.1" 200 4895 "-" "Mozilla/5.0 (Windows NT 6.1; Win64; x64) AppleWebKit/537.36 (KHTML, like Gecko) Chrome/69.0.3497.81 YisouSpider/5.0 Safari/537.36"
106.11.157.46 - - [08/Feb/2021:03:25:58 +0100] "GET /screen.php HTTP/1.1" 200 3870 "https://raz0rsedge.de/" "Mozilla/5.0 (Windows NT 6.1; Win64; x64) AppleWebKit/537.36 (KHTML, like Gecko) Chrome/69.0.3497.81 YisouSpider/5.0 Safari/537.36"
106.11.157.75 - - [08/Feb/2021:03:25:59 +0100] "GET /style.css HTTP/1.1" 200 4726 "https://raz0rsedge.de/" "Mozilla/5.0 (Windows NT 6.1; Win64; x64) AppleWebKit/537.36 (KHTML, like Gecko) Chrome/69.0.3497.81 YisouSpider/5.0 Safari/537.36"
144.76.118.82 - - [08/Feb/2021:03:25:59 +0100] "GET /mediawiki/index.php/Spezial:Pr%C3%A4fixindex HTTP/1.1" 200 5306 "-" "Mozilla/5.0 (compatible; MJ12bot/v1.4.8; http://mj12bot.com/)"
42.120.161.107 - - [08/Feb/2021:03:26:00 +0100] "GET /style.css HTTP/1.1" 200 4726 "https://raz0rsedge.de/screen.php" "Mozilla/5.0 (Windows NT 6.1; Win64; x64) AppleWebKit/537.36 (KHTML, like Gecko) Chrome/69.0.3497.81 YisouSpider/5.0 Safari/537.36"
144.76.118.82 - - [08/Feb/2021:03:26:05 +0100] "GET /mediawiki/index.php/Spezial:Zuf%C3%A4llig_in_Kategorie HTTP/1.1" 200 4795 "-" "Mozilla/5.0 (compatible; MJ12bot/v1.4.8; http://mj12bot.com/)"
144.76.118.82 - - [08/Feb/2021:03:26:12 +0100] "GET /mediawiki/index.php/Spezial:Zuf%C3%A4llige_Weiterleitung HTTP/1.1" 200 3911 "-" "Mozilla/5.0 (compatible; MJ12bot/v1.4.8; http://mj12bot.com/)"
37.230.43.146 - - [08/Feb/2021:03:26:19 +0100] "GET /nx/ocs/v2.php/apps/notifications/api/v2/notifications HTTP/1.1" 304 468 "-" "Mozilla/5.0 (Windows NT 10.0; Win64; x64; rv:85.0) Gecko/20100101 Firefox/85.0"
144.76.118.82 - - [08/Feb/2021:03:26:20 +0100] "GET /mediawiki/index.php/Spezial:%C3%84lteste_Seiten HTTP/1.1" 200 4899 "-" "Mozilla/5.0 (compatible; MJ12bot/v1.4.8; http://mj12bot.com/)"
144.76.118.82 - - [08/Feb/2021:03:26:28 +0100] "GET /mediawiki/index.php?title=Spezial:Anmelden&returnto=AirSpaceWatch%20%26%20More:%C3%9Cber%20AirSpaceWatch%20%26%20More HTTP/1.1" 200 4702 "-" "Mozilla/5.0 (compatible; MJ12bot/v1.4.8; http://mj12bot.com/)"
37.230.43.146 - - [08/Feb/2021:03:26:22 +0100] "GET /nx/index.php/apps/integration_reddit/notifications HTTP/1.1" 200 13573 "-" "Mozilla/5.0 (Windows NT 10.0; Win64; x64; rv:85.0) Gecko/20100101 Firefox/85.0"
144.76.118.82 - - [08/Feb/2021:03:26:36 +0100] "GET /mediawiki/index.php?title=Spezial:Anmelden&returnto=AirSpaceWatch%20%26%20More:%C3%9Cber%20AirSpaceWatch%20%26%20More&returntoquery=action=info&printable=yes HTTP/1.1" 200 4682 "-" "Mozilla/5.0 (compatible; MJ12bot/v1.4.8; http://mj12bot.com/)"
144.76.118.82 - - [08/Feb/2021:03:26:43 +0100] "GET /mediawiki/index.php?title=Spezial:Anmelden&returnto=AirSpaceWatch%20%26%20More:%C3%9Cber%20AirSpaceWatch%20%26%20More&returntoquery=oldid=182 HTTP/1.1" 200 4725 "-" "Mozilla/5.0 (compatible; MJ12bot/v1.4.8; http://mj12bot.com/)"
37.230.43.146 - - [08/Feb/2021:03:26:49 +0100] "GET /nx/ocs/v2.php/apps/notifications/api/v2/notifications HTTP/1.1" 304 468 "-" "Mozilla/5.0 (Windows NT 10.0; Win64; x64; rv:85.0) Gecko/20100101 Firefox/85.0"
144.76.118.82 - - [08/Feb/2021:03:26:50 +0100] "GET /mediawiki/index.php?title=Spezial:Anmelden&returnto=AirSpaceWatch%20%26%20More:%C3%9Cber%20AirSpaceWatch%20%26%20More&returntoquery=oldid=182%26printable=yes HTTP/1.1" 200 4733 "-" "Mozilla/5.0 (compatible; MJ12bot/v1.4.8; http://mj12bot.com/)"
144.76.118.82 - - [08/Feb/2021:03:26:58 +0100] "GET /mediawiki/index.php?title=Spezial:Anmelden&returnto=AirSpaceWatch%20%26%20More:%C3%9Cber%20AirSpaceWatch%20%26%20More&returntoquery=oldid=182&printable=yes HTTP/1.1" 200 4684 "-" "Mozilla/5.0 (compatible; MJ12bot/v1.4.8; http://mj12bot.com/)"
144.76.118.82 - - [08/Feb/2021:03:27:06 +0100] "GET /mediawiki/index.php?title=Spezial:Anmelden&returnto=AirSpaceWatch%20%26%20More:%C3%9Cber%20AirSpaceWatch%20%26%20More&returntoquery=printable=yes HTTP/1.1" 200 4720 "-" "Mozilla/5.0 (compatible; MJ12bot/v1.4.8; http://mj12bot.com/)"
144.76.118.82 - - [08/Feb/2021:03:27:15 +0100] "GET /mediawiki/index.php?title=Spezial:Anmelden&returnto=AirSpaceWatch%20%26%20More:%C3%9Cber%20AirSpaceWatch%20%26%20More&returntoquery=printable=yes&printable=yes HTTP/1.1" 200 4681 "-" "Mozilla/5.0 (compatible; MJ12bot/v1.4.8; http://mj12bot.com/)"
37.230.43.146 - - [08/Feb/2021:03:27:19 +0100] "GET /nx/ocs/v2.php/apps/notifications/api/v2/notifications HTTP/1.1" 304 3485 "-" "Mozilla/5.0 (Windows NT 10.0; Win64; x64; rv:85.0) Gecko/20100101 Firefox/85.0"
37.230.43.146 - - [08/Feb/2021:03:27:20 +0100] "PUT /nx/index.php/apps/user_status/heartbeat HTTP/1.1" 204 871 "-" "Mozilla/5.0 (Windows NT 10.0; Win64; x64; rv:85.0) Gecko/20100101 Firefox/85.0"
37.230.43.146 - - [08/Feb/2021:03:27:20 +0100] "GET /nx/ocs/v2.php/apps/user_status/api/v1/user_status HTTP/1.1" 200 1087 "-" "Mozilla/5.0 (Windows NT 10.0; Win64; x64; rv:85.0) Gecko/20100101 Firefox/85.0"
144.76.118.82 - - [08/Feb/2021:03:27:20 +0100] "GET /mediawiki/index.php?title=Spezial:Anmelden&returnto=Spezial:%C3%84lteste%20Seiten HTTP/1.1" 200 4690 "-" "Mozilla/5.0 (compatible; MJ12bot/v1.4.8; http://mj12bot.com/)"
37.230.43.146 - - [08/Feb/2021:03:27:21 +0100] "PUT /nx/index.php/apps/user_status/heartbeat HTTP/1.1" 204 871 "-" "Mozilla/5.0 (Windows NT 10.0; Win64; x64; rv:85.0) Gecko/20100101 Firefox/85.0"
37.230.43.146 - - [08/Feb/2021:03:27:21 +0100] "GET /nx/ocs/v2.php/apps/user_status/api/v1/user_status HTTP/1.1" 200 1087 "-" "Mozilla/5.0 (Windows NT 10.0; Win64; x64; rv:85.0) Gecko/20100101 Firefox/85.0"
144.76.118.82 - - [08/Feb/2021:03:27:27 +0100] "GET /mediawiki/index.php?title=Spezial:Anmelden&returnto=Spezial:%C3%84lteste%20Seiten&printable=yes HTTP/1.1" 200 4660 "-" "Mozilla/5.0 (compatible; MJ12bot/v1.4.8; http://mj12bot.com/)"
37.230.43.146 - - [08/Feb/2021:03:27:22 +0100] "GET /nx/index.php/apps/integration_reddit/notifications HTTP/1.1" 200 11131 "-" "Mozilla/5.0 (Windows NT 10.0; Win64; x64; rv:85.0) Gecko/20100101 Firefox/85.0"
37.230.43.146 - - [08/Feb/2021:03:27:28 +0100] "GET /nx/index.php/apps/integration_reddit/avatar?subreddit=Art HTTP/1.1" 200 6941 "-" "Mozilla/5.0 (Windows NT 10.0; Win64; x64; rv:85.0) Gecko/20100101 Firefox/85.0"
144.76.118.82 - - [08/Feb/2021:03:27:36 +0100] "GET /mediawiki/index.php?title=Spezial:Anmelden&returnto=Spezial:%C3%84lteste%20Seiten&returntoquery=limit=100%26offset=0 HTTP/1.1" 200 4723 "-" "Mozilla/5.0 (compatible; MJ12bot/v1.4.8; http://mj12bot.com/)"
144.76.118.82 - - [08/Feb/2021:03:27:42 +0100] "GET /mediawiki/index.php?title=Spezial:Anmelden&returnto=Spezial:%C3%84lteste%20Seiten&returntoquery=limit=100%26offset=0%26printable=yes HTTP/1.1" 200 4733 "-" "Mozilla/5.0 (compatible; MJ12bot/v1.4.8; http://mj12bot.com/)"
37.230.43.146 - - [08/Feb/2021:03:27:49 +0100] "GET /nx/ocs/v2.php/apps/notifications/api/v2/notifications HTTP/1.1" 304 468 "-" "Mozilla/5.0 (Windows NT 10.0; Win64; x64; rv:85.0) Gecko/20100101 Firefox/85.0"
144.76.118.82 - - [08/Feb/2021:03:27:50 +0100] "GET /mediawiki/index.php?title=Spezial:Anmelden&returnto=Spezial:%C3%84lteste%20Seiten&returntoquery=limit=100%26offset=0%26printable=yes&printable=yes HTTP/1.1" 200 4690 "-" "Mozilla/5.0 (compatible; MJ12bot/v1.4.8; http://mj12bot.com/)"
144.76.118.82 - - [08/Feb/2021:03:27:58 +0100] "GET /mediawiki/index.php?title=Spezial:Anmelden&returnto=Spezial:%C3%84lteste%20Seiten&returntoquery=limit=100%26offset=0&printable=yes HTTP/1.1" 200 4681 "-" "Mozilla/5.0 (compatible; MJ12bot/v1.4.8; http://mj12bot.com/)"
144.76.118.82 - - [08/Feb/2021:03:28:06 +0100] "GET /mediawiki/index.php?title=Spezial:Anmelden&returnto=Spezial:%C3%84lteste%20Seiten&returntoquery=limit=20%26offset=0 HTTP/1.1" 200 4724 "-" "Mozilla/5.0 (compatible; MJ12bot/v1.4.8; http://mj12bot.com/)"
144.76.118.82 - - [08/Feb/2021:03:28:15 +0100] "GET /mediawiki/index.php?title=Spezial:Anmelden&returnto=Spezial:%C3%84lteste%20Seiten&returntoquery=limit=20%26offset=0%26printable=yes HTTP/1.1" 200 4730 "-" "Mozilla/5.0 (compatible; MJ12bot/v1.4.8; http://mj12bot.com/)"
37.230.43.146 - - [08/Feb/2021:03:28:19 +0100] "GET /nx/ocs/v2.php/apps/notifications/api/v2/notifications HTTP/1.1" 304 468 "-" "Mozilla/5.0 (Windows NT 10.0; Win64; x64; rv:85.0) Gecko/20100101 Firefox/85.0"
144.76.118.82 - - [08/Feb/2021:03:28:21 +0100] "GET /mediawiki/index.php?title=Spezial:Anmelden&returnto=Spezial:%C3%84lteste%20Seiten&returntoquery=limit=20%26offset=0%26printable=yes&printable=yes HTTP/1.1" 200 4691 "-" "Mozilla/5.0 (compatible; MJ12bot/v1.4.8; http://mj12bot.com/)"
144.76.118.82 - - [08/Feb/2021:03:28:28 +0100] "GET /mediawiki/index.php?title=Spezial:Anmelden&returnto=Spezial:%C3%84lteste%20Seiten&returntoquery=limit=20%26offset=0&printable=yes HTTP/1.1" 200 4683 "-" "Mozilla/5.0 (compatible; MJ12bot/v1.4.8; http://mj12bot.com/)"
37.230.43.146 - - [08/Feb/2021:03:28:22 +0100] "GET /nx/index.php/apps/integration_reddit/notifications HTTP/1.1" 200 11920 "-" "Mozilla/5.0 (Windows NT 10.0; Win64; x64; rv:85.0) Gecko/20100101 Firefox/85.0"
144.76.118.82 - - [08/Feb/2021:03:28:35 +0100] "GET /mediawiki/index.php?title=Spezial:Anmelden&returnto=Spezial:%C3%84lteste%20Seiten&returntoquery=limit=250%26offset=0 HTTP/1.1" 200 4722 "-" "Mozilla/5.0 (compatible; MJ12bot/v1.4.8; http://mj12bot.com/)"
144.76.118.82 - - [08/Feb/2021:03:28:44 +0100] "GET /mediawiki/index.php?title=Spezial:Anmelden&returnto=Spezial:%C3%84lteste%20Seiten&returntoquery=limit=250%26offset=0%26printable=yes HTTP/1.1" 200 4733 "-" "Mozilla/5.0 (compatible; MJ12bot/v1.4.8; http://mj12bot.com/)"
37.230.43.146 - - [08/Feb/2021:03:28:49 +0100] "GET /nx/ocs/v2.php/apps/notifications/api/v2/notifications HTTP/1.1" 304 468 "-" "Mozilla/5.0 (Windows NT 10.0; Win64; x64; rv:85.0) Gecko/20100101 Firefox/85.0"
144.76.118.82 - - [08/Feb/2021:03:28:51 +0100] "GET /mediawiki/index.php?title=Spezial:Anmelden&returnto=Spezial:%C3%84lteste%20Seiten&returntoquery=limit=250%26offset=0%26printable=yes&printable=yes HTTP/1.1" 200 4691 "-" "Mozilla/5.0 (compatible; MJ12bot/v1.4.8; http://mj12bot.com/)"
213.133.113.84 - - [08/Feb/2021:03:28:59 +0100] "GET / HTTP/1.1" 200 8194 "-" "Hetzner System Monitoring"
37.230.43.146 - - [08/Feb/2021:03:29:19 +0100] "GET /nx/ocs/v2.php/apps/notifications/api/v2/notifications HTTP/1.1" 304 468 "-" "Mozilla/5.0 (Windows NT 10.0; Win64; x64; rv:85.0) Gecko/20100101 Firefox/85.0"
37.230.43.146 - - [08/Feb/2021:03:29:22 +0100] "GET /nx/index.php/apps/integration_reddit/notifications HTTP/1.1" 200 12651 "-" "Mozilla/5.0 (Windows NT 10.0; Win64; x64; rv:85.0) Gecko/20100101 Firefox/85.0"
37.230.43.146 - - [08/Feb/2021:03:29:49 +0100] "GET /nx/ocs/v2.php/apps/notifications/api/v2/notifications HTTP/1.1" 304 468 "-" "Mozilla/5.0 (Windows NT 10.0; Win64; x64; rv:85.0) Gecko/20100101 Firefox/85.0"
37.230.43.146 - - [08/Feb/2021:03:30:19 +0100] "GET /nx/ocs/v2.php/apps/notifications/api/v2/notifications HTTP/1.1" 304 468 "-" "Mozilla/5.0 (Windows NT 10.0; Win64; x64; rv:85.0) Gecko/20100101 Firefox/85.0"
37.230.43.146 - - [08/Feb/2021:03:30:22 +0100] "GET /nx/index.php/apps/integration_reddit/notifications HTTP/1.1" 200 11851 "-" "Mozilla/5.0 (Windows NT 10.0; Win64; x64; rv:85.0) Gecko/20100101 Firefox/85.0"
37.230.43.146 - - [08/Feb/2021:03:30:49 +0100] "GET /nx/ocs/v2.php/apps/notifications/api/v2/notifications HTTP/1.1" 304 468 "-" "Mozilla/5.0 (Windows NT 10.0; Win64; x64; rv:85.0) Gecko/20100101 Firefox/85.0"
37.230.43.146 - - [08/Feb/2021:03:31:19 +0100] "GET /nx/ocs/v2.php/apps/notifications/api/v2/notifications HTTP/1.1" 304 468 "-" "Mozilla/5.0 (Windows NT 10.0; Win64; x64; rv:85.0) Gecko/20100101 Firefox/85.0"
192.99.5.225 - - [08/Feb/2021:03:31:30 +0100] "GET /robots.txt HTTP/1.1" 404 3652 "-" "Mozilla/5.0 (compatible; MJ12bot/v1.4.8; http://mj12bot.com/)"
37.230.43.146 - - [08/Feb/2021:03:31:22 +0100] "GET /nx/index.php/apps/integration_reddit/notifications HTTP/1.1" 401 1197 "-" "Mozilla/5.0 (Windows NT 10.0; Win64; x64; rv:85.0) Gecko/20100101 Firefox/85.0"
192.99.5.225 - - [08/Feb/2021:03:31:37 +0100] "GET /mediawiki/index.php?title=Spezial:Letzte_%C3%84nderungen&days=14&from=&hideminor=1&limit=500 HTTP/1.1" 200 8554 "-" "Mozilla/5.0 (compatible; MJ12bot/v1.4.8; http://mj12bot.com/)"
37.230.43.146 - - [08/Feb/2021:03:31:49 +0100] "GET /nx/ocs/v2.php/apps/notifications/api/v2/notifications HTTP/1.1" 304 468 "-" "Mozilla/5.0 (Windows NT 10.0; Win64; x64; rv:85.0) Gecko/20100101 Firefox/85.0"
192.99.5.225 - - [08/Feb/2021:03:31:49 +0100] "GET /mediawiki/index.php?title=Spezial:Letzte_%C3%84nderungen&days=14&from=&hidemyself=1&limit=500 HTTP/1.1" 200 9575 "-" "Mozilla/5.0 (compatible; MJ12bot/v1.4.8; http://mj12bot.com/)"
192.99.5.225 - - [08/Feb/2021:03:32:03 +0100] "GET /mediawiki/index.php?title=Spezial:Letzte_%C3%84nderungen&days=14&from=&limit=100 HTTP/1.1" 200 9541 "-" "Mozilla/5.0 (compatible; MJ12bot/v1.4.8; http://mj12bot.com/)"
192.99.5.225 - - [08/Feb/2021:03:32:14 +0100] "GET /mediawiki/index.php?title=Spezial:Letzte_%C3%84nderungen&days=30&from=&hidebots=0 HTTP/1.1" 200 11922 "-" "Mozilla/5.0 (compatible; MJ12bot/v1.4.8; http://mj12bot.com/)"
37.230.43.146 - - [08/Feb/2021:03:32:19 +0100] "GET /nx/ocs/v2.php/apps/notifications/api/v2/notifications HTTP/1.1" 304 3485 "-" "Mozilla/5.0 (Windows NT 10.0; Win64; x64; rv:85.0) Gecko/20100101 Firefox/85.0"
37.230.43.146 - - [08/Feb/2021:03:32:20 +0100] "PUT /nx/index.php/apps/user_status/heartbeat HTTP/1.1" 204 871 "-" "Mozilla/5.0 (Windows NT 10.0; Win64; x64; rv:85.0) Gecko/20100101 Firefox/85.0"
37.230.43.146 - - [08/Feb/2021:03:32:20 +0100] "GET /nx/ocs/v2.php/apps/user_status/api/v1/user_status HTTP/1.1" 200 1087 "-" "Mozilla/5.0 (Windows NT 10.0; Win64; x64; rv:85.0) Gecko/20100101 Firefox/85.0"
37.230.43.146 - - [08/Feb/2021:03:32:21 +0100] "PUT /nx/index.php/apps/user_status/heartbeat HTTP/1.1" 204 871 "-" "Mozilla/5.0 (Windows NT 10.0; Win64; x64; rv:85.0) Gecko/20100101 Firefox/85.0"
37.230.43.146 - - [08/Feb/2021:03:32:21 +0100] "GET /nx/ocs/v2.php/apps/user_status/api/v1/user_status HTTP/1.1" 200 1087 "-" "Mozilla/5.0 (Windows NT 10.0; Win64; x64; rv:85.0) Gecko/20100101 Firefox/85.0"
192.99.5.225 - - [08/Feb/2021:03:32:23 +0100] "GET /mediawiki/index.php?title=Spezial:Letzte_%C3%84nderungen&days=30&from=&hidebots=0&hideminor=1 HTTP/1.1" 200 10580 "-" "Mozilla/5.0 (compatible; MJ12bot/v1.4.8; http://mj12bot.com/)"
192.99.5.225 - - [08/Feb/2021:03:32:46 +0100] "GET /mediawiki/index.php?title=Spezial:Letzte_%C3%84nderungen&days=30&from=&hidebots=0&limit=100 HTTP/1.1" 200 15145 "-" "Mozilla/5.0 (compatible; MJ12bot/v1.4.8; http://mj12bot.com/)"
37.230.43.146 - - [08/Feb/2021:03:32:49 +0100] "GET /nx/ocs/v2.php/apps/notifications/api/v2/notifications HTTP/1.1" 304 468 "-" "Mozilla/5.0 (Windows NT 10.0; Win64; x64; rv:85.0) Gecko/20100101 Firefox/85.0"
192.99.5.225 - - [08/Feb/2021:03:32:57 +0100] "GET /mediawiki/index.php?title=Spezial:Letzte_%C3%84nderungen&days=30&from=&hidebots=0&limit=250 HTTP/1.1" 200 15144 "-" "Mozilla/5.0 (compatible; MJ12bot/v1.4.8; http://mj12bot.com/)"
192.99.5.225 - - [08/Feb/2021:03:33:15 +0100] "GET /mediawiki/index.php?title=Spezial:Letzte_%C3%84nderungen&days=30&from=&hidebots=0&limit=500 HTTP/1.1" 200 15141 "-" "Mozilla/5.0 (compatible; MJ12bot/v1.4.8; http://mj12bot.com/)"
37.230.43.146 - - [08/Feb/2021:03:33:19 +0100] "GET /nx/ocs/v2.php/apps/notifications/api/v2/notifications HTTP/1.1" 304 468 "-" "Mozilla/5.0 (Windows NT 10.0; Win64; x64; rv:85.0) Gecko/20100101 Firefox/85.0"
192.99.5.225 - - [08/Feb/2021:03:33:26 +0100] "GET /mediawiki/index.php?title=Spezial:Letzte_%C3%84nderungen&days=30&from=&hideminor=1 HTTP/1.1" 200 13754 "-" "Mozilla/5.0 (compatible; MJ12bot/v1.4.8; http://mj12bot.com/)"
192.99.5.225 - - [08/Feb/2021:03:33:41 +0100] "GET /mediawiki/index.php?title=Spezial:Letzte_%C3%84nderungen&days=30&from=&hideminor=1&limit=100 HTTP/1.1" 200 13788 "-" "Mozilla/5.0 (compatible; MJ12bot/v1.4.8; http://mj12bot.com/)"
37.230.43.146 - - [08/Feb/2021:03:33:49 +0100] "GET /nx/ocs/v2.php/apps/notifications/api/v2/notifications HTTP/1.1" 304 468 "-" "Mozilla/5.0 (Windows NT 10.0; Win64; x64; rv:85.0) Gecko/20100101 Firefox/85.0"
192.99.5.225 - - [08/Feb/2021:03:33:52 +0100] "GET /mediawiki/index.php?title=Spezial:Letzte_%C3%84nderungen&days=30&from=&hideminor=1&limit=250 HTTP/1.1" 200 13788 "-" "Mozilla/5.0 (compatible; MJ12bot/v1.4.8; http://mj12bot.com/)"
192.99.5.225 - - [08/Feb/2021:03:34:13 +0100] "GET /mediawiki/index.php?title=Spezial:Letzte_%C3%84nderungen&days=30&from=&hideminor=1&limit=500 HTTP/1.1" 200 13785 "-" "Mozilla/5.0 (compatible; MJ12bot/v1.4.8; http://mj12bot.com/)"
37.230.43.146 - - [08/Feb/2021:03:34:19 +0100] "GET /nx/ocs/v2.php/apps/notifications/api/v2/notifications HTTP/1.1" 304 468 "-" "Mozilla/5.0 (Windows NT 10.0; Win64; x64; rv:85.0) Gecko/20100101 Firefox/85.0"
37.230.43.146 - - [08/Feb/2021:03:34:20 +0100] "GET /nx/index.php/csrftoken HTTP/1.1" 200 1030 "-" "Mozilla/5.0 (Windows NT 10.0; Win64; x64; rv:85.0) Gecko/20100101 Firefox/85.0"
192.99.5.225 - - [08/Feb/2021:03:34:22 +0100] "GET /mediawiki/index.php?title=Spezial:Letzte_%C3%84nderungen&days=30&from=&limit=250 HTTP/1.1" 200 15131 "-" "Mozilla/5.0 (compatible; MJ12bot/v1.4.8; http://mj12bot.com/)"
192.99.5.225 - - [08/Feb/2021:03:34:34 +0100] "GET /mediawiki/index.php?title=Spezial:Letzte_%C3%84nderungen&days=30&from=&userExpLevel=registered HTTP/1.1" 200 15158 "-" "Mozilla/5.0 (compatible; MJ12bot/v1.4.8; http://mj12bot.com/)"
192.99.5.225 - - [08/Feb/2021:03:34:48 +0100] "GET /mediawiki/index.php?title=Spezial:Letzte_%C3%84nderungen&days=30&from=&userExpLevel=registered&hidemyself=1 HTTP/1.1" 200 15190 "-" "Mozilla/5.0 (compatible; MJ12bot/v1.4.8; http://mj12bot.com/)"
