188.40.24.211 - - [08/Feb/2021:04:19:29 +0100] "GET / HTTP/1.1" 200 8194 "-" "Hetzner System Monitoring"
185.119.81.109 - - [08/Feb/2021:04:19:31 +0100] "GET /mediawiki HTTP/1.1" 301 3520 "-" "Mozilla/5.0 (Windows NT 10.0; Win64; x64) AppleWebKit/537.36 (KHTML, like Gecko) Chrome/74.0.3729.169 Safari/537.36"
185.119.81.109 - adva [08/Feb/2021:04:19:32 +0100] "GET /mediawiki/ HTTP/1.1" 301 562 "https://raz0rsedge.de/mediawiki" "Mozilla/5.0 (Windows NT 10.0; Win64; x64) AppleWebKit/537.36 (KHTML, like Gecko) Chrome/74.0.3729.169 Safari/537.36"
185.119.81.109 - adva [08/Feb/2021:04:19:32 +0100] "GET /mediawiki/index.php/Hauptseite HTTP/1.1" 200 9374 "https://raz0rsedge.de/mediawiki/" "Mozilla/5.0 (Windows NT 10.0; Win64; x64) AppleWebKit/537.36 (KHTML, like Gecko) Chrome/74.0.3729.169 Safari/537.36"
185.119.81.109 - - [08/Feb/2021:04:19:37 +0100] "GET /news.html HTTP/1.1" 200 3740 "-" "Mozilla/5.0 (Windows NT 10.0; Win64; x64) AppleWebKit/537.36 (KHTML, like Gecko) Chrome/74.0.3729.169 Safari/537.36"
185.119.81.109 - - [08/Feb/2021:04:19:43 +0100] "GET /pong HTTP/1.1" 301 3510 "-" "Mozilla/5.0 (Windows NT 10.0; Win64; x64) AppleWebKit/537.36 (KHTML, like Gecko) Chrome/74.0.3729.169 Safari/537.36"
185.119.81.109 - - [08/Feb/2021:04:19:43 +0100] "GET /pong/ HTTP/1.1" 200 1088 "https://raz0rsedge.de/pong" "Mozilla/5.0 (Windows NT 10.0; Win64; x64) AppleWebKit/537.36 (KHTML, like Gecko) Chrome/74.0.3729.169 Safari/537.36"
185.119.81.109 - - [08/Feb/2021:04:19:50 +0100] "GET /plopp HTTP/1.1" 301 3512 "-" "Mozilla/5.0 (Windows NT 10.0; Win64; x64) AppleWebKit/537.36 (KHTML, like Gecko) Chrome/74.0.3729.169 Safari/537.36"
185.119.81.109 - - [08/Feb/2021:04:19:50 +0100] "GET /plopp/ HTTP/1.1" 200 658 "https://raz0rsedge.de/plopp" "Mozilla/5.0 (Windows NT 10.0; Win64; x64) AppleWebKit/537.36 (KHTML, like Gecko) Chrome/74.0.3729.169 Safari/537.36"
37.230.43.146 - - [08/Feb/2021:04:19:50 +0100] "GET /nx/ocs/v2.php/apps/notifications/api/v2/notifications HTTP/1.1" 304 3485 "-" "Mozilla/5.0 (Windows NT 10.0; Win64; x64; rv:85.0) Gecko/20100101 Firefox/85.0"
185.119.81.109 - adva [08/Feb/2021:04:19:51 +0100] "GET /screen.php HTTP/1.1" 200 3678 "-" "Mozilla/5.0 (Windows NT 10.0; Win64; x64) AppleWebKit/537.36 (KHTML, like Gecko) Chrome/74.0.3729.169 Safari/537.36"
185.119.81.109 - adva [08/Feb/2021:04:19:53 +0100] "GET /webdav/VM/ HTTP/1.1" 401 3650 "-" "Mozilla/5.0 (Windows NT 10.0; Win64; x64) AppleWebKit/537.36 (KHTML, like Gecko) Chrome/74.0.3729.169 Safari/537.36"
185.119.81.109 - adva [08/Feb/2021:04:19:54 +0100] "GET /mediawiki/index.php/Hauptseite HTTP/1.1" 200 12379 "-" "Mozilla/5.0 (Windows NT 10.0; Win64; x64) AppleWebKit/537.36 (KHTML, like Gecko) Chrome/74.0.3729.169 Safari/537.36"
192.99.5.225 - - [08/Feb/2021:04:19:57 +0100] "GET /mediawiki/index.php?title=Spezial:Letzte_%C3%84nderungen&hideminor=1&hidemyself=1&hidebots=0&limit=250 HTTP/1.1" 404 34038 "-" "Mozilla/5.0 (compatible; MJ12bot/v1.4.8; http://mj12bot.com/)"
185.119.81.109 - adva [08/Feb/2021:04:19:59 +0100] "GET /mediawiki/index.php/RPi_BackUp HTTP/1.1" 200 8778 "-" "Mozilla/5.0 (Windows NT 10.0; Win64; x64) AppleWebKit/537.36 (KHTML, like Gecko) Chrome/74.0.3729.169 Safari/537.36"
185.119.81.109 - adva [08/Feb/2021:04:20:03 +0100] "GET /mediawiki/index.php/Messnetz_ETSL HTTP/1.1" 200 8091 "-" "Mozilla/5.0 (Windows NT 10.0; Win64; x64) AppleWebKit/537.36 (KHTML, like Gecko) Chrome/74.0.3729.169 Safari/537.36"
185.119.81.109 - adva [08/Feb/2021:04:20:05 +0100] "GET /mediawiki/index.php/Check_for_User HTTP/1.1" 200 8740 "-" "Mozilla/5.0 (Windows NT 10.0; Win64; x64) AppleWebKit/537.36 (KHTML, like Gecko) Chrome/74.0.3729.169 Safari/537.36"
185.119.81.109 - adva [08/Feb/2021:04:20:09 +0100] "GET /mediawiki/index.php/FFMPEG_Converter HTTP/1.1" 200 9177 "-" "Mozilla/5.0 (Windows NT 10.0; Win64; x64) AppleWebKit/537.36 (KHTML, like Gecko) Chrome/74.0.3729.169 Safari/537.36"
185.119.81.109 - adva [08/Feb/2021:04:20:16 +0100] "GET /mediawiki/index.php/FlowV8_EDAD_json HTTP/1.1" 200 28948 "-" "Mozilla/5.0 (Windows NT 10.0; Win64; x64) AppleWebKit/537.36 (KHTML, like Gecko) Chrome/74.0.3729.169 Safari/537.36"
192.99.5.225 - - [08/Feb/2021:04:20:19 +0100] "GET /mediawiki/index.php?title=Spezial:Letzte_%C3%84nderungen&hideminor=1&hidemyself=1&hidebots=0&limit=500 HTTP/1.1" 404 34038 "-" "Mozilla/5.0 (compatible; MJ12bot/v1.4.8; http://mj12bot.com/)"
37.230.43.146 - - [08/Feb/2021:04:20:22 +0100] "GET /nx/ocs/v2.php/apps/notifications/api/v2/notifications HTTP/1.1" 304 468 "-" "Mozilla/5.0 (Windows NT 10.0; Win64; x64; rv:85.0) Gecko/20100101 Firefox/85.0"
185.119.81.109 - adva [08/Feb/2021:04:20:24 +0100] "GET /mediawiki/index.php/MatrixIO_Recorder HTTP/1.1" 200 8652 "-" "Mozilla/5.0 (Windows NT 10.0; Win64; x64) AppleWebKit/537.36 (KHTML, like Gecko) Chrome/74.0.3729.169 Safari/537.36"
185.119.81.109 - adva [08/Feb/2021:04:20:31 +0100] "GET /mediawiki/index.php/WS2811B_RGB_LED_RPi HTTP/1.1" 200 8511 "-" "Mozilla/5.0 (Windows NT 10.0; Win64; x64) AppleWebKit/537.36 (KHTML, like Gecko) Chrome/74.0.3729.169 Safari/537.36"
185.119.81.109 - adva [08/Feb/2021:04:20:32 +0100] "GET /mediawiki/index.php/Spezial:Spezialseiten HTTP/1.1" 200 8927 "-" "Mozilla/5.0 (Windows NT 10.0; Win64; x64) AppleWebKit/537.36 (KHTML, like Gecko) Chrome/74.0.3729.169 Safari/537.36"
185.119.81.109 - adva [08/Feb/2021:04:20:39 +0100] "GET /mediawiki/index.php/FLARM_Receiver_Config HTTP/1.1" 200 8784 "-" "Mozilla/5.0 (Windows NT 10.0; Win64; x64) AppleWebKit/537.36 (KHTML, like Gecko) Chrome/74.0.3729.169 Safari/537.36"
185.119.81.109 - adva [08/Feb/2021:04:20:41 +0100] "GET /mediawiki/index.php/DDClient_Config_DynDNS HTTP/1.1" 200 8318 "-" "Mozilla/5.0 (Windows NT 10.0; Win64; x64) AppleWebKit/537.36 (KHTML, like Gecko) Chrome/74.0.3729.169 Safari/537.36"
185.119.81.109 - adva [08/Feb/2021:04:20:46 +0100] "GET /mediawiki/index.php/Reparse_JSON_flightdata HTTP/1.1" 200 9005 "-" "Mozilla/5.0 (Windows NT 10.0; Win64; x64) AppleWebKit/537.36 (KHTML, like Gecko) Chrome/74.0.3729.169 Safari/537.36"
192.99.5.225 - - [08/Feb/2021:04:20:48 +0100] "GET /mediawiki/index.php?title=Spezial:Letzte_%C3%84nderungen&hideminor=1&hidemyself=1&hidebots=0&printable=yes HTTP/1.1" 404 33623 "-" "Mozilla/5.0 (compatible; MJ12bot/v1.4.8; http://mj12bot.com/)"
185.119.81.109 - adva [08/Feb/2021:04:20:49 +0100] "GET /mediawiki/index.php/Debian_Beast_FTP_BackUp HTTP/1.1" 200 9872 "-" "Mozilla/5.0 (Windows NT 10.0; Win64; x64) AppleWebKit/537.36 (KHTML, like Gecko) Chrome/74.0.3729.169 Safari/537.36"
37.230.43.146 - - [08/Feb/2021:04:20:50 +0100] "GET /nx/ocs/v2.php/apps/notifications/api/v2/notifications HTTP/1.1" 304 468 "-" "Mozilla/5.0 (Windows NT 10.0; Win64; x64; rv:85.0) Gecko/20100101 Firefox/85.0"
185.119.81.109 - adva [08/Feb/2021:04:20:55 +0100] "GET /mediawiki/index.php/RPi_GPIO_Temp_Fan_Switch HTTP/1.1" 200 8798 "-" "Mozilla/5.0 (Windows NT 10.0; Win64; x64) AppleWebKit/537.36 (KHTML, like Gecko) Chrome/74.0.3729.169 Safari/537.36"
185.119.81.109 - adva [08/Feb/2021:04:20:58 +0100] "GET /mediawiki/index.php?title=Hauptseite&oldid=319 HTTP/1.1" 200 12728 "-" "Mozilla/5.0 (Windows NT 10.0; Win64; x64) AppleWebKit/537.36 (KHTML, like Gecko) Chrome/74.0.3729.169 Safari/537.36"
185.119.81.109 - adva [08/Feb/2021:04:20:58 +0100] "GET /mediawiki/index.php/AusgabeSeite_Servermonitor HTTP/1.1" 200 8476 "-" "Mozilla/5.0 (Windows NT 10.0; Win64; x64) AppleWebKit/537.36 (KHTML, like Gecko) Chrome/74.0.3729.169 Safari/537.36"
185.119.81.109 - adva [08/Feb/2021:04:21:01 +0100] "GET /mediawiki/index.php/Spezial:Zuf%C3%A4llige_Seite HTTP/1.1" 302 3532 "-" "Mozilla/5.0 (Windows NT 10.0; Win64; x64) AppleWebKit/537.36 (KHTML, like Gecko) Chrome/74.0.3729.169 Safari/537.36"
185.119.81.109 - adva [08/Feb/2021:04:21:01 +0100] "GET /mediawiki/index.php/Servermonitor_Betriebsumgebung HTTP/1.1" 200 10100 "https://raz0rsedge.de/mediawiki/index.php/Spezial:Zuf%C3%A4llige_Seite" "Mozilla/5.0 (Windows NT 10.0; Win64; x64) AppleWebKit/537.36 (KHTML, like Gecko) Chrome/74.0.3729.169 Safari/537.36"
185.119.81.109 - adva [08/Feb/2021:04:21:02 +0100] "GET /mediawiki/index.php?title=Hauptseite&action=edit HTTP/1.1" 200 10293 "-" "Mozilla/5.0 (Windows NT 10.0; Win64; x64) AppleWebKit/537.36 (KHTML, like Gecko) Chrome/74.0.3729.169 Safari/537.36"
185.119.81.109 - adva [08/Feb/2021:04:21:08 +0100] "GET /mediawiki/index.php?title=Hauptseite&action=info HTTP/1.1" 200 8218 "-" "Mozilla/5.0 (Windows NT 10.0; Win64; x64) AppleWebKit/537.36 (KHTML, like Gecko) Chrome/74.0.3729.169 Safari/537.36"
185.119.81.109 - adva [08/Feb/2021:04:21:10 +0100] "GET /mediawiki/index.php/Spezial:Linkliste/Hauptseite HTTP/1.1" 404 17292 "-" "Mozilla/5.0 (Windows NT 10.0; Win64; x64) AppleWebKit/537.36 (KHTML, like Gecko) Chrome/74.0.3729.169 Safari/537.36"
185.119.81.109 - adva [08/Feb/2021:04:21:11 +0100] "GET /mediawiki/index.php/Servermonitor_Betriebsumgebung HTTP/1.1" 200 13108 "-" "Mozilla/5.0 (Windows NT 10.0; Win64; x64) AppleWebKit/537.36 (KHTML, like Gecko) Chrome/74.0.3729.169 Safari/537.36"
185.119.81.109 - adva [08/Feb/2021:04:21:13 +0100] "GET /mediawiki/index.php?title=Hauptseite&printable=yes HTTP/1.1" 200 12384 "-" "Mozilla/5.0 (Windows NT 10.0; Win64; x64) AppleWebKit/537.36 (KHTML, like Gecko) Chrome/74.0.3729.169 Safari/537.36"
185.119.81.109 - adva [08/Feb/2021:04:21:15 +0100] "GET /mediawiki/index.php/Bash_MineSweeper_from_Heise.de HTTP/1.1" 200 10929 "-" "Mozilla/5.0 (Windows NT 10.0; Win64; x64) AppleWebKit/537.36 (KHTML, like Gecko) Chrome/74.0.3729.169 Safari/537.36"
192.99.5.225 - - [08/Feb/2021:04:21:19 +0100] "GET /mediawiki/index.php?title=Spezial:Letzte_%C3%84nderungen&hideminor=1&hidemyself=1&limit=100 HTTP/1.1" 404 33773 "-" "Mozilla/5.0 (compatible; MJ12bot/v1.4.8; http://mj12bot.com/)"
185.119.81.109 - adva [08/Feb/2021:04:21:26 +0100] "GET /mediawiki/index.php/Spezial:Letzte_%C3%84nderungen HTTP/1.1" 200 11274 "-" "Mozilla/5.0 (Windows NT 10.0; Win64; x64) AppleWebKit/537.36 (KHTML, like Gecko) Chrome/74.0.3729.169 Safari/537.36"
37.230.43.146 - - [08/Feb/2021:04:21:20 +0100] "GET /nx/ocs/v2.php/apps/notifications/api/v2/notifications HTTP/1.1" 304 468 "-" "Mozilla/5.0 (Windows NT 10.0; Win64; x64; rv:85.0) Gecko/20100101 Firefox/85.0"
185.119.81.109 - adva [08/Feb/2021:04:21:32 +0100] "GET /mediawiki/index.php?title=Hauptseite&action=history HTTP/1.1" 200 13519 "-" "Mozilla/5.0 (Windows NT 10.0; Win64; x64) AppleWebKit/537.36 (KHTML, like Gecko) Chrome/74.0.3729.169 Safari/537.36"
192.99.5.225 - - [08/Feb/2021:04:21:46 +0100] "GET /mediawiki/index.php?title=Spezial:Letzte_%C3%84nderungen&hideminor=1&hidemyself=1&limit=250 HTTP/1.1" 404 33773 "-" "Mozilla/5.0 (compatible; MJ12bot/v1.4.8; http://mj12bot.com/)"
185.119.81.109 - adva [08/Feb/2021:04:21:49 +0100] "GET /mediawiki/index.php/AirSpaceWatch_%26_More:Impressum HTTP/1.1" 200 9394 "-" "Mozilla/5.0 (Windows NT 10.0; Win64; x64) AppleWebKit/537.36 (KHTML, like Gecko) Chrome/74.0.3729.169 Safari/537.36"
185.119.81.109 - adva [08/Feb/2021:04:21:49 +0100] "GET /mediawiki/index.php/AirSpaceWatch_%26_More:Datenschutz HTTP/1.1" 200 10571 "-" "Mozilla/5.0 (Windows NT 10.0; Win64; x64) AppleWebKit/537.36 (KHTML, like Gecko) Chrome/74.0.3729.169 Safari/537.36"
37.230.43.146 - - [08/Feb/2021:04:21:50 +0100] "GET /nx/ocs/v2.php/apps/notifications/api/v2/notifications HTTP/1.1" 304 468 "-" "Mozilla/5.0 (Windows NT 10.0; Win64; x64; rv:85.0) Gecko/20100101 Firefox/85.0"
185.119.81.109 - adva [08/Feb/2021:04:22:00 +0100] "GET /mediawiki/index.php/Bash_Terminal_Screen_Saver_Oneliner HTTP/1.1" 200 8569 "-" "Mozilla/5.0 (Windows NT 10.0; Win64; x64) AppleWebKit/537.36 (KHTML, like Gecko) Chrome/74.0.3729.169 Safari/537.36"
185.119.81.109 - adva [08/Feb/2021:04:22:17 +0100] "GET /mediawiki/index.php?title=Spezial:Anmelden&returnto=Hauptseite HTTP/1.1" 200 7674 "-" "Mozilla/5.0 (Windows NT 10.0; Win64; x64) AppleWebKit/537.36 (KHTML, like Gecko) Chrome/74.0.3729.169 Safari/537.36"
37.230.43.146 - - [08/Feb/2021:04:22:20 +0100] "GET /nx/ocs/v2.php/apps/notifications/api/v2/notifications HTTP/1.1" 304 468 "-" "Mozilla/5.0 (Windows NT 10.0; Win64; x64; rv:85.0) Gecko/20100101 Firefox/85.0"
192.99.5.225 - - [08/Feb/2021:04:22:20 +0100] "GET /mediawiki/index.php?title=Spezial:Letzte_%C3%84nderungen&hideminor=1&hidemyself=1&limit=250&printable=yes HTTP/1.1" 404 33602 "-" "Mozilla/5.0 (compatible; MJ12bot/v1.4.8; http://mj12bot.com/)"
37.230.43.146 - - [08/Feb/2021:04:22:20 +0100] "GET /nx/index.php/csrftoken HTTP/1.1" 200 1029 "-" "Mozilla/5.0 (Windows NT 10.0; Win64; x64; rv:85.0) Gecko/20100101 Firefox/85.0"
37.230.43.146 - - [08/Feb/2021:04:22:21 +0100] "PUT /nx/index.php/apps/user_status/heartbeat HTTP/1.1" 204 1045 "-" "Mozilla/5.0 (Windows NT 10.0; Win64; x64; rv:85.0) Gecko/20100101 Firefox/85.0"
37.230.43.146 - - [08/Feb/2021:04:22:21 +0100] "GET /nx/ocs/v2.php/apps/user_status/api/v1/user_status HTTP/1.1" 200 1087 "-" "Mozilla/5.0 (Windows NT 10.0; Win64; x64; rv:85.0) Gecko/20100101 Firefox/85.0"
37.230.43.146 - - [08/Feb/2021:04:22:22 +0100] "PUT /nx/index.php/apps/user_status/heartbeat HTTP/1.1" 204 871 "-" "Mozilla/5.0 (Windows NT 10.0; Win64; x64; rv:85.0) Gecko/20100101 Firefox/85.0"
37.230.43.146 - - [08/Feb/2021:04:22:22 +0100] "GET /nx/ocs/v2.php/apps/user_status/api/v1/user_status HTTP/1.1" 200 1087 "-" "Mozilla/5.0 (Windows NT 10.0; Win64; x64; rv:85.0) Gecko/20100101 Firefox/85.0"
185.119.81.109 - adva [08/Feb/2021:04:22:24 +0100] "GET /mediawiki/index.php?title=Diskussion:Hauptseite&action=edit&redlink=1 HTTP/1.1" 302 3523 "-" "Mozilla/5.0 (Windows NT 10.0; Win64; x64) AppleWebKit/537.36 (KHTML, like Gecko) Chrome/74.0.3729.169 Safari/537.36"
185.119.81.109 - adva [08/Feb/2021:04:22:29 +0100] "GET /mediawiki/index.php/Diskussion:Hauptseite HTTP/1.1" 404 11859 "https://raz0rsedge.de/mediawiki/index.php?title=Diskussion:Hauptseite&action=edit&redlink=1" "Mozilla/5.0 (Windows NT 10.0; Win64; x64) AppleWebKit/537.36 (KHTML, like Gecko) Chrome/74.0.3729.169 Safari/537.36"
37.230.43.146 - - [08/Feb/2021:04:22:23 +0100] "GET /nx/ocs/v2.php/apps/weather_status/api/v1/forecast HTTP/1.1" 200 1443 "-" "Mozilla/5.0 (Windows NT 10.0; Win64; x64; rv:85.0) Gecko/20100101 Firefox/85.0"
185.119.81.109 - adva [08/Feb/2021:04:22:31 +0100] "GET /server/index.php/?debug=true&display=7.5&content=metar_station&scale=19 HTTP/1.1" 200 9723 "-" "Mozilla/5.0 (Windows NT 10.0; Win64; x64) AppleWebKit/537.36 (KHTML, like Gecko) Chrome/74.0.3729.169 Safari/537.36"
37.230.43.146 - - [08/Feb/2021:04:22:50 +0100] "GET /nx/ocs/v2.php/apps/notifications/api/v2/notifications HTTP/1.1" 304 468 "-" "Mozilla/5.0 (Windows NT 10.0; Win64; x64; rv:85.0) Gecko/20100101 Firefox/85.0"
192.99.5.225 - - [08/Feb/2021:04:22:52 +0100] "GET /mediawiki/index.php?title=Spezial:Letzte_%C3%84nderungen&hideminor=1&hidemyself=1&limit=500 HTTP/1.1" 404 33773 "-" "Mozilla/5.0 (compatible; MJ12bot/v1.4.8; http://mj12bot.com/)"
185.119.81.109 - - [08/Feb/2021:04:22:48 +0100] "GET /monitorix/cgi/monitorix.cgi?mode=localhost&graph=all&when=1week&color=black HTTP/1.1" 200 4558 "-" "Mozilla/5.0 (Windows NT 10.0; Win64; x64) AppleWebKit/537.36 (KHTML, like Gecko) Chrome/74.0.3729.169 Safari/537.36"
185.119.81.109 - adva [08/Feb/2021:04:22:59 +0100] "GET /mediawiki/index.php/AirSpaceWatch_%26_More:%C3%9Cber_AirSpaceWatch_%26_More HTTP/1.1" 200 8275 "-" "Mozilla/5.0 (Windows NT 10.0; Win64; x64) AppleWebKit/537.36 (KHTML, like Gecko) Chrome/74.0.3729.169 Safari/537.36"
185.119.81.109 - adva [08/Feb/2021:04:23:07 +0100] "GET /mediawiki/index.php/Spezial:%C3%84nderungen_an_verlinkten_Seiten/Hauptseite HTTP/1.1" 404 35314 "-" "Mozilla/5.0 (Windows NT 10.0; Win64; x64) AppleWebKit/537.36 (KHTML, like Gecko) Chrome/74.0.3729.169 Safari/537.36"
185.119.81.109 - adva [08/Feb/2021:04:23:14 +0100] "GET /mediawiki/index.php?title=RPi_BackUp&oldid=296 HTTP/1.1" 200 9070 "-" "Mozilla/5.0 (Windows NT 10.0; Win64; x64) AppleWebKit/537.36 (KHTML, like Gecko) Chrome/74.0.3729.169 Safari/537.36"
185.119.81.109 - adva [08/Feb/2021:04:23:16 +0100] "GET /mediawiki/index.php?title=RPi_BackUp&action=edit HTTP/1.1" 200 8089 "-" "Mozilla/5.0 (Windows NT 10.0; Win64; x64) AppleWebKit/537.36 (KHTML, like Gecko) Chrome/74.0.3729.169 Safari/537.36"
192.99.5.225 - - [08/Feb/2021:04:23:21 +0100] "GET /mediawiki/index.php?title=Spezial:Letzte_%C3%84nderungen&hideminor=1&limit=250 HTTP/1.1" 404 33402 "-" "Mozilla/5.0 (compatible; MJ12bot/v1.4.8; http://mj12bot.com/)"
37.230.43.146 - - [08/Feb/2021:04:23:26 +0100] "GET /nx/ocs/v2.php/apps/notifications/api/v2/notifications HTTP/1.1" 304 468 "-" "Mozilla/5.0 (Windows NT 10.0; Win64; x64; rv:85.0) Gecko/20100101 Firefox/85.0"
185.119.81.109 - adva [08/Feb/2021:04:23:32 +0100] "GET /mediawiki/index.php/Spezial:Linkliste/RPi_BackUp HTTP/1.1" 200 7906 "-" "Mozilla/5.0 (Windows NT 10.0; Win64; x64) AppleWebKit/537.36 (KHTML, like Gecko) Chrome/74.0.3729.169 Safari/537.36"
185.119.81.109 - adva [08/Feb/2021:04:23:38 +0100] "GET /mediawiki/index.php?title=RPi_BackUp&action=info HTTP/1.1" 200 8149 "-" "Mozilla/5.0 (Windows NT 10.0; Win64; x64) AppleWebKit/537.36 (KHTML, like Gecko) Chrome/74.0.3729.169 Safari/537.36"
185.119.81.109 - adva [08/Feb/2021:04:23:42 +0100] "GET /mediawiki/index.php?title=RPi_BackUp&printable=yes HTTP/1.1" 200 8778 "-" "Mozilla/5.0 (Windows NT 10.0; Win64; x64) AppleWebKit/537.36 (KHTML, like Gecko) Chrome/74.0.3729.169 Safari/537.36"
185.119.81.109 - adva [08/Feb/2021:04:23:48 +0100] "GET /mediawiki/index.php?title=RPi_BackUp&action=history HTTP/1.1" 200 10048 "-" "Mozilla/5.0 (Windows NT 10.0; Win64; x64) AppleWebKit/537.36 (KHTML, like Gecko) Chrome/74.0.3729.169 Safari/537.36"
37.230.43.146 - - [08/Feb/2021:04:23:50 +0100] "GET /nx/ocs/v2.php/apps/notifications/api/v2/notifications HTTP/1.1" 304 468 "-" "Mozilla/5.0 (Windows NT 10.0; Win64; x64; rv:85.0) Gecko/20100101 Firefox/85.0"
185.119.81.109 - adva [08/Feb/2021:04:23:55 +0100] "GET /mediawiki/index.php?title=Spezial:Anmelden&returnto=RPi+BackUp HTTP/1.1" 200 7674 "-" "Mozilla/5.0 (Windows NT 10.0; Win64; x64) AppleWebKit/537.36 (KHTML, like Gecko) Chrome/74.0.3729.169 Safari/537.36"
192.99.5.225 - - [08/Feb/2021:04:23:58 +0100] "GET /mediawiki/index.php?title=Spezial:Letzte_%C3%84nderungen&hideminor=1&userExpLevel=registered&hidemyself=1&days=30 HTTP/1.1" 200 13822 "-" "Mozilla/5.0 (compatible; MJ12bot/v1.4.8; http://mj12bot.com/)"
185.119.81.109 - adva [08/Feb/2021:04:24:07 +0100] "GET /mediawiki/index.php?title=Diskussion:RPi_BackUp&action=edit&redlink=1 HTTP/1.1" 302 3523 "-" "Mozilla/5.0 (Windows NT 10.0; Win64; x64) AppleWebKit/537.36 (KHTML, like Gecko) Chrome/74.0.3729.169 Safari/537.36"
185.119.81.109 - adva [08/Feb/2021:04:24:07 +0100] "GET /mediawiki/index.php/Diskussion:RPi_BackUp HTTP/1.1" 404 11854 "https://raz0rsedge.de/mediawiki/index.php?title=Diskussion:RPi_BackUp&action=edit&redlink=1" "Mozilla/5.0 (Windows NT 10.0; Win64; x64) AppleWebKit/537.36 (KHTML, like Gecko) Chrome/74.0.3729.169 Safari/537.36"
185.119.81.109 - adva [08/Feb/2021:04:24:18 +0100] "GET /mediawiki/index.php?title=Messnetz_ETSL&oldid=204 HTTP/1.1" 200 8386 "-" "Mozilla/5.0 (Windows NT 10.0; Win64; x64) AppleWebKit/537.36 (KHTML, like Gecko) Chrome/74.0.3729.169 Safari/537.36"
192.99.5.225 - - [08/Feb/2021:04:24:21 +0100] "GET /mediawiki/index.php?title=Spezial:Letzte_%C3%84nderungen&hideminor=1&userExpLevel=registered&hidemyself=1&hidebots=0 HTTP/1.1" 404 34416 "-" "Mozilla/5.0 (compatible; MJ12bot/v1.4.8; http://mj12bot.com/)"
37.230.43.146 - - [08/Feb/2021:04:24:20 +0100] "GET /nx/ocs/v2.php/apps/notifications/api/v2/notifications HTTP/1.1" 304 468 "-" "Mozilla/5.0 (Windows NT 10.0; Win64; x64; rv:85.0) Gecko/20100101 Firefox/85.0"
185.119.81.109 - adva [08/Feb/2021:04:24:25 +0100] "GET /mediawiki/index.php?title=Messnetz_ETSL&action=edit HTTP/1.1" 200 7582 "-" "Mozilla/5.0 (Windows NT 10.0; Win64; x64) AppleWebKit/537.36 (KHTML, like Gecko) Chrome/74.0.3729.169 Safari/537.36"
185.119.81.109 - adva [08/Feb/2021:04:24:29 +0100] "GET /mediawiki/index.php/Spezial:Linkliste/Messnetz_ETSL HTTP/1.1" 200 7914 "-" "Mozilla/5.0 (Windows NT 10.0; Win64; x64) AppleWebKit/537.36 (KHTML, like Gecko) Chrome/74.0.3729.169 Safari/537.36"
185.119.81.109 - adva [08/Feb/2021:04:24:31 +0100] "GET /mediawiki/index.php?title=Messnetz_ETSL&action=info HTTP/1.1" 200 8130 "-" "Mozilla/5.0 (Windows NT 10.0; Win64; x64) AppleWebKit/537.36 (KHTML, like Gecko) Chrome/74.0.3729.169 Safari/537.36"
185.119.81.109 - adva [08/Feb/2021:04:24:42 +0100] "GET /mediawiki/index.php?title=Messnetz_ETSL&printable=yes HTTP/1.1" 200 8089 "-" "Mozilla/5.0 (Windows NT 10.0; Win64; x64) AppleWebKit/537.36 (KHTML, like Gecko) Chrome/74.0.3729.169 Safari/537.36"
185.119.81.109 - adva [08/Feb/2021:04:24:42 +0100] "GET /mediawiki/index.php?title=Messnetz_ETSL&action=history HTTP/1.1" 200 9297 "-" "Mozilla/5.0 (Windows NT 10.0; Win64; x64) AppleWebKit/537.36 (KHTML, like Gecko) Chrome/74.0.3729.169 Safari/537.36"
37.230.43.146 - - [08/Feb/2021:04:24:50 +0100] "GET /nx/ocs/v2.php/apps/notifications/api/v2/notifications HTTP/1.1" 304 3485 "-" "Mozilla/5.0 (Windows NT 10.0; Win64; x64; rv:85.0) Gecko/20100101 Firefox/85.0"
192.99.5.225 - - [08/Feb/2021:04:24:58 +0100] "GET /mediawiki/index.php?title=Spezial:Letzte_%C3%84nderungen&hideminor=1&userExpLevel=registered&hidemyself=1&limit=100 HTTP/1.1" 404 34394 "-" "Mozilla/5.0 (compatible; MJ12bot/v1.4.8; http://mj12bot.com/)"
185.119.81.109 - adva [08/Feb/2021:04:24:59 +0100] "GET /mediawiki/index.php?title=Diskussion:Messnetz_ETSL&action=edit&redlink=1 HTTP/1.1" 302 3526 "-" "Mozilla/5.0 (Windows NT 10.0; Win64; x64) AppleWebKit/537.36 (KHTML, like Gecko) Chrome/74.0.3729.169 Safari/537.36"
185.119.81.109 - adva [08/Feb/2021:04:24:59 +0100] "GET /mediawiki/index.php/Diskussion:Messnetz_ETSL HTTP/1.1" 404 11908 "https://raz0rsedge.de/mediawiki/index.php?title=Diskussion:Messnetz_ETSL&action=edit&redlink=1" "Mozilla/5.0 (Windows NT 10.0; Win64; x64) AppleWebKit/537.36 (KHTML, like Gecko) Chrome/74.0.3729.169 Safari/537.36"
185.119.81.109 - adva [08/Feb/2021:04:25:06 +0100] "GET /mediawiki/index.php/Spezial:%C3%84nderungen_an_verlinkten_Seiten/Messnetz_ETSL HTTP/1.1" 404 35418 "-" "Mozilla/5.0 (Windows NT 10.0; Win64; x64) AppleWebKit/537.36 (KHTML, like Gecko) Chrome/74.0.3729.169 Safari/537.36"
185.119.81.109 - adva [08/Feb/2021:04:25:08 +0100] "GET /mediawiki/index.php?title=Check_for_User&oldid=34 HTTP/1.1" 200 9077 "-" "Mozilla/5.0 (Windows NT 10.0; Win64; x64) AppleWebKit/537.36 (KHTML, like Gecko) Chrome/74.0.3729.169 Safari/537.36"
192.99.5.225 - - [08/Feb/2021:04:25:15 +0100] "GET /mediawiki/index.php?title=Spezial:Letzte_%C3%84nderungen&hideminor=1&userExpLevel=registered&hidemyself=1&limit=250 HTTP/1.1" 404 34394 "-" "Mozilla/5.0 (compatible; MJ12bot/v1.4.8; http://mj12bot.com/)"
213.133.113.83 - - [08/Feb/2021:04:25:23 +0100] "GET / HTTP/1.1" 200 8194 "-" "Hetzner System Monitoring"
37.230.43.146 - - [08/Feb/2021:04:25:22 +0100] "GET /nx/ocs/v2.php/apps/notifications/api/v2/notifications HTTP/1.1" 304 468 "-" "Mozilla/5.0 (Windows NT 10.0; Win64; x64; rv:85.0) Gecko/20100101 Firefox/85.0"
185.119.81.109 - adva [08/Feb/2021:04:25:23 +0100] "GET /mediawiki/index.php?title=Check_for_User&action=info HTTP/1.1" 200 8130 "-" "Mozilla/5.0 (Windows NT 10.0; Win64; x64) AppleWebKit/537.36 (KHTML, like Gecko) Chrome/74.0.3729.169 Safari/537.36"
192.99.5.225 - - [08/Feb/2021:04:25:31 +0100] "GET /mediawiki/index.php?title=Spezial:Letzte_%C3%84nderungen&hideminor=1&userExpLevel=registered&hidemyself=1&limit=500 HTTP/1.1" 404 34394 "-" "Mozilla/5.0 (compatible; MJ12bot/v1.4.8; http://mj12bot.com/)"
185.119.81.109 - adva [08/Feb/2021:04:25:35 +0100] "GET /mediawiki/index.php?title=Check_for_User&action=edit HTTP/1.1" 200 7931 "-" "Mozilla/5.0 (Windows NT 10.0; Win64; x64) AppleWebKit/537.36 (KHTML, like Gecko) Chrome/74.0.3729.169 Safari/537.36"
185.119.81.109 - adva [08/Feb/2021:04:25:35 +0100] "GET /mediawiki/index.php/Spezial:Linkliste/Check_for_User HTTP/1.1" 200 7914 "-" "Mozilla/5.0 (Windows NT 10.0; Win64; x64) AppleWebKit/537.36 (KHTML, like Gecko) Chrome/74.0.3729.169 Safari/537.36"
185.119.81.109 - adva [08/Feb/2021:04:25:46 +0100] "GET /mediawiki/index.php?title=Check_for_User&printable=yes HTTP/1.1" 200 8737 "-" "Mozilla/5.0 (Windows NT 10.0; Win64; x64) AppleWebKit/537.36 (KHTML, like Gecko) Chrome/74.0.3729.169 Safari/537.36"
37.230.43.146 - - [08/Feb/2021:04:25:50 +0100] "GET /nx/ocs/v2.php/apps/notifications/api/v2/notifications HTTP/1.1" 304 468 "-" "Mozilla/5.0 (Windows NT 10.0; Win64; x64; rv:85.0) Gecko/20100101 Firefox/85.0"
192.99.5.225 - - [08/Feb/2021:04:25:54 +0100] "GET /mediawiki/index.php?title=Spezial:Letzte_%C3%84nderungen&hideminor=1&userExpLevel=registered&hidemyself=1&printable=yes HTTP/1.1" 404 33966 "-" "Mozilla/5.0 (compatible; MJ12bot/v1.4.8; http://mj12bot.com/)"
185.119.81.109 - adva [08/Feb/2021:04:25:54 +0100] "GET /mediawiki/index.php?title=Check_for_User&action=history HTTP/1.1" 200 9375 "-" "Mozilla/5.0 (Windows NT 10.0; Win64; x64) AppleWebKit/537.36 (KHTML, like Gecko) Chrome/74.0.3729.169 Safari/537.36"
185.119.81.109 - adva [08/Feb/2021:04:26:00 +0100] "GET /mediawiki/index.php?title=Spezial:Anmelden&returnto=Check+for+User HTTP/1.1" 200 7680 "-" "Mozilla/5.0 (Windows NT 10.0; Win64; x64) AppleWebKit/537.36 (KHTML, like Gecko) Chrome/74.0.3729.169 Safari/537.36"
185.119.81.109 - adva [08/Feb/2021:04:26:11 +0100] "GET /mediawiki/index.php/Spezial:%C3%84nderungen_an_verlinkten_Seiten/Check_for_User HTTP/1.1" 404 35453 "-" "Mozilla/5.0 (Windows NT 10.0; Win64; x64) AppleWebKit/537.36 (KHTML, like Gecko) Chrome/74.0.3729.169 Safari/537.36"
192.99.5.225 - - [08/Feb/2021:04:26:12 +0100] "GET /mediawiki/index.php?title=Spezial:Letzte_%C3%84nderungen&hideminor=1&userExpLevel=registered&limit=100 HTTP/1.1" 404 34023 "-" "Mozilla/5.0 (compatible; MJ12bot/v1.4.8; http://mj12bot.com/)"
37.230.43.146 - - [08/Feb/2021:04:26:20 +0100] "GET /nx/ocs/v2.php/apps/notifications/api/v2/notifications HTTP/1.1" 304 468 "-" "Mozilla/5.0 (Windows NT 10.0; Win64; x64; rv:85.0) Gecko/20100101 Firefox/85.0"
185.119.81.109 - adva [08/Feb/2021:04:26:25 +0100] "GET /mediawiki/index.php?title=FFMPEG_Converter&oldid=70 HTTP/1.1" 200 9474 "-" "Mozilla/5.0 (Windows NT 10.0; Win64; x64) AppleWebKit/537.36 (KHTML, like Gecko) Chrome/74.0.3729.169 Safari/537.36"
185.119.81.109 - adva [08/Feb/2021:04:26:35 +0100] "GET /mediawiki/index.php?title=FFMPEG_Converter&action=edit HTTP/1.1" 200 8336 "-" "Mozilla/5.0 (Windows NT 10.0; Win64; x64) AppleWebKit/537.36 (KHTML, like Gecko) Chrome/74.0.3729.169 Safari/537.36"
192.99.5.225 - - [08/Feb/2021:04:26:36 +0100] "GET /mediawiki/index.php?title=Spezial:Letzte_%C3%84nderungen&hideminor=1&userExpLevel=registered&limit=100&printable=yes HTTP/1.1" 404 33841 "-" "Mozilla/5.0 (compatible; MJ12bot/v1.4.8; http://mj12bot.com/)"
185.119.81.109 - adva [08/Feb/2021:04:26:47 +0100] "GET /mediawiki/index.php?title=FFMPEG_Converter&action=info HTTP/1.1" 200 8140 "-" "Mozilla/5.0 (Windows NT 10.0; Win64; x64) AppleWebKit/537.36 (KHTML, like Gecko) Chrome/74.0.3729.169 Safari/537.36"
185.119.81.109 - adva [08/Feb/2021:04:26:49 +0100] "GET /mediawiki/index.php?title=FFMPEG_Converter&printable=yes HTTP/1.1" 200 9176 "-" "Mozilla/5.0 (Windows NT 10.0; Win64; x64) AppleWebKit/537.36 (KHTML, like Gecko) Chrome/74.0.3729.169 Safari/537.36"
185.119.81.109 - adva [08/Feb/2021:04:26:49 +0100] "GET /mediawiki/index.php?title=FFMPEG_Converter&action=history HTTP/1.1" 200 9675 "-" "Mozilla/5.0 (Windows NT 10.0; Win64; x64) AppleWebKit/537.36 (KHTML, like Gecko) Chrome/74.0.3729.169 Safari/537.36"
37.230.43.146 - - [08/Feb/2021:04:26:50 +0100] "GET /nx/ocs/v2.php/apps/notifications/api/v2/notifications HTTP/1.1" 304 468 "-" "Mozilla/5.0 (Windows NT 10.0; Win64; x64; rv:85.0) Gecko/20100101 Firefox/85.0"
192.99.5.225 - - [08/Feb/2021:04:27:06 +0100] "GET /mediawiki/index.php?title=Spezial:Letzte_%C3%84nderungen&hideminor=1&userExpLevel=registered&limit=250 HTTP/1.1" 404 34023 "-" "Mozilla/5.0 (compatible; MJ12bot/v1.4.8; http://mj12bot.com/)"
185.119.81.109 - adva [08/Feb/2021:04:27:10 +0100] "GET /mediawiki/index.php?title=Diskussion:FFMPEG_Converter&action=edit&redlink=1 HTTP/1.1" 302 3529 "-" "Mozilla/5.0 (Windows NT 10.0; Win64; x64) AppleWebKit/537.36 (KHTML, like Gecko) Chrome/74.0.3729.169 Safari/537.36"
185.119.81.109 - adva [08/Feb/2021:04:27:10 +0100] "GET /mediawiki/index.php/Diskussion:FFMPEG_Converter HTTP/1.1" 404 11962 "https://raz0rsedge.de/mediawiki/index.php?title=Diskussion:FFMPEG_Converter&action=edit&redlink=1" "Mozilla/5.0 (Windows NT 10.0; Win64; x64) AppleWebKit/537.36 (KHTML, like Gecko) Chrome/74.0.3729.169 Safari/537.36"
185.119.81.109 - adva [08/Feb/2021:04:27:17 +0100] "GET /mediawiki/index.php/Spezial:%C3%84nderungen_an_verlinkten_Seiten/FFMPEG_Converter HTTP/1.1" 404 35526 "-" "Mozilla/5.0 (Windows NT 10.0; Win64; x64) AppleWebKit/537.36 (KHTML, like Gecko) Chrome/74.0.3729.169 Safari/537.36"
37.230.43.146 - - [08/Feb/2021:04:27:20 +0100] "GET /nx/ocs/v2.php/apps/notifications/api/v2/notifications HTTP/1.1" 304 468 "-" "Mozilla/5.0 (Windows NT 10.0; Win64; x64; rv:85.0) Gecko/20100101 Firefox/85.0"
37.230.43.146 - - [08/Feb/2021:04:27:21 +0100] "PUT /nx/index.php/apps/user_status/heartbeat HTTP/1.1" 204 871 "-" "Mozilla/5.0 (Windows NT 10.0; Win64; x64; rv:85.0) Gecko/20100101 Firefox/85.0"
37.230.43.146 - - [08/Feb/2021:04:27:21 +0100] "GET /nx/ocs/v2.php/apps/user_status/api/v1/user_status HTTP/1.1" 200 1087 "-" "Mozilla/5.0 (Windows NT 10.0; Win64; x64; rv:85.0) Gecko/20100101 Firefox/85.0"
37.230.43.146 - - [08/Feb/2021:04:27:22 +0100] "PUT /nx/index.php/apps/user_status/heartbeat HTTP/1.1" 204 871 "-" "Mozilla/5.0 (Windows NT 10.0; Win64; x64; rv:85.0) Gecko/20100101 Firefox/85.0"
37.230.43.146 - - [08/Feb/2021:04:27:22 +0100] "GET /nx/ocs/v2.php/apps/user_status/api/v1/user_status HTTP/1.1" 200 1087 "-" "Mozilla/5.0 (Windows NT 10.0; Win64; x64; rv:85.0) Gecko/20100101 Firefox/85.0"
185.119.81.109 - adva [08/Feb/2021:04:27:23 +0100] "GET /mediawiki/index.php?title=FlowV8_EDAD_json&oldid=96 HTTP/1.1" 200 29417 "-" "Mozilla/5.0 (Windows NT 10.0; Win64; x64) AppleWebKit/537.36 (KHTML, like Gecko) Chrome/74.0.3729.169 Safari/537.36"
185.119.81.109 - adva [08/Feb/2021:04:27:44 +0100] "GET /mediawiki/index.php?title=FlowV8_EDAD_json&action=edit HTTP/1.1" 200 15930 "-" "Mozilla/5.0 (Windows NT 10.0; Win64; x64) AppleWebKit/537.36 (KHTML, like Gecko) Chrome/74.0.3729.169 Safari/537.36"
185.119.81.109 - adva [08/Feb/2021:04:27:48 +0100] "GET /mediawiki/index.php?title=FlowV8_EDAD_json&action=info HTTP/1.1" 200 8137 "-" "Mozilla/5.0 (Windows NT 10.0; Win64; x64) AppleWebKit/537.36 (KHTML, like Gecko) Chrome/74.0.3729.169 Safari/537.36"
192.99.5.225 - - [08/Feb/2021:04:27:39 +0100] "GET /mediawiki/index.php?title=Spezial:Letzte_%C3%84nderungen&hideminor=1&userExpLevel=registered&limit=500 HTTP/1.1" 404 34023 "-" "Mozilla/5.0 (compatible; MJ12bot/v1.4.8; http://mj12bot.com/)"
185.119.81.109 - adva [08/Feb/2021:04:27:49 +0100] "GET /mediawiki/index.php?title=FlowV8_EDAD_json&printable=yes HTTP/1.1" 200 28948 "-" "Mozilla/5.0 (Windows NT 10.0; Win64; x64) AppleWebKit/537.36 (KHTML, like Gecko) Chrome/74.0.3729.169 Safari/537.36"
185.119.81.109 - adva [08/Feb/2021:04:27:51 +0100] "GET /mediawiki/index.php?title=FlowV8_EDAD_json&action=history HTTP/1.1" 200 9390 "-" "Mozilla/5.0 (Windows NT 10.0; Win64; x64) AppleWebKit/537.36 (KHTML, like Gecko) Chrome/74.0.3729.169 Safari/537.36"
185.119.81.109 - adva [08/Feb/2021:04:27:59 +0100] "GET /mediawiki/index.php?title=Spezial:Anmelden&returnto=FlowV8+EDAD+json HTTP/1.1" 200 7684 "-" "Mozilla/5.0 (Windows NT 10.0; Win64; x64) AppleWebKit/537.36 (KHTML, like Gecko) Chrome/74.0.3729.169 Safari/537.36"
37.230.43.146 - - [08/Feb/2021:04:28:04 +0100] "GET /nx/ocs/v2.php/apps/notifications/api/v2/notifications HTTP/1.1" 304 468 "-" "Mozilla/5.0 (Windows NT 10.0; Win64; x64; rv:85.0) Gecko/20100101 Firefox/85.0"
185.119.81.109 - adva [08/Feb/2021:04:28:06 +0100] "GET /mediawiki/index.php?title=Diskussion:FlowV8_EDAD_json&action=edit&redlink=1 HTTP/1.1" 302 3529 "-" "Mozilla/5.0 (Windows NT 10.0; Win64; x64) AppleWebKit/537.36 (KHTML, like Gecko) Chrome/74.0.3729.169 Safari/537.36"
185.119.81.109 - adva [08/Feb/2021:04:28:10 +0100] "GET /mediawiki/index.php/Diskussion:FlowV8_EDAD_json HTTP/1.1" 404 11962 "https://raz0rsedge.de/mediawiki/index.php?title=Diskussion:FlowV8_EDAD_json&action=edit&redlink=1" "Mozilla/5.0 (Windows NT 10.0; Win64; x64) AppleWebKit/537.36 (KHTML, like Gecko) Chrome/74.0.3729.169 Safari/537.36"
192.99.5.225 - - [08/Feb/2021:04:28:10 +0100] "GET /mediawiki/index.php?title=Spezial:Letzte_%C3%84nderungen&hidemyself=1&days=14&limit=100 HTTP/1.1" 200 12748 "-" "Mozilla/5.0 (compatible; MJ12bot/v1.4.8; http://mj12bot.com/)"
185.119.81.109 - adva [08/Feb/2021:04:28:15 +0100] "GET /mediawiki/index.php/Spezial:%C3%84nderungen_an_verlinkten_Seiten/FlowV8_EDAD_json HTTP/1.1" 404 35526 "-" "Mozilla/5.0 (Windows NT 10.0; Win64; x64) AppleWebKit/537.36 (KHTML, like Gecko) Chrome/74.0.3729.169 Safari/537.36"
185.119.81.109 - adva [08/Feb/2021:04:28:17 +0100] "GET /mediawiki/index.php?title=MatrixIO_Recorder&oldid=110 HTTP/1.1" 200 8948 "-" "Mozilla/5.0 (Windows NT 10.0; Win64; x64) AppleWebKit/537.36 (KHTML, like Gecko) Chrome/74.0.3729.169 Safari/537.36"
37.230.43.146 - - [08/Feb/2021:04:28:20 +0100] "GET /nx/ocs/v2.php/apps/notifications/api/v2/notifications HTTP/1.1" 304 307 "-" "Mozilla/5.0 (Windows NT 10.0; Win64; x64; rv:85.0) Gecko/20100101 Firefox/85.0"
185.119.81.109 - adva [08/Feb/2021:04:28:25 +0100] "GET /mediawiki/index.php/Spezial:Linkliste/MatrixIO_Recorder HTTP/1.1" 200 7915 "-" "Mozilla/5.0 (Windows NT 10.0; Win64; x64) AppleWebKit/537.36 (KHTML, like Gecko) Chrome/74.0.3729.169 Safari/537.36"
185.119.81.109 - adva [08/Feb/2021:04:28:31 +0100] "GET /mediawiki/index.php?title=MatrixIO_Recorder&action=info HTTP/1.1" 200 8145 "-" "Mozilla/5.0 (Windows NT 10.0; Win64; x64) AppleWebKit/537.36 (KHTML, like Gecko) Chrome/74.0.3729.169 Safari/537.36"
192.99.5.225 - - [08/Feb/2021:04:28:39 +0100] "GET /mediawiki/index.php?title=Spezial:Letzte_%C3%84nderungen&hidemyself=1&days=14&limit=250 HTTP/1.1" 200 12747 "-" "Mozilla/5.0 (compatible; MJ12bot/v1.4.8; http://mj12bot.com/)"
185.119.81.109 - adva [08/Feb/2021:04:28:43 +0100] "GET /mediawiki/index.php?title=MatrixIO_Recorder&action=edit HTTP/1.1" 200 7956 "-" "Mozilla/5.0 (Windows NT 10.0; Win64; x64) AppleWebKit/537.36 (KHTML, like Gecko) Chrome/74.0.3729.169 Safari/537.36"
185.119.81.109 - adva [08/Feb/2021:04:28:44 +0100] "GET /mediawiki/index.php?title=MatrixIO_Recorder&printable=yes HTTP/1.1" 200 8652 "-" "Mozilla/5.0 (Windows NT 10.0; Win64; x64) AppleWebKit/537.36 (KHTML, like Gecko) Chrome/74.0.3729.169 Safari/537.36"
37.230.43.146 - - [08/Feb/2021:04:28:50 +0100] "GET /nx/ocs/v2.php/apps/notifications/api/v2/notifications HTTP/1.1" 304 468 "-" "Mozilla/5.0 (Windows NT 10.0; Win64; x64; rv:85.0) Gecko/20100101 Firefox/85.0"
185.119.81.109 - adva [08/Feb/2021:04:28:51 +0100] "GET /mediawiki/index.php?title=MatrixIO_Recorder&action=history HTTP/1.1" 200 9588 "-" "Mozilla/5.0 (Windows NT 10.0; Win64; x64) AppleWebKit/537.36 (KHTML, like Gecko) Chrome/74.0.3729.169 Safari/537.36"
185.119.81.109 - adva [08/Feb/2021:04:28:52 +0100] "GET /mediawiki/index.php?title=Spezial:Anmelden&returnto=MatrixIO+Recorder HTTP/1.1" 200 7679 "-" "Mozilla/5.0 (Windows NT 10.0; Win64; x64) AppleWebKit/537.36 (KHTML, like Gecko) Chrome/74.0.3729.169 Safari/537.36"
185.119.81.109 - adva [08/Feb/2021:04:28:54 +0100] "GET /mediawiki/index.php?title=Diskussion:MatrixIO_Recorder&action=edit&redlink=1 HTTP/1.1" 302 3530 "-" "Mozilla/5.0 (Windows NT 10.0; Win64; x64) AppleWebKit/537.36 (KHTML, like Gecko) Chrome/74.0.3729.169 Safari/537.36"
185.119.81.109 - adva [08/Feb/2021:04:28:54 +0100] "GET /mediawiki/index.php/Diskussion:MatrixIO_Recorder HTTP/1.1" 404 11980 "https://raz0rsedge.de/mediawiki/index.php?title=Diskussion:MatrixIO_Recorder&action=edit&redlink=1" "Mozilla/5.0 (Windows NT 10.0; Win64; x64) AppleWebKit/537.36 (KHTML, like Gecko) Chrome/74.0.3729.169 Safari/537.36"
185.119.81.109 - adva [08/Feb/2021:04:29:03 +0100] "GET /mediawiki/index.php/Spezial:%C3%84nderungen_an_verlinkten_Seiten/MatrixIO_Recorder HTTP/1.1" 404 35563 "-" "Mozilla/5.0 (Windows NT 10.0; Win64; x64) AppleWebKit/537.36 (KHTML, like Gecko) Chrome/74.0.3729.169 Safari/537.36"
185.119.81.109 - adva [08/Feb/2021:04:29:09 +0100] "GET /mediawiki/index.php?title=WS2811B_RGB_LED_RPi&oldid=299 HTTP/1.1" 200 8804 "-" "Mozilla/5.0 (Windows NT 10.0; Win64; x64) AppleWebKit/537.36 (KHTML, like Gecko) Chrome/74.0.3729.169 Safari/537.36"
185.119.81.109 - adva [08/Feb/2021:04:29:16 +0100] "GET /mediawiki/index.php/Spezial:Linkliste/WS2811B_RGB_LED_RPi HTTP/1.1" 200 7942 "-" "Mozilla/5.0 (Windows NT 10.0; Win64; x64) AppleWebKit/537.36 (KHTML, like Gecko) Chrome/74.0.3729.169 Safari/537.36"
37.230.43.146 - - [08/Feb/2021:04:29:20 +0100] "GET /nx/ocs/v2.php/apps/notifications/api/v2/notifications HTTP/1.1" 304 468 "-" "Mozilla/5.0 (Windows NT 10.0; Win64; x64; rv:85.0) Gecko/20100101 Firefox/85.0"
192.99.5.225 - - [08/Feb/2021:04:29:28 +0100] "GET /mediawiki/index.php?title=Spezial:Letzte_%C3%84nderungen&hidemyself=1&days=14&limit=500 HTTP/1.1" 200 12741 "-" "Mozilla/5.0 (compatible; MJ12bot/v1.4.8; http://mj12bot.com/)"
185.119.81.109 - adva [08/Feb/2021:04:29:29 +0100] "GET /mediawiki/index.php?title=WS2811B_RGB_LED_RPi&action=info HTTP/1.1" 200 8183 "-" "Mozilla/5.0 (Windows NT 10.0; Win64; x64) AppleWebKit/537.36 (KHTML, like Gecko) Chrome/74.0.3729.169 Safari/537.36"
185.119.81.109 - adva [08/Feb/2021:04:29:31 +0100] "GET /mediawiki/index.php?title=WS2811B_RGB_LED_RPi&action=edit HTTP/1.1" 200 7833 "-" "Mozilla/5.0 (Windows NT 10.0; Win64; x64) AppleWebKit/537.36 (KHTML, like Gecko) Chrome/74.0.3729.169 Safari/537.36"
37.230.43.146 - - [08/Feb/2021:04:29:50 +0100] "GET /nx/ocs/v2.php/apps/notifications/api/v2/notifications HTTP/1.1" 304 3485 "-" "Mozilla/5.0 (Windows NT 10.0; Win64; x64; rv:85.0) Gecko/20100101 Firefox/85.0"
192.99.5.225 - - [08/Feb/2021:04:29:57 +0100] "GET /mediawiki/index.php?title=Spezial:Letzte_%C3%84nderungen&hidemyself=1&days=14&printable=yes HTTP/1.1" 200 12701 "-" "Mozilla/5.0 (compatible; MJ12bot/v1.4.8; http://mj12bot.com/)"
192.99.5.225 - - [08/Feb/2021:04:30:15 +0100] "GET /mediawiki/index.php?title=Spezial:Letzte_%C3%84nderungen&hidemyself=1&days=30 HTTP/1.1" 200 15127 "-" "Mozilla/5.0 (compatible; MJ12bot/v1.4.8; http://mj12bot.com/)"
37.230.43.146 - - [08/Feb/2021:04:30:20 +0100] "GET /nx/ocs/v2.php/apps/notifications/api/v2/notifications HTTP/1.1" 304 468 "-" "Mozilla/5.0 (Windows NT 10.0; Win64; x64; rv:85.0) Gecko/20100101 Firefox/85.0"
192.99.5.225 - - [08/Feb/2021:04:30:46 +0100] "GET /mediawiki/index.php?title=Spezial:Letzte_%C3%84nderungen&hidemyself=1&days=30&limit=100 HTTP/1.1" 200 15156 "-" "Mozilla/5.0 (compatible; MJ12bot/v1.4.8; http://mj12bot.com/)"
37.230.43.146 - - [08/Feb/2021:04:30:50 +0100] "GET /nx/ocs/v2.php/apps/notifications/api/v2/notifications HTTP/1.1" 304 468 "-" "Mozilla/5.0 (Windows NT 10.0; Win64; x64; rv:85.0) Gecko/20100101 Firefox/85.0"
213.133.113.83 - - [08/Feb/2021:04:30:53 +0100] "GET / HTTP/1.1" 200 8194 "-" "Hetzner System Monitoring"
192.99.5.225 - - [08/Feb/2021:04:31:15 +0100] "GET /mediawiki/index.php?title=Spezial:Letzte_%C3%84nderungen&hidemyself=1&days=30&limit=250 HTTP/1.1" 200 15156 "-" "Mozilla/5.0 (compatible; MJ12bot/v1.4.8; http://mj12bot.com/)"
37.230.43.146 - - [08/Feb/2021:04:31:20 +0100] "GET /nx/ocs/v2.php/apps/notifications/api/v2/notifications HTTP/1.1" 304 468 "-" "Mozilla/5.0 (Windows NT 10.0; Win64; x64; rv:85.0) Gecko/20100101 Firefox/85.0"
192.99.5.225 - - [08/Feb/2021:04:31:49 +0100] "GET /mediawiki/index.php?title=Spezial:Letzte_%C3%84nderungen&hidemyself=1&days=30&printable=yes HTTP/1.1" 200 15102 "-" "Mozilla/5.0 (compatible; MJ12bot/v1.4.8; http://mj12bot.com/)"
37.230.43.146 - - [08/Feb/2021:04:31:50 +0100] "GET /nx/ocs/v2.php/apps/notifications/api/v2/notifications HTTP/1.1" 304 468 "-" "Mozilla/5.0 (Windows NT 10.0; Win64; x64; rv:85.0) Gecko/20100101 Firefox/85.0"
37.230.43.146 - - [08/Feb/2021:04:32:20 +0100] "GET /nx/ocs/v2.php/apps/notifications/api/v2/notifications HTTP/1.1" 304 468 "-" "Mozilla/5.0 (Windows NT 10.0; Win64; x64; rv:85.0) Gecko/20100101 Firefox/85.0"
37.230.43.146 - - [08/Feb/2021:04:32:21 +0100] "PUT /nx/index.php/apps/user_status/heartbeat HTTP/1.1" 204 871 "-" "Mozilla/5.0 (Windows NT 10.0; Win64; x64; rv:85.0) Gecko/20100101 Firefox/85.0"
37.230.43.146 - - [08/Feb/2021:04:32:21 +0100] "GET /nx/ocs/v2.php/apps/user_status/api/v1/user_status HTTP/1.1" 200 1087 "-" "Mozilla/5.0 (Windows NT 10.0; Win64; x64; rv:85.0) Gecko/20100101 Firefox/85.0"
37.230.43.146 - - [08/Feb/2021:04:32:22 +0100] "PUT /nx/index.php/apps/user_status/heartbeat HTTP/1.1" 204 871 "-" "Mozilla/5.0 (Windows NT 10.0; Win64; x64; rv:85.0) Gecko/20100101 Firefox/85.0"
192.99.5.225 - - [08/Feb/2021:04:32:22 +0100] "GET /mediawiki/index.php?title=Spezial:Letzte_%C3%84nderungen&hidemyself=1&hidebots=0&limit=100 HTTP/1.1" 200 11535 "-" "Mozilla/5.0 (compatible; MJ12bot/v1.4.8; http://mj12bot.com/)"
37.230.43.146 - - [08/Feb/2021:04:32:22 +0100] "GET /nx/ocs/v2.php/apps/user_status/api/v1/user_status HTTP/1.1" 200 1087 "-" "Mozilla/5.0 (Windows NT 10.0; Win64; x64; rv:85.0) Gecko/20100101 Firefox/85.0"
192.99.5.225 - - [08/Feb/2021:04:32:45 +0100] "GET /mediawiki/index.php?title=Spezial:Letzte_%C3%84nderungen&hidemyself=1&hidebots=0&limit=250 HTTP/1.1" 200 11535 "-" "Mozilla/5.0 (compatible; MJ12bot/v1.4.8; http://mj12bot.com/)"
37.230.43.146 - - [08/Feb/2021:04:32:50 +0100] "GET /nx/ocs/v2.php/apps/notifications/api/v2/notifications HTTP/1.1" 304 468 "-" "Mozilla/5.0 (Windows NT 10.0; Win64; x64; rv:85.0) Gecko/20100101 Firefox/85.0"
192.99.5.225 - - [08/Feb/2021:04:33:03 +0100] "GET /mediawiki/index.php?title=Spezial:Letzte_%C3%84nderungen&limit=100 HTTP/1.1" 200 11485 "-" "Mozilla/5.0 (compatible; MJ12bot/v1.4.8; http://mj12bot.com/)"
37.230.43.146 - - [08/Feb/2021:04:33:20 +0100] "GET /nx/ocs/v2.php/apps/notifications/api/v2/notifications HTTP/1.1" 304 468 "-" "Mozilla/5.0 (Windows NT 10.0; Win64; x64; rv:85.0) Gecko/20100101 Firefox/85.0"
192.99.5.225 - - [08/Feb/2021:04:33:28 +0100] "GET /mediawiki/index.php?title=Spezial:Letzte_%C3%84nderungen&limit=100&days=14 HTTP/1.1" 200 12720 "-" "Mozilla/5.0 (compatible; MJ12bot/v1.4.8; http://mj12bot.com/)"
37.230.43.146 - - [08/Feb/2021:04:33:50 +0100] "GET /nx/ocs/v2.php/apps/notifications/api/v2/notifications HTTP/1.1" 304 468 "-" "Mozilla/5.0 (Windows NT 10.0; Win64; x64; rv:85.0) Gecko/20100101 Firefox/85.0"
192.99.5.225 - - [08/Feb/2021:04:33:51 +0100] "GET /mediawiki/index.php?title=Spezial:Letzte_%C3%84nderungen&limit=100&days=14&printable=yes HTTP/1.1" 200 12696 "-" "Mozilla/5.0 (compatible; MJ12bot/v1.4.8; http://mj12bot.com/)"
37.230.43.146 - - [08/Feb/2021:04:34:20 +0100] "GET /nx/ocs/v2.php/apps/notifications/api/v2/notifications HTTP/1.1" 304 468 "-" "Mozilla/5.0 (Windows NT 10.0; Win64; x64; rv:85.0) Gecko/20100101 Firefox/85.0"
37.230.43.146 - - [08/Feb/2021:04:34:21 +0100] "GET /nx/index.php/csrftoken HTTP/1.1" 200 1029 "-" "Mozilla/5.0 (Windows NT 10.0; Win64; x64; rv:85.0) Gecko/20100101 Firefox/85.0"
192.99.5.225 - - [08/Feb/2021:04:34:21 +0100] "GET /mediawiki/index.php?title=Spezial:Letzte_%C3%84nderungen&limit=100&days=30 HTTP/1.1" 200 15119 "-" "Mozilla/5.0 (compatible; MJ12bot/v1.4.8; http://mj12bot.com/)"
192.99.5.225 - - [08/Feb/2021:04:34:43 +0100] "GET /mediawiki/index.php?title=Spezial:Letzte_%C3%84nderungen&limit=100&days=30&printable=yes HTTP/1.1" 200 15095 "-" "Mozilla/5.0 (compatible; MJ12bot/v1.4.8; http://mj12bot.com/)"
37.230.43.146 - - [08/Feb/2021:04:34:50 +0100] "GET /nx/ocs/v2.php/apps/notifications/api/v2/notifications HTTP/1.1" 304 3485 "-" "Mozilla/5.0 (Windows NT 10.0; Win64; x64; rv:85.0) Gecko/20100101 Firefox/85.0"
192.99.5.225 - - [08/Feb/2021:04:35:03 +0100] "GET /mediawiki/index.php?title=Spezial:Letzte_%C3%84nderungen&limit=100&hidebots=0 HTTP/1.1" 200 11502 "-" "Mozilla/5.0 (compatible; MJ12bot/v1.4.8; http://mj12bot.com/)"
5.9.66.153 - - [08/Feb/2021:04:35:07 +0100] "GET /robots.txt HTTP/1.1" 404 3652 "-" "Mozilla/5.0 (compatible; MJ12bot/v1.4.8; http://mj12bot.com/)"
5.9.66.153 - - [08/Feb/2021:04:35:09 +0100] "GET /mediawiki/index.php?title=Spezial:Letzte_%C3%84nderungen&from=20210207145731&fromFormatted=15:57,%207.%20Feb.%202021&userExpLevel=registered&limit=100 HTTP/1.1" 404 31466 "-" "Mozilla/5.0 (compatible; MJ12bot/v1.4.8; http://mj12bot.com/)"
5.9.66.153 - - [08/Feb/2021:04:35:11 +0100] "GET /mediawiki/index.php?title=Spezial:Letzte_%C3%84nderungen&from=20210207145735&fromFormatted=15:57,%207.%20Feb.%202021&hidebots=0&limit=250 HTTP/1.1" 404 31097 "-" "Mozilla/5.0 (compatible; MJ12bot/v1.4.8; http://mj12bot.com/)"
5.9.66.153 - - [08/Feb/2021:04:35:14 +0100] "GET /mediawiki/index.php?title=Spezial:Letzte_%C3%84nderungen&from=20210207145746&fromFormatted=15:57,%207.%20Feb.%202021&hidemyself=1&limit=250 HTTP/1.1" 404 31205 "-" "Mozilla/5.0 (compatible; MJ12bot/v1.4.8; http://mj12bot.com/)"
5.9.66.153 - - [08/Feb/2021:04:35:17 +0100] "GET /mediawiki/index.php?title=Spezial:Letzte_%C3%84nderungen&from=20210207145750&fromFormatted=15:57,%207.%20Feb.%202021&userExpLevel=registered&limit=250 HTTP/1.1" 404 31466 "-" "Mozilla/5.0 (compatible; MJ12bot/v1.4.8; http://mj12bot.com/)"
5.9.66.153 - - [08/Feb/2021:04:35:20 +0100] "GET /mediawiki/index.php?title=Spezial:Letzte_%C3%84nderungen&from=20210207145753&fromFormatted=15:57,%207.%20Feb.%202021&days=14 HTTP/1.1" 404 30774 "-" "Mozilla/5.0 (compatible; MJ12bot/v1.4.8; http://mj12bot.com/)"
37.230.43.146 - - [08/Feb/2021:04:35:22 +0100] "GET /nx/ocs/v2.php/apps/notifications/api/v2/notifications HTTP/1.1" 304 468 "-" "Mozilla/5.0 (Windows NT 10.0; Win64; x64; rv:85.0) Gecko/20100101 Firefox/85.0"
5.9.66.153 - - [08/Feb/2021:04:35:22 +0100] "GET /mediawiki/index.php?title=Spezial:Letzte_%C3%84nderungen&from=20210207145836&fromFormatted=15:58,%207.%20Feb.%202021&days=14&limit=100 HTTP/1.1" 404 31032 "-" "Mozilla/5.0 (compatible; MJ12bot/v1.4.8; http://mj12bot.com/)"
5.9.66.153 - - [08/Feb/2021:04:35:25 +0100] "GET /mediawiki/index.php?title=Spezial:Letzte_%C3%84nderungen&from=20210207145935&fromFormatted=15:59,%207.%20Feb.%202021&hidebots=0 HTTP/1.1" 404 30839 "-" "Mozilla/5.0 (compatible; MJ12bot/v1.4.8; http://mj12bot.com/)"
5.9.66.153 - - [08/Feb/2021:04:35:27 +0100] "GET /mediawiki/index.php?title=Spezial:Letzte_%C3%84nderungen&from=20210207150036&fromFormatted=16:00,%207.%20Feb.%202021&userExpLevel=registered&days=14 HTTP/1.1" 404 31423 "-" "Mozilla/5.0 (compatible; MJ12bot/v1.4.8; http://mj12bot.com/)"
192.99.5.225 - - [08/Feb/2021:04:35:33 +0100] "GET /mediawiki/index.php?title=Spezial:Letzte_%C3%84nderungen&limit=100&hidebots=0&days=14 HTTP/1.1" 200 12727 "-" "Mozilla/5.0 (compatible; MJ12bot/v1.4.8; http://mj12bot.com/)"
5.9.66.153 - - [08/Feb/2021:04:35:35 +0100] "GET /mediawiki/index.php?title=Spezial:Letzte_%C3%84nderungen&from=20210207150041&fromFormatted=16:00,%207.%20Feb.%202021&days=30&limit=100 HTTP/1.1" 404 31032 "-" "Mozilla/5.0 (compatible; MJ12bot/v1.4.8; http://mj12bot.com/)"
5.9.66.153 - - [08/Feb/2021:04:35:41 +0100] "GET /mediawiki/index.php?title=Spezial:Letzte_%C3%84nderungen&from=20210207150046&fromFormatted=16:00,%207.%20Feb.%202021&days=30&limit=100 HTTP/1.1" 404 31032 "-" "Mozilla/5.0 (compatible; MJ12bot/v1.4.8; http://mj12bot.com/)"
5.9.66.153 - - [08/Feb/2021:04:35:46 +0100] "GET /mediawiki/index.php?title=Spezial:Letzte_%C3%84nderungen&from=20210207150049&fromFormatted=16:00,%207.%20Feb.%202021&days=30&limit=250 HTTP/1.1" 404 31032 "-" "Mozilla/5.0 (compatible; MJ12bot/v1.4.8; http://mj12bot.com/)"
37.230.43.146 - - [08/Feb/2021:04:35:50 +0100] "GET /nx/ocs/v2.php/apps/notifications/api/v2/notifications HTTP/1.1" 304 468 "-" "Mozilla/5.0 (Windows NT 10.0; Win64; x64; rv:85.0) Gecko/20100101 Firefox/85.0"
5.9.66.153 - - [08/Feb/2021:04:35:53 +0100] "GET /mediawiki/index.php?title=Spezial:Letzte_%C3%84nderungen&from=20210207150053&fromFormatted=16:00,%207.%20Feb.%202021&hidemyself=1&days=30 HTTP/1.1" 404 31162 "-" "Mozilla/5.0 (compatible; MJ12bot/v1.4.8; http://mj12bot.com/)"
5.9.66.153 - - [08/Feb/2021:04:35:56 +0100] "GET /mediawiki/index.php?title=Spezial:Letzte_%C3%84nderungen&from=20210207150056&fromFormatted=16:00,%207.%20Feb.%202021&hidemyself=1&days=30 HTTP/1.1" 404 31162 "-" "Mozilla/5.0 (compatible; MJ12bot/v1.4.8; http://mj12bot.com/)"
192.99.5.225 - - [08/Feb/2021:04:36:00 +0100] "GET /mediawiki/index.php?title=Spezial:Letzte_%C3%84nderungen&limit=100&hidebots=0&days=30 HTTP/1.1" 200 15133 "-" "Mozilla/5.0 (compatible; MJ12bot/v1.4.8; http://mj12bot.com/)"
5.9.66.153 - - [08/Feb/2021:04:36:02 +0100] "GET /mediawiki/index.php?title=Spezial:Letzte_%C3%84nderungen&from=20210207150102&fromFormatted=16:01,%207.%20Feb.%202021&hidemyself=1&limit=100 HTTP/1.1" 404 31205 "-" "Mozilla/5.0 (compatible; MJ12bot/v1.4.8; http://mj12bot.com/)"
5.9.66.153 - - [08/Feb/2021:04:36:06 +0100] "GET /mediawiki/index.php?title=Spezial:Letzte_%C3%84nderungen&from=20210207150105&fromFormatted=16:01,%207.%20Feb.%202021&limit=250 HTTP/1.1" 404 30817 "-" "Mozilla/5.0 (compatible; MJ12bot/v1.4.8; http://mj12bot.com/)"
5.9.66.153 - - [08/Feb/2021:04:36:11 +0100] "GET /mediawiki/index.php?title=Spezial:Letzte_%C3%84nderungen&from=20210207150109&fromFormatted=16:01,%207.%20Feb.%202021&userExpLevel=registered&days=30 HTTP/1.1" 404 31423 "-" "Mozilla/5.0 (compatible; MJ12bot/v1.4.8; http://mj12bot.com/)"
5.9.66.153 - - [08/Feb/2021:04:36:18 +0100] "GET /mediawiki/index.php?title=Spezial:Letzte_%C3%84nderungen&from=20210207150112&fromFormatted=16:01,%207.%20Feb.%202021&hidemyself=1&limit=100 HTTP/1.1" 404 31205 "-" "Mozilla/5.0 (compatible; MJ12bot/v1.4.8; http://mj12bot.com/)"
