37.230.43.146 - - [08/Feb/2021:04:36:20 +0100] "GET /nx/ocs/v2.php/apps/notifications/api/v2/notifications HTTP/1.1" 304 468 "-" "Mozilla/5.0 (Windows NT 10.0; Win64; x64; rv:85.0) Gecko/20100101 Firefox/85.0"
5.9.66.153 - - [08/Feb/2021:04:36:24 +0100] "GET /mediawiki/index.php?title=Spezial:Letzte_%C3%84nderungen&from=20210207150115&fromFormatted=16:01,%207.%20Feb.%202021&hidemyself=1&limit=250 HTTP/1.1" 404 31205 "-" "Mozilla/5.0 (compatible; MJ12bot/v1.4.8; http://mj12bot.com/)"
192.99.5.225 - - [08/Feb/2021:04:36:20 +0100] "GET /mediawiki/index.php?title=Spezial:Letzte_%C3%84nderungen&limit=100&hidebots=0&hideminor=1 HTTP/1.1" 404 33667 "-" "Mozilla/5.0 (compatible; MJ12bot/v1.4.8; http://mj12bot.com/)"
5.9.66.153 - - [08/Feb/2021:04:36:29 +0100] "GET /mediawiki/index.php?title=Spezial:Letzte_%C3%84nderungen&from=20210207150118&fromFormatted=16:01,%207.%20Feb.%202021&hidemyself=1&limit=250 HTTP/1.1" 404 31205 "-" "Mozilla/5.0 (compatible; MJ12bot/v1.4.8; http://mj12bot.com/)"
5.9.66.153 - - [08/Feb/2021:04:36:36 +0100] "GET /mediawiki/index.php?title=Spezial:Letzte_%C3%84nderungen&from=20210207150122&fromFormatted=16:01,%207.%20Feb.%202021&hidemyself=1&limit=500 HTTP/1.1" 404 31205 "-" "Mozilla/5.0 (compatible; MJ12bot/v1.4.8; http://mj12bot.com/)"
5.9.66.153 - - [08/Feb/2021:04:36:42 +0100] "GET /mediawiki/index.php?title=Spezial:Letzte_%C3%84nderungen&from=20210207150132&fromFormatted=16:01,%207.%20Feb.%202021&limit=100 HTTP/1.1" 404 30817 "-" "Mozilla/5.0 (compatible; MJ12bot/v1.4.8; http://mj12bot.com/)"
192.99.5.225 - - [08/Feb/2021:04:36:45 +0100] "GET /mediawiki/index.php?title=Spezial:Letzte_%C3%84nderungen&limit=100&hidebots=0&printable=yes HTTP/1.1" 200 11472 "-" "Mozilla/5.0 (compatible; MJ12bot/v1.4.8; http://mj12bot.com/)"
37.230.43.146 - - [08/Feb/2021:04:36:50 +0100] "GET /nx/ocs/v2.php/apps/notifications/api/v2/notifications HTTP/1.1" 304 468 "-" "Mozilla/5.0 (Windows NT 10.0; Win64; x64; rv:85.0) Gecko/20100101 Firefox/85.0"
5.9.66.153 - - [08/Feb/2021:04:36:53 +0100] "GET /mediawiki/index.php?title=Spezial:Letzte_%C3%84nderungen&from=20210207160215&fromFormatted=17:02,%207.%20Feb.%202021 HTTP/1.1" 404 30559 "-" "Mozilla/5.0 (compatible; MJ12bot/v1.4.8; http://mj12bot.com/)"
5.9.66.153 - - [08/Feb/2021:04:37:06 +0100] "GET /mediawiki/index.php?title=Spezial:Letzte_%C3%84nderungen&from=20210207160332&fromFormatted=17:03,%207.%20Feb.%202021&days=14&limit=500 HTTP/1.1" 404 31032 "-" "Mozilla/5.0 (compatible; MJ12bot/v1.4.8; http://mj12bot.com/)"
5.9.66.153 - - [08/Feb/2021:04:37:13 +0100] "GET /mediawiki/index.php?title=Spezial:Letzte_%C3%84nderungen&from=20210207160416&fromFormatted=17:04,%207.%20Feb.%202021&hidemyself=1&limit=100 HTTP/1.1" 404 31205 "-" "Mozilla/5.0 (compatible; MJ12bot/v1.4.8; http://mj12bot.com/)"
192.99.5.225 - - [08/Feb/2021:04:37:15 +0100] "GET /mediawiki/index.php?title=Spezial:Letzte_%C3%84nderungen&limit=250&hideminor=1&days=30 HTTP/1.1" 200 13770 "-" "Mozilla/5.0 (compatible; MJ12bot/v1.4.8; http://mj12bot.com/)"
37.230.43.146 - - [08/Feb/2021:04:37:20 +0100] "GET /nx/ocs/v2.php/apps/notifications/api/v2/notifications HTTP/1.1" 304 468 "-" "Mozilla/5.0 (Windows NT 10.0; Win64; x64; rv:85.0) Gecko/20100101 Firefox/85.0"
37.230.43.146 - - [08/Feb/2021:04:37:21 +0100] "PUT /nx/index.php/apps/user_status/heartbeat HTTP/1.1" 204 871 "-" "Mozilla/5.0 (Windows NT 10.0; Win64; x64; rv:85.0) Gecko/20100101 Firefox/85.0"
37.230.43.146 - - [08/Feb/2021:04:37:21 +0100] "GET /nx/ocs/v2.php/apps/user_status/api/v1/user_status HTTP/1.1" 200 1087 "-" "Mozilla/5.0 (Windows NT 10.0; Win64; x64; rv:85.0) Gecko/20100101 Firefox/85.0"
37.230.43.146 - - [08/Feb/2021:04:37:22 +0100] "PUT /nx/index.php/apps/user_status/heartbeat HTTP/1.1" 204 871 "-" "Mozilla/5.0 (Windows NT 10.0; Win64; x64; rv:85.0) Gecko/20100101 Firefox/85.0"
5.9.66.153 - - [08/Feb/2021:04:37:22 +0100] "GET /mediawiki/index.php?title=Spezial:Letzte_%C3%84nderungen&from=20210207160652&fromFormatted=17:06,%207.%20Feb.%202021&days=30 HTTP/1.1" 404 30774 "-" "Mozilla/5.0 (compatible; MJ12bot/v1.4.8; http://mj12bot.com/)"
37.230.43.146 - - [08/Feb/2021:04:37:22 +0100] "GET /nx/ocs/v2.php/apps/user_status/api/v1/user_status HTTP/1.1" 200 1087 "-" "Mozilla/5.0 (Windows NT 10.0; Win64; x64; rv:85.0) Gecko/20100101 Firefox/85.0"
5.9.66.153 - - [08/Feb/2021:04:37:30 +0100] "GET /mediawiki/index.php?title=Spezial:Letzte_%C3%84nderungen&from=20210207160710&fromFormatted=17:07,%207.%20Feb.%202021&hidemyself=1&limit=250 HTTP/1.1" 404 31205 "-" "Mozilla/5.0 (compatible; MJ12bot/v1.4.8; http://mj12bot.com/)"
213.133.113.83 - - [08/Feb/2021:04:37:33 +0100] "GET / HTTP/1.1" 200 8194 "-" "Hetzner System Monitoring"
5.9.66.153 - - [08/Feb/2021:04:37:37 +0100] "GET /mediawiki/index.php?title=Spezial:Letzte_%C3%84nderungen&from=20210207160719&fromFormatted=17:07,%207.%20Feb.%202021&days=30&limit=500 HTTP/1.1" 404 31032 "-" "Mozilla/5.0 (compatible; MJ12bot/v1.4.8; http://mj12bot.com/)"
192.99.5.225 - - [08/Feb/2021:04:37:44 +0100] "GET /mediawiki/index.php?title=Spezial:Letzte_%C3%84nderungen&limit=250&hideminor=1&printable=yes HTTP/1.1" 404 33248 "-" "Mozilla/5.0 (compatible; MJ12bot/v1.4.8; http://mj12bot.com/)"
5.9.66.153 - - [08/Feb/2021:04:37:45 +0100] "GET /mediawiki/index.php?title=Spezial:Letzte_%C3%84nderungen&from=20210207160728&fromFormatted=17:07,%207.%20Feb.%202021&days=30&limit=500 HTTP/1.1" 404 31032 "-" "Mozilla/5.0 (compatible; MJ12bot/v1.4.8; http://mj12bot.com/)"
5.9.66.153 - - [08/Feb/2021:04:37:50 +0100] "GET /mediawiki/index.php?title=Spezial:Letzte_%C3%84nderungen&from=20210207160910&fromFormatted=17:09,%207.%20Feb.%202021&hideminor=1&days=14 HTTP/1.1" 404 31141 "-" "Mozilla/5.0 (compatible; MJ12bot/v1.4.8; http://mj12bot.com/)"
37.230.43.146 - - [08/Feb/2021:04:37:50 +0100] "GET /nx/ocs/v2.php/apps/notifications/api/v2/notifications HTTP/1.1" 304 468 "-" "Mozilla/5.0 (Windows NT 10.0; Win64; x64; rv:85.0) Gecko/20100101 Firefox/85.0"
192.99.5.225 - - [08/Feb/2021:04:38:00 +0100] "GET /mediawiki/index.php?title=Spezial:Letzte_%C3%84nderungen&limit=250&hidemyself=1&days=14 HTTP/1.1" 200 12753 "-" "Mozilla/5.0 (compatible; MJ12bot/v1.4.8; http://mj12bot.com/)"
37.230.43.146 - - [08/Feb/2021:04:38:20 +0100] "GET /nx/ocs/v2.php/apps/notifications/api/v2/notifications HTTP/1.1" 304 468 "-" "Mozilla/5.0 (Windows NT 10.0; Win64; x64; rv:85.0) Gecko/20100101 Firefox/85.0"
192.99.5.225 - - [08/Feb/2021:04:38:31 +0100] "GET /mediawiki/index.php?title=Spezial:Letzte_%C3%84nderungen&limit=250&hidemyself=1&days=30 HTTP/1.1" 200 15161 "-" "Mozilla/5.0 (compatible; MJ12bot/v1.4.8; http://mj12bot.com/)"
37.230.43.146 - - [08/Feb/2021:04:38:50 +0100] "GET /nx/ocs/v2.php/apps/notifications/api/v2/notifications HTTP/1.1" 304 468 "-" "Mozilla/5.0 (Windows NT 10.0; Win64; x64; rv:85.0) Gecko/20100101 Firefox/85.0"
192.99.5.225 - - [08/Feb/2021:04:39:02 +0100] "GET /mediawiki/index.php?title=Spezial:Letzte_%C3%84nderungen&limit=250&hidemyself=1&hidebots=0 HTTP/1.1" 200 11534 "-" "Mozilla/5.0 (compatible; MJ12bot/v1.4.8; http://mj12bot.com/)"
192.99.5.225 - - [08/Feb/2021:04:39:18 +0100] "GET /mediawiki/index.php?title=Spezial:Letzte_%C3%84nderungen&limit=250&hidemyself=1&printable=yes HTTP/1.1" 200 11494 "-" "Mozilla/5.0 (compatible; MJ12bot/v1.4.8; http://mj12bot.com/)"
37.230.43.146 - - [08/Feb/2021:04:39:20 +0100] "GET /nx/ocs/v2.php/apps/notifications/api/v2/notifications HTTP/1.1" 304 468 "-" "Mozilla/5.0 (Windows NT 10.0; Win64; x64; rv:85.0) Gecko/20100101 Firefox/85.0"
192.99.5.225 - - [08/Feb/2021:04:39:39 +0100] "GET /mediawiki/index.php?title=Spezial:Letzte_%C3%84nderungen&limit=250&userExpLevel=registered HTTP/1.1" 200 11529 "-" "Mozilla/5.0 (compatible; MJ12bot/v1.4.8; http://mj12bot.com/)"
37.230.43.146 - - [08/Feb/2021:04:39:52 +0100] "GET /nx/ocs/v2.php/apps/notifications/api/v2/notifications HTTP/1.1" 304 3485 "-" "Mozilla/5.0 (Windows NT 10.0; Win64; x64; rv:85.0) Gecko/20100101 Firefox/85.0"
192.99.5.225 - - [08/Feb/2021:04:40:02 +0100] "GET /mediawiki/index.php?title=Spezial:Letzte_%C3%84nderungen&limit=250&userExpLevel=registered&days=14 HTTP/1.1" 200 12766 "-" "Mozilla/5.0 (compatible; MJ12bot/v1.4.8; http://mj12bot.com/)"
192.99.5.225 - - [08/Feb/2021:04:40:15 +0100] "GET /mediawiki/index.php?title=Spezial:Letzte_%C3%84nderungen&limit=250&userExpLevel=registered&days=30 HTTP/1.1" 200 15176 "-" "Mozilla/5.0 (compatible; MJ12bot/v1.4.8; http://mj12bot.com/)"
37.230.43.146 - - [08/Feb/2021:04:40:20 +0100] "GET /nx/ocs/v2.php/apps/notifications/api/v2/notifications HTTP/1.1" 304 468 "-" "Mozilla/5.0 (Windows NT 10.0; Win64; x64; rv:85.0) Gecko/20100101 Firefox/85.0"
192.99.5.225 - - [08/Feb/2021:04:40:35 +0100] "GET /mediawiki/index.php?title=Spezial:Letzte_%C3%84nderungen&limit=250&userExpLevel=registered&hidebots=0 HTTP/1.1" 200 11543 "-" "Mozilla/5.0 (compatible; MJ12bot/v1.4.8; http://mj12bot.com/)"
37.230.43.146 - - [08/Feb/2021:04:40:50 +0100] "GET /nx/ocs/v2.php/apps/notifications/api/v2/notifications HTTP/1.1" 304 468 "-" "Mozilla/5.0 (Windows NT 10.0; Win64; x64; rv:85.0) Gecko/20100101 Firefox/85.0"
192.99.5.225 - - [08/Feb/2021:04:40:58 +0100] "GET /mediawiki/index.php?title=Spezial:Letzte_%C3%84nderungen&limit=250&userExpLevel=registered&hideminor=1 HTTP/1.1" 404 34023 "-" "Mozilla/5.0 (compatible; MJ12bot/v1.4.8; http://mj12bot.com/)"
37.230.43.146 - - [08/Feb/2021:04:41:20 +0100] "GET /nx/ocs/v2.php/apps/notifications/api/v2/notifications HTTP/1.1" 304 468 "-" "Mozilla/5.0 (Windows NT 10.0; Win64; x64; rv:85.0) Gecko/20100101 Firefox/85.0"
192.99.5.225 - - [08/Feb/2021:04:41:29 +0100] "GET /mediawiki/index.php?title=Spezial:Letzte_%C3%84nderungen&limit=250&userExpLevel=registered&hidemyself=1 HTTP/1.1" 200 11560 "-" "Mozilla/5.0 (compatible; MJ12bot/v1.4.8; http://mj12bot.com/)"
192.99.5.225 - - [08/Feb/2021:04:41:47 +0100] "GET /mediawiki/index.php?title=Spezial:Letzte_%C3%84nderungen&limit=250&userExpLevel=registered&printable=yes HTTP/1.1" 200 11501 "-" "Mozilla/5.0 (compatible; MJ12bot/v1.4.8; http://mj12bot.com/)"
37.230.43.146 - - [08/Feb/2021:04:41:50 +0100] "GET /nx/ocs/v2.php/apps/notifications/api/v2/notifications HTTP/1.1" 304 468 "-" "Mozilla/5.0 (Windows NT 10.0; Win64; x64; rv:85.0) Gecko/20100101 Firefox/85.0"
192.99.5.225 - - [08/Feb/2021:04:42:11 +0100] "GET /mediawiki/index.php?title=Spezial:Letzte_%C3%84nderungen&limit=50 HTTP/1.1" 200 11471 "-" "Mozilla/5.0 (compatible; MJ12bot/v1.4.8; http://mj12bot.com/)"
37.230.43.146 - - [08/Feb/2021:04:42:20 +0100] "GET /nx/ocs/v2.php/apps/notifications/api/v2/notifications HTTP/1.1" 304 468 "-" "Mozilla/5.0 (Windows NT 10.0; Win64; x64; rv:85.0) Gecko/20100101 Firefox/85.0"
37.230.43.146 - - [08/Feb/2021:04:42:21 +0100] "PUT /nx/index.php/apps/user_status/heartbeat HTTP/1.1" 204 871 "-" "Mozilla/5.0 (Windows NT 10.0; Win64; x64; rv:85.0) Gecko/20100101 Firefox/85.0"
37.230.43.146 - - [08/Feb/2021:04:42:21 +0100] "GET /nx/ocs/v2.php/apps/user_status/api/v1/user_status HTTP/1.1" 200 1087 "-" "Mozilla/5.0 (Windows NT 10.0; Win64; x64; rv:85.0) Gecko/20100101 Firefox/85.0"
37.230.43.146 - - [08/Feb/2021:04:42:22 +0100] "PUT /nx/index.php/apps/user_status/heartbeat HTTP/1.1" 204 871 "-" "Mozilla/5.0 (Windows NT 10.0; Win64; x64; rv:85.0) Gecko/20100101 Firefox/85.0"
37.230.43.146 - - [08/Feb/2021:04:42:22 +0100] "GET /nx/ocs/v2.php/apps/user_status/api/v1/user_status HTTP/1.1" 200 1087 "-" "Mozilla/5.0 (Windows NT 10.0; Win64; x64; rv:85.0) Gecko/20100101 Firefox/85.0"
192.99.5.225 - - [08/Feb/2021:04:42:32 +0100] "GET /mediawiki/index.php?title=Spezial:Letzte_%C3%84nderungen&limit=50&days=14 HTTP/1.1" 200 12701 "-" "Mozilla/5.0 (compatible; MJ12bot/v1.4.8; http://mj12bot.com/)"
37.230.43.146 - - [08/Feb/2021:04:42:50 +0100] "GET /nx/ocs/v2.php/apps/notifications/api/v2/notifications HTTP/1.1" 304 468 "-" "Mozilla/5.0 (Windows NT 10.0; Win64; x64; rv:85.0) Gecko/20100101 Firefox/85.0"
192.99.5.225 - - [08/Feb/2021:04:42:52 +0100] "GET /mediawiki/index.php?title=Spezial:Letzte_%C3%84nderungen&limit=50&days=14&printable=yes HTTP/1.1" 200 12682 "-" "Mozilla/5.0 (compatible; MJ12bot/v1.4.8; http://mj12bot.com/)"
192.99.5.225 - - [08/Feb/2021:04:43:10 +0100] "GET /mediawiki/index.php?title=Spezial:Letzte_%C3%84nderungen&limit=50&days=30 HTTP/1.1" 200 15103 "-" "Mozilla/5.0 (compatible; MJ12bot/v1.4.8; http://mj12bot.com/)"
37.230.43.146 - - [08/Feb/2021:04:43:20 +0100] "GET /nx/ocs/v2.php/apps/notifications/api/v2/notifications HTTP/1.1" 304 468 "-" "Mozilla/5.0 (Windows NT 10.0; Win64; x64; rv:85.0) Gecko/20100101 Firefox/85.0"
192.99.5.225 - - [08/Feb/2021:04:43:29 +0100] "GET /mediawiki/index.php?title=Spezial:Letzte_%C3%84nderungen&limit=50&hidebots=0&hideminor=1 HTTP/1.1" 404 33463 "-" "Mozilla/5.0 (compatible; MJ12bot/v1.4.8; http://mj12bot.com/)"
192.99.5.225 - - [08/Feb/2021:04:43:48 +0100] "GET /mediawiki/index.php?title=Spezial:Letzte_%C3%84nderungen&limit=500&days=14&printable=yes HTTP/1.1" 200 12693 "-" "Mozilla/5.0 (compatible; MJ12bot/v1.4.8; http://mj12bot.com/)"
37.230.43.146 - - [08/Feb/2021:04:43:50 +0100] "GET /nx/ocs/v2.php/apps/notifications/api/v2/notifications HTTP/1.1" 304 468 "-" "Mozilla/5.0 (Windows NT 10.0; Win64; x64; rv:85.0) Gecko/20100101 Firefox/85.0"
188.40.24.211 - - [08/Feb/2021:04:44:13 +0100] "GET / HTTP/1.1" 200 8194 "-" "Hetzner System Monitoring"
37.230.43.146 - - [08/Feb/2021:04:44:22 +0100] "GET /nx/ocs/v2.php/apps/notifications/api/v2/notifications HTTP/1.1" 304 468 "-" "Mozilla/5.0 (Windows NT 10.0; Win64; x64; rv:85.0) Gecko/20100101 Firefox/85.0"
37.230.43.146 - - [08/Feb/2021:04:44:50 +0100] "GET /nx/ocs/v2.php/apps/notifications/api/v2/notifications HTTP/1.1" 304 468 "-" "Mozilla/5.0 (Windows NT 10.0; Win64; x64; rv:85.0) Gecko/20100101 Firefox/85.0"
37.230.43.146 - - [08/Feb/2021:04:45:20 +0100] "GET /nx/ocs/v2.php/apps/notifications/api/v2/notifications HTTP/1.1" 304 3485 "-" "Mozilla/5.0 (Windows NT 10.0; Win64; x64; rv:85.0) Gecko/20100101 Firefox/85.0"
37.230.43.146 - - [08/Feb/2021:04:45:50 +0100] "GET /nx/ocs/v2.php/apps/notifications/api/v2/notifications HTTP/1.1" 304 468 "-" "Mozilla/5.0 (Windows NT 10.0; Win64; x64; rv:85.0) Gecko/20100101 Firefox/85.0"
37.230.43.146 - - [08/Feb/2021:04:46:20 +0100] "GET /nx/ocs/v2.php/apps/notifications/api/v2/notifications HTTP/1.1" 304 468 "-" "Mozilla/5.0 (Windows NT 10.0; Win64; x64; rv:85.0) Gecko/20100101 Firefox/85.0"
37.230.43.146 - - [08/Feb/2021:04:46:21 +0100] "GET /nx/index.php/csrftoken HTTP/1.1" 200 1030 "-" "Mozilla/5.0 (Windows NT 10.0; Win64; x64; rv:85.0) Gecko/20100101 Firefox/85.0"
37.230.43.146 - - [08/Feb/2021:04:46:50 +0100] "GET /nx/ocs/v2.php/apps/notifications/api/v2/notifications HTTP/1.1" 304 468 "-" "Mozilla/5.0 (Windows NT 10.0; Win64; x64; rv:85.0) Gecko/20100101 Firefox/85.0"
37.230.43.146 - - [08/Feb/2021:04:47:20 +0100] "GET /nx/ocs/v2.php/apps/notifications/api/v2/notifications HTTP/1.1" 304 468 "-" "Mozilla/5.0 (Windows NT 10.0; Win64; x64; rv:85.0) Gecko/20100101 Firefox/85.0"
37.230.43.146 - - [08/Feb/2021:04:47:21 +0100] "PUT /nx/index.php/apps/user_status/heartbeat HTTP/1.1" 204 871 "-" "Mozilla/5.0 (Windows NT 10.0; Win64; x64; rv:85.0) Gecko/20100101 Firefox/85.0"
37.230.43.146 - - [08/Feb/2021:04:47:21 +0100] "GET /nx/ocs/v2.php/apps/user_status/api/v1/user_status HTTP/1.1" 200 1087 "-" "Mozilla/5.0 (Windows NT 10.0; Win64; x64; rv:85.0) Gecko/20100101 Firefox/85.0"
37.230.43.146 - - [08/Feb/2021:04:47:22 +0100] "PUT /nx/index.php/apps/user_status/heartbeat HTTP/1.1" 204 871 "-" "Mozilla/5.0 (Windows NT 10.0; Win64; x64; rv:85.0) Gecko/20100101 Firefox/85.0"
37.230.43.146 - - [08/Feb/2021:04:47:22 +0100] "GET /nx/ocs/v2.php/apps/user_status/api/v1/user_status HTTP/1.1" 200 1087 "-" "Mozilla/5.0 (Windows NT 10.0; Win64; x64; rv:85.0) Gecko/20100101 Firefox/85.0"
37.230.43.146 - - [08/Feb/2021:04:47:50 +0100] "GET /nx/ocs/v2.php/apps/notifications/api/v2/notifications HTTP/1.1" 304 468 "-" "Mozilla/5.0 (Windows NT 10.0; Win64; x64; rv:85.0) Gecko/20100101 Firefox/85.0"
37.230.43.146 - - [08/Feb/2021:04:48:20 +0100] "GET /nx/ocs/v2.php/apps/notifications/api/v2/notifications HTTP/1.1" 304 468 "-" "Mozilla/5.0 (Windows NT 10.0; Win64; x64; rv:85.0) Gecko/20100101 Firefox/85.0"
37.230.43.146 - - [08/Feb/2021:04:48:50 +0100] "GET /nx/ocs/v2.php/apps/notifications/api/v2/notifications HTTP/1.1" 304 468 "-" "Mozilla/5.0 (Windows NT 10.0; Win64; x64; rv:85.0) Gecko/20100101 Firefox/85.0"
37.230.43.146 - - [08/Feb/2021:04:49:20 +0100] "GET /nx/ocs/v2.php/apps/notifications/api/v2/notifications HTTP/1.1" 304 468 "-" "Mozilla/5.0 (Windows NT 10.0; Win64; x64; rv:85.0) Gecko/20100101 Firefox/85.0"
37.230.43.146 - - [08/Feb/2021:04:49:50 +0100] "GET /nx/ocs/v2.php/apps/notifications/api/v2/notifications HTTP/1.1" 304 468 "-" "Mozilla/5.0 (Windows NT 10.0; Win64; x64; rv:85.0) Gecko/20100101 Firefox/85.0"
37.230.43.146 - - [08/Feb/2021:04:50:20 +0100] "GET /nx/ocs/v2.php/apps/notifications/api/v2/notifications HTTP/1.1" 304 468 "-" "Mozilla/5.0 (Windows NT 10.0; Win64; x64; rv:85.0) Gecko/20100101 Firefox/85.0"
37.230.43.146 - - [08/Feb/2021:04:50:50 +0100] "GET /nx/ocs/v2.php/apps/notifications/api/v2/notifications HTTP/1.1" 304 3485 "-" "Mozilla/5.0 (Windows NT 10.0; Win64; x64; rv:85.0) Gecko/20100101 Firefox/85.0"
188.40.24.211 - - [08/Feb/2021:04:51:12 +0100] "GET / HTTP/1.1" 200 8194 "-" "Hetzner System Monitoring"
37.230.43.146 - - [08/Feb/2021:04:51:20 +0100] "GET /nx/ocs/v2.php/apps/notifications/api/v2/notifications HTTP/1.1" 304 468 "-" "Mozilla/5.0 (Windows NT 10.0; Win64; x64; rv:85.0) Gecko/20100101 Firefox/85.0"
37.230.43.146 - - [08/Feb/2021:04:51:50 +0100] "GET /nx/ocs/v2.php/apps/notifications/api/v2/notifications HTTP/1.1" 304 468 "-" "Mozilla/5.0 (Windows NT 10.0; Win64; x64; rv:85.0) Gecko/20100101 Firefox/85.0"
37.230.43.146 - - [08/Feb/2021:04:52:20 +0100] "GET /nx/ocs/v2.php/apps/notifications/api/v2/notifications HTTP/1.1" 304 468 "-" "Mozilla/5.0 (Windows NT 10.0; Win64; x64; rv:85.0) Gecko/20100101 Firefox/85.0"
37.230.43.146 - - [08/Feb/2021:04:52:21 +0100] "PUT /nx/index.php/apps/user_status/heartbeat HTTP/1.1" 204 871 "-" "Mozilla/5.0 (Windows NT 10.0; Win64; x64; rv:85.0) Gecko/20100101 Firefox/85.0"
37.230.43.146 - - [08/Feb/2021:04:52:21 +0100] "GET /nx/ocs/v2.php/apps/user_status/api/v1/user_status HTTP/1.1" 200 1087 "-" "Mozilla/5.0 (Windows NT 10.0; Win64; x64; rv:85.0) Gecko/20100101 Firefox/85.0"
37.230.43.146 - - [08/Feb/2021:04:52:22 +0100] "PUT /nx/index.php/apps/user_status/heartbeat HTTP/1.1" 204 871 "-" "Mozilla/5.0 (Windows NT 10.0; Win64; x64; rv:85.0) Gecko/20100101 Firefox/85.0"
37.230.43.146 - - [08/Feb/2021:04:52:22 +0100] "GET /nx/ocs/v2.php/apps/user_status/api/v1/user_status HTTP/1.1" 200 1087 "-" "Mozilla/5.0 (Windows NT 10.0; Win64; x64; rv:85.0) Gecko/20100101 Firefox/85.0"
37.230.43.146 - - [08/Feb/2021:04:52:50 +0100] "GET /nx/ocs/v2.php/apps/notifications/api/v2/notifications HTTP/1.1" 304 468 "-" "Mozilla/5.0 (Windows NT 10.0; Win64; x64; rv:85.0) Gecko/20100101 Firefox/85.0"
37.230.43.146 - - [08/Feb/2021:04:53:20 +0100] "GET /nx/ocs/v2.php/apps/notifications/api/v2/notifications HTTP/1.1" 304 468 "-" "Mozilla/5.0 (Windows NT 10.0; Win64; x64; rv:85.0) Gecko/20100101 Firefox/85.0"
37.230.43.146 - - [08/Feb/2021:04:53:50 +0100] "GET /nx/ocs/v2.php/apps/notifications/api/v2/notifications HTTP/1.1" 304 468 "-" "Mozilla/5.0 (Windows NT 10.0; Win64; x64; rv:85.0) Gecko/20100101 Firefox/85.0"
37.230.43.146 - - [08/Feb/2021:04:54:20 +0100] "GET /nx/ocs/v2.php/apps/notifications/api/v2/notifications HTTP/1.1" 304 468 "-" "Mozilla/5.0 (Windows NT 10.0; Win64; x64; rv:85.0) Gecko/20100101 Firefox/85.0"
37.230.43.146 - - [08/Feb/2021:04:54:50 +0100] "GET /nx/ocs/v2.php/apps/notifications/api/v2/notifications HTTP/1.1" 304 468 "-" "Mozilla/5.0 (Windows NT 10.0; Win64; x64; rv:85.0) Gecko/20100101 Firefox/85.0"
37.230.43.146 - - [08/Feb/2021:04:55:20 +0100] "GET /nx/ocs/v2.php/apps/notifications/api/v2/notifications HTTP/1.1" 304 468 "-" "Mozilla/5.0 (Windows NT 10.0; Win64; x64; rv:85.0) Gecko/20100101 Firefox/85.0"
51.210.243.196 - - [08/Feb/2021:04:55:32 +0100] "HEAD /conf.zip HTTP/1.1" 404 3630 "https://raz0rsedge.de/" "Mozilla/5.0 (Windows; U; Windows NT 6.1; en-US) AppleWebKit/534.16 (KHTML, like Gecko) Chrome/10.0.648.11 Safari/534.16"
37.230.43.146 - - [08/Feb/2021:04:55:50 +0100] "GET /nx/ocs/v2.php/apps/notifications/api/v2/notifications HTTP/1.1" 304 3485 "-" "Mozilla/5.0 (Windows NT 10.0; Win64; x64; rv:85.0) Gecko/20100101 Firefox/85.0"
37.230.43.146 - - [08/Feb/2021:04:56:20 +0100] "GET /nx/ocs/v2.php/apps/notifications/api/v2/notifications HTTP/1.1" 304 468 "-" "Mozilla/5.0 (Windows NT 10.0; Win64; x64; rv:85.0) Gecko/20100101 Firefox/85.0"
37.230.43.146 - - [08/Feb/2021:04:56:50 +0100] "GET /nx/ocs/v2.php/apps/notifications/api/v2/notifications HTTP/1.1" 304 468 "-" "Mozilla/5.0 (Windows NT 10.0; Win64; x64; rv:85.0) Gecko/20100101 Firefox/85.0"
37.230.43.146 - - [08/Feb/2021:04:57:20 +0100] "GET /nx/ocs/v2.php/apps/notifications/api/v2/notifications HTTP/1.1" 304 468 "-" "Mozilla/5.0 (Windows NT 10.0; Win64; x64; rv:85.0) Gecko/20100101 Firefox/85.0"
37.230.43.146 - - [08/Feb/2021:04:57:21 +0100] "PUT /nx/index.php/apps/user_status/heartbeat HTTP/1.1" 204 871 "-" "Mozilla/5.0 (Windows NT 10.0; Win64; x64; rv:85.0) Gecko/20100101 Firefox/85.0"
37.230.43.146 - - [08/Feb/2021:04:57:21 +0100] "GET /nx/ocs/v2.php/apps/user_status/api/v1/user_status HTTP/1.1" 200 1087 "-" "Mozilla/5.0 (Windows NT 10.0; Win64; x64; rv:85.0) Gecko/20100101 Firefox/85.0"
37.230.43.146 - - [08/Feb/2021:04:57:22 +0100] "PUT /nx/index.php/apps/user_status/heartbeat HTTP/1.1" 204 871 "-" "Mozilla/5.0 (Windows NT 10.0; Win64; x64; rv:85.0) Gecko/20100101 Firefox/85.0"
37.230.43.146 - - [08/Feb/2021:04:57:22 +0100] "GET /nx/ocs/v2.php/apps/user_status/api/v1/user_status HTTP/1.1" 200 1087 "-" "Mozilla/5.0 (Windows NT 10.0; Win64; x64; rv:85.0) Gecko/20100101 Firefox/85.0"
188.40.24.211 - - [08/Feb/2021:04:57:37 +0100] "GET / HTTP/1.1" 200 8194 "-" "Hetzner System Monitoring"
37.230.43.146 - - [08/Feb/2021:04:57:50 +0100] "GET /nx/ocs/v2.php/apps/notifications/api/v2/notifications HTTP/1.1" 304 468 "-" "Mozilla/5.0 (Windows NT 10.0; Win64; x64; rv:85.0) Gecko/20100101 Firefox/85.0"
37.230.43.146 - - [08/Feb/2021:04:58:20 +0100] "GET /nx/ocs/v2.php/apps/notifications/api/v2/notifications HTTP/1.1" 304 468 "-" "Mozilla/5.0 (Windows NT 10.0; Win64; x64; rv:85.0) Gecko/20100101 Firefox/85.0"
37.230.43.146 - - [08/Feb/2021:04:58:21 +0100] "GET /nx/index.php/csrftoken HTTP/1.1" 200 1029 "-" "Mozilla/5.0 (Windows NT 10.0; Win64; x64; rv:85.0) Gecko/20100101 Firefox/85.0"
37.230.43.146 - - [08/Feb/2021:04:58:50 +0100] "GET /nx/ocs/v2.php/apps/notifications/api/v2/notifications HTTP/1.1" 304 468 "-" "Mozilla/5.0 (Windows NT 10.0; Win64; x64; rv:85.0) Gecko/20100101 Firefox/85.0"
37.230.43.146 - - [08/Feb/2021:04:59:20 +0100] "GET /nx/ocs/v2.php/apps/notifications/api/v2/notifications HTTP/1.1" 304 468 "-" "Mozilla/5.0 (Windows NT 10.0; Win64; x64; rv:85.0) Gecko/20100101 Firefox/85.0"
37.230.43.146 - - [08/Feb/2021:04:59:50 +0100] "GET /nx/ocs/v2.php/apps/notifications/api/v2/notifications HTTP/1.1" 304 468 "-" "Mozilla/5.0 (Windows NT 10.0; Win64; x64; rv:85.0) Gecko/20100101 Firefox/85.0"
37.230.43.146 - - [08/Feb/2021:05:00:20 +0100] "GET /nx/ocs/v2.php/apps/notifications/api/v2/notifications HTTP/1.1" 304 468 "-" "Mozilla/5.0 (Windows NT 10.0; Win64; x64; rv:85.0) Gecko/20100101 Firefox/85.0"
37.230.43.146 - - [08/Feb/2021:05:00:50 +0100] "GET /nx/ocs/v2.php/apps/notifications/api/v2/notifications HTTP/1.1" 304 3485 "-" "Mozilla/5.0 (Windows NT 10.0; Win64; x64; rv:85.0) Gecko/20100101 Firefox/85.0"
37.230.43.146 - - [08/Feb/2021:05:01:20 +0100] "GET /nx/ocs/v2.php/apps/notifications/api/v2/notifications HTTP/1.1" 304 468 "-" "Mozilla/5.0 (Windows NT 10.0; Win64; x64; rv:85.0) Gecko/20100101 Firefox/85.0"
37.230.43.146 - - [08/Feb/2021:05:01:50 +0100] "GET /nx/ocs/v2.php/apps/notifications/api/v2/notifications HTTP/1.1" 304 468 "-" "Mozilla/5.0 (Windows NT 10.0; Win64; x64; rv:85.0) Gecko/20100101 Firefox/85.0"
37.230.43.146 - - [08/Feb/2021:05:02:20 +0100] "GET /nx/ocs/v2.php/apps/notifications/api/v2/notifications HTTP/1.1" 304 468 "-" "Mozilla/5.0 (Windows NT 10.0; Win64; x64; rv:85.0) Gecko/20100101 Firefox/85.0"
37.230.43.146 - - [08/Feb/2021:05:02:21 +0100] "PUT /nx/index.php/apps/user_status/heartbeat HTTP/1.1" 204 871 "-" "Mozilla/5.0 (Windows NT 10.0; Win64; x64; rv:85.0) Gecko/20100101 Firefox/85.0"
37.230.43.146 - - [08/Feb/2021:05:02:21 +0100] "GET /nx/ocs/v2.php/apps/user_status/api/v1/user_status HTTP/1.1" 200 1087 "-" "Mozilla/5.0 (Windows NT 10.0; Win64; x64; rv:85.0) Gecko/20100101 Firefox/85.0"
37.230.43.146 - - [08/Feb/2021:05:02:22 +0100] "PUT /nx/index.php/apps/user_status/heartbeat HTTP/1.1" 204 871 "-" "Mozilla/5.0 (Windows NT 10.0; Win64; x64; rv:85.0) Gecko/20100101 Firefox/85.0"
37.230.43.146 - - [08/Feb/2021:05:02:22 +0100] "GET /nx/ocs/v2.php/apps/user_status/api/v1/user_status HTTP/1.1" 200 1087 "-" "Mozilla/5.0 (Windows NT 10.0; Win64; x64; rv:85.0) Gecko/20100101 Firefox/85.0"
37.230.43.146 - - [08/Feb/2021:05:02:50 +0100] "GET /nx/ocs/v2.php/apps/notifications/api/v2/notifications HTTP/1.1" 304 468 "-" "Mozilla/5.0 (Windows NT 10.0; Win64; x64; rv:85.0) Gecko/20100101 Firefox/85.0"
37.230.43.146 - - [08/Feb/2021:05:03:20 +0100] "GET /nx/ocs/v2.php/apps/notifications/api/v2/notifications HTTP/1.1" 304 468 "-" "Mozilla/5.0 (Windows NT 10.0; Win64; x64; rv:85.0) Gecko/20100101 Firefox/85.0"
37.230.43.146 - - [08/Feb/2021:05:03:50 +0100] "GET /nx/ocs/v2.php/apps/notifications/api/v2/notifications HTTP/1.1" 304 468 "-" "Mozilla/5.0 (Windows NT 10.0; Win64; x64; rv:85.0) Gecko/20100101 Firefox/85.0"
37.230.43.146 - - [08/Feb/2021:05:04:20 +0100] "GET /nx/ocs/v2.php/apps/notifications/api/v2/notifications HTTP/1.1" 304 468 "-" "Mozilla/5.0 (Windows NT 10.0; Win64; x64; rv:85.0) Gecko/20100101 Firefox/85.0"
188.40.24.211 - - [08/Feb/2021:05:04:32 +0100] "GET / HTTP/1.1" 200 8194 "-" "Hetzner System Monitoring"
37.230.43.146 - - [08/Feb/2021:05:04:50 +0100] "GET /nx/ocs/v2.php/apps/notifications/api/v2/notifications HTTP/1.1" 304 468 "-" "Mozilla/5.0 (Windows NT 10.0; Win64; x64; rv:85.0) Gecko/20100101 Firefox/85.0"
37.230.43.146 - - [08/Feb/2021:05:05:20 +0100] "GET /nx/ocs/v2.php/apps/notifications/api/v2/notifications HTTP/1.1" 304 468 "-" "Mozilla/5.0 (Windows NT 10.0; Win64; x64; rv:85.0) Gecko/20100101 Firefox/85.0"
37.230.43.146 - - [08/Feb/2021:05:05:50 +0100] "GET /nx/ocs/v2.php/apps/notifications/api/v2/notifications HTTP/1.1" 304 468 "-" "Mozilla/5.0 (Windows NT 10.0; Win64; x64; rv:85.0) Gecko/20100101 Firefox/85.0"
37.230.43.146 - - [08/Feb/2021:05:06:20 +0100] "GET /nx/ocs/v2.php/apps/notifications/api/v2/notifications HTTP/1.1" 304 3485 "-" "Mozilla/5.0 (Windows NT 10.0; Win64; x64; rv:85.0) Gecko/20100101 Firefox/85.0"
37.230.43.146 - - [08/Feb/2021:05:06:50 +0100] "GET /nx/ocs/v2.php/apps/notifications/api/v2/notifications HTTP/1.1" 304 468 "-" "Mozilla/5.0 (Windows NT 10.0; Win64; x64; rv:85.0) Gecko/20100101 Firefox/85.0"
37.230.43.146 - - [08/Feb/2021:05:07:20 +0100] "GET /nx/ocs/v2.php/apps/notifications/api/v2/notifications HTTP/1.1" 304 468 "-" "Mozilla/5.0 (Windows NT 10.0; Win64; x64; rv:85.0) Gecko/20100101 Firefox/85.0"
37.230.43.146 - - [08/Feb/2021:05:07:21 +0100] "PUT /nx/index.php/apps/user_status/heartbeat HTTP/1.1" 204 871 "-" "Mozilla/5.0 (Windows NT 10.0; Win64; x64; rv:85.0) Gecko/20100101 Firefox/85.0"
37.230.43.146 - - [08/Feb/2021:05:07:21 +0100] "GET /nx/ocs/v2.php/apps/user_status/api/v1/user_status HTTP/1.1" 200 1087 "-" "Mozilla/5.0 (Windows NT 10.0; Win64; x64; rv:85.0) Gecko/20100101 Firefox/85.0"
37.230.43.146 - - [08/Feb/2021:05:07:22 +0100] "PUT /nx/index.php/apps/user_status/heartbeat HTTP/1.1" 204 871 "-" "Mozilla/5.0 (Windows NT 10.0; Win64; x64; rv:85.0) Gecko/20100101 Firefox/85.0"
37.230.43.146 - - [08/Feb/2021:05:07:22 +0100] "GET /nx/ocs/v2.php/apps/user_status/api/v1/user_status HTTP/1.1" 200 1087 "-" "Mozilla/5.0 (Windows NT 10.0; Win64; x64; rv:85.0) Gecko/20100101 Firefox/85.0"
37.230.43.146 - - [08/Feb/2021:05:07:50 +0100] "GET /nx/ocs/v2.php/apps/notifications/api/v2/notifications HTTP/1.1" 304 468 "-" "Mozilla/5.0 (Windows NT 10.0; Win64; x64; rv:85.0) Gecko/20100101 Firefox/85.0"
37.230.43.146 - - [08/Feb/2021:05:08:20 +0100] "GET /nx/ocs/v2.php/apps/notifications/api/v2/notifications HTTP/1.1" 304 468 "-" "Mozilla/5.0 (Windows NT 10.0; Win64; x64; rv:85.0) Gecko/20100101 Firefox/85.0"
37.230.43.146 - - [08/Feb/2021:05:08:50 +0100] "GET /nx/ocs/v2.php/apps/notifications/api/v2/notifications HTTP/1.1" 304 468 "-" "Mozilla/5.0 (Windows NT 10.0; Win64; x64; rv:85.0) Gecko/20100101 Firefox/85.0"
37.230.43.146 - - [08/Feb/2021:05:09:20 +0100] "GET /nx/ocs/v2.php/apps/notifications/api/v2/notifications HTTP/1.1" 304 468 "-" "Mozilla/5.0 (Windows NT 10.0; Win64; x64; rv:85.0) Gecko/20100101 Firefox/85.0"
37.230.43.146 - - [08/Feb/2021:05:09:50 +0100] "GET /nx/ocs/v2.php/apps/notifications/api/v2/notifications HTTP/1.1" 304 468 "-" "Mozilla/5.0 (Windows NT 10.0; Win64; x64; rv:85.0) Gecko/20100101 Firefox/85.0"
185.247.70.140 - - [08/Feb/2021:05:09:52 +0100] "HEAD /www.raz0rsedge.de HTTP/1.1" 404 3372 "https://raz0rsedge.de/" "Mozilla/5.0 (Windows; U; Windows NT 6.1; en-US) AppleWebKit/534.16 (KHTML, like Gecko) Chrome/10.0.648.11 Safari/534.16"
213.133.113.84 - - [08/Feb/2021:05:10:09 +0100] "GET / HTTP/1.1" 200 8194 "-" "Hetzner System Monitoring"
37.230.43.146 - - [08/Feb/2021:05:10:20 +0100] "GET /nx/ocs/v2.php/apps/notifications/api/v2/notifications HTTP/1.1" 304 468 "-" "Mozilla/5.0 (Windows NT 10.0; Win64; x64; rv:85.0) Gecko/20100101 Firefox/85.0"
37.230.43.146 - - [08/Feb/2021:05:10:21 +0100] "GET /nx/index.php/csrftoken HTTP/1.1" 200 1029 "-" "Mozilla/5.0 (Windows NT 10.0; Win64; x64; rv:85.0) Gecko/20100101 Firefox/85.0"
37.230.43.146 - - [08/Feb/2021:05:10:50 +0100] "GET /nx/ocs/v2.php/apps/notifications/api/v2/notifications HTTP/1.1" 304 468 "-" "Mozilla/5.0 (Windows NT 10.0; Win64; x64; rv:85.0) Gecko/20100101 Firefox/85.0"
37.230.43.146 - - [08/Feb/2021:05:11:20 +0100] "GET /nx/ocs/v2.php/apps/notifications/api/v2/notifications HTTP/1.1" 304 468 "-" "Mozilla/5.0 (Windows NT 10.0; Win64; x64; rv:85.0) Gecko/20100101 Firefox/85.0"
37.230.43.146 - - [08/Feb/2021:05:11:50 +0100] "GET /nx/ocs/v2.php/apps/notifications/api/v2/notifications HTTP/1.1" 304 3485 "-" "Mozilla/5.0 (Windows NT 10.0; Win64; x64; rv:85.0) Gecko/20100101 Firefox/85.0"
37.230.43.146 - - [08/Feb/2021:05:12:20 +0100] "GET /nx/ocs/v2.php/apps/notifications/api/v2/notifications HTTP/1.1" 304 468 "-" "Mozilla/5.0 (Windows NT 10.0; Win64; x64; rv:85.0) Gecko/20100101 Firefox/85.0"
37.230.43.146 - - [08/Feb/2021:05:12:21 +0100] "PUT /nx/index.php/apps/user_status/heartbeat HTTP/1.1" 204 871 "-" "Mozilla/5.0 (Windows NT 10.0; Win64; x64; rv:85.0) Gecko/20100101 Firefox/85.0"
37.230.43.146 - - [08/Feb/2021:05:12:22 +0100] "PUT /nx/index.php/apps/user_status/heartbeat HTTP/1.1" 204 1045 "-" "Mozilla/5.0 (Windows NT 10.0; Win64; x64; rv:85.0) Gecko/20100101 Firefox/85.0"
37.230.43.146 - - [08/Feb/2021:05:12:31 +0100] "GET /nx/ocs/v2.php/apps/user_status/api/v1/user_status HTTP/1.1" 200 1087 "-" "Mozilla/5.0 (Windows NT 10.0; Win64; x64; rv:85.0) Gecko/20100101 Firefox/85.0"
37.230.43.146 - - [08/Feb/2021:05:12:31 +0100] "GET /nx/ocs/v2.php/apps/user_status/api/v1/user_status HTTP/1.1" 200 1087 "-" "Mozilla/5.0 (Windows NT 10.0; Win64; x64; rv:85.0) Gecko/20100101 Firefox/85.0"
37.230.43.146 - - [08/Feb/2021:05:12:50 +0100] "GET /nx/ocs/v2.php/apps/notifications/api/v2/notifications HTTP/1.1" 304 468 "-" "Mozilla/5.0 (Windows NT 10.0; Win64; x64; rv:85.0) Gecko/20100101 Firefox/85.0"
37.230.43.146 - - [08/Feb/2021:05:13:20 +0100] "GET /nx/ocs/v2.php/apps/notifications/api/v2/notifications HTTP/1.1" 304 468 "-" "Mozilla/5.0 (Windows NT 10.0; Win64; x64; rv:85.0) Gecko/20100101 Firefox/85.0"
37.230.43.146 - - [08/Feb/2021:05:13:50 +0100] "GET /nx/ocs/v2.php/apps/notifications/api/v2/notifications HTTP/1.1" 304 468 "-" "Mozilla/5.0 (Windows NT 10.0; Win64; x64; rv:85.0) Gecko/20100101 Firefox/85.0"
37.230.43.146 - - [08/Feb/2021:05:14:20 +0100] "GET /nx/ocs/v2.php/apps/notifications/api/v2/notifications HTTP/1.1" 304 468 "-" "Mozilla/5.0 (Windows NT 10.0; Win64; x64; rv:85.0) Gecko/20100101 Firefox/85.0"
37.230.43.146 - - [08/Feb/2021:05:14:50 +0100] "GET /nx/ocs/v2.php/apps/notifications/api/v2/notifications HTTP/1.1" 304 468 "-" "Mozilla/5.0 (Windows NT 10.0; Win64; x64; rv:85.0) Gecko/20100101 Firefox/85.0"
37.230.43.146 - - [08/Feb/2021:05:15:20 +0100] "GET /nx/ocs/v2.php/apps/notifications/api/v2/notifications HTTP/1.1" 304 468 "-" "Mozilla/5.0 (Windows NT 10.0; Win64; x64; rv:85.0) Gecko/20100101 Firefox/85.0"
37.230.43.146 - - [08/Feb/2021:05:15:50 +0100] "GET /nx/ocs/v2.php/apps/notifications/api/v2/notifications HTTP/1.1" 304 468 "-" "Mozilla/5.0 (Windows NT 10.0; Win64; x64; rv:85.0) Gecko/20100101 Firefox/85.0"
213.133.113.83 - - [08/Feb/2021:05:16:14 +0100] "GET / HTTP/1.1" 200 8194 "-" "Hetzner System Monitoring"
37.230.43.146 - - [08/Feb/2021:05:16:20 +0100] "GET /nx/ocs/v2.php/apps/notifications/api/v2/notifications HTTP/1.1" 304 468 "-" "Mozilla/5.0 (Windows NT 10.0; Win64; x64; rv:85.0) Gecko/20100101 Firefox/85.0"
37.230.43.146 - - [08/Feb/2021:05:16:50 +0100] "GET /nx/ocs/v2.php/apps/notifications/api/v2/notifications HTTP/1.1" 304 3485 "-" "Mozilla/5.0 (Windows NT 10.0; Win64; x64; rv:85.0) Gecko/20100101 Firefox/85.0"
37.230.43.146 - - [08/Feb/2021:05:17:20 +0100] "GET /nx/ocs/v2.php/apps/notifications/api/v2/notifications HTTP/1.1" 304 468 "-" "Mozilla/5.0 (Windows NT 10.0; Win64; x64; rv:85.0) Gecko/20100101 Firefox/85.0"
37.230.43.146 - - [08/Feb/2021:05:17:21 +0100] "PUT /nx/index.php/apps/user_status/heartbeat HTTP/1.1" 204 871 "-" "Mozilla/5.0 (Windows NT 10.0; Win64; x64; rv:85.0) Gecko/20100101 Firefox/85.0"
37.230.43.146 - - [08/Feb/2021:05:17:24 +0100] "PUT /nx/index.php/apps/user_status/heartbeat HTTP/1.1" 204 1045 "-" "Mozilla/5.0 (Windows NT 10.0; Win64; x64; rv:85.0) Gecko/20100101 Firefox/85.0"
37.230.43.146 - - [08/Feb/2021:05:17:32 +0100] "GET /nx/ocs/v2.php/apps/user_status/api/v1/user_status HTTP/1.1" 200 1087 "-" "Mozilla/5.0 (Windows NT 10.0; Win64; x64; rv:85.0) Gecko/20100101 Firefox/85.0"
37.230.43.146 - - [08/Feb/2021:05:17:32 +0100] "GET /nx/ocs/v2.php/apps/user_status/api/v1/user_status HTTP/1.1" 200 1087 "-" "Mozilla/5.0 (Windows NT 10.0; Win64; x64; rv:85.0) Gecko/20100101 Firefox/85.0"
37.230.43.146 - - [08/Feb/2021:05:17:50 +0100] "GET /nx/ocs/v2.php/apps/notifications/api/v2/notifications HTTP/1.1" 304 468 "-" "Mozilla/5.0 (Windows NT 10.0; Win64; x64; rv:85.0) Gecko/20100101 Firefox/85.0"
37.230.43.146 - - [08/Feb/2021:05:18:20 +0100] "GET /nx/ocs/v2.php/apps/notifications/api/v2/notifications HTTP/1.1" 304 468 "-" "Mozilla/5.0 (Windows NT 10.0; Win64; x64; rv:85.0) Gecko/20100101 Firefox/85.0"
37.230.43.146 - - [08/Feb/2021:05:18:50 +0100] "GET /nx/ocs/v2.php/apps/notifications/api/v2/notifications HTTP/1.1" 304 468 "-" "Mozilla/5.0 (Windows NT 10.0; Win64; x64; rv:85.0) Gecko/20100101 Firefox/85.0"
37.230.43.146 - - [08/Feb/2021:05:19:20 +0100] "GET /nx/ocs/v2.php/apps/notifications/api/v2/notifications HTTP/1.1" 304 468 "-" "Mozilla/5.0 (Windows NT 10.0; Win64; x64; rv:85.0) Gecko/20100101 Firefox/85.0"
37.230.43.146 - - [08/Feb/2021:05:19:50 +0100] "GET /nx/ocs/v2.php/apps/notifications/api/v2/notifications HTTP/1.1" 304 468 "-" "Mozilla/5.0 (Windows NT 10.0; Win64; x64; rv:85.0) Gecko/20100101 Firefox/85.0"
37.230.43.146 - - [08/Feb/2021:05:20:20 +0100] "GET /nx/ocs/v2.php/apps/notifications/api/v2/notifications HTTP/1.1" 304 468 "-" "Mozilla/5.0 (Windows NT 10.0; Win64; x64; rv:85.0) Gecko/20100101 Firefox/85.0"
74.82.47.4 - - [08/Feb/2021:05:20:24 +0100] "GET / HTTP/1.1" 200 8015 "-" "-"
37.230.43.146 - - [08/Feb/2021:05:20:50 +0100] "GET /nx/ocs/v2.php/apps/notifications/api/v2/notifications HTTP/1.1" 304 468 "-" "Mozilla/5.0 (Windows NT 10.0; Win64; x64; rv:85.0) Gecko/20100101 Firefox/85.0"
37.230.43.146 - - [08/Feb/2021:05:21:20 +0100] "GET /nx/ocs/v2.php/apps/notifications/api/v2/notifications HTTP/1.1" 304 468 "-" "Mozilla/5.0 (Windows NT 10.0; Win64; x64; rv:85.0) Gecko/20100101 Firefox/85.0"
37.230.43.146 - - [08/Feb/2021:05:21:51 +0100] "GET /nx/ocs/v2.php/apps/notifications/api/v2/notifications HTTP/1.1" 304 468 "-" "Mozilla/5.0 (Windows NT 10.0; Win64; x64; rv:85.0) Gecko/20100101 Firefox/85.0"
188.40.24.211 - - [08/Feb/2021:05:22:02 +0100] "GET / HTTP/1.1" 200 8194 "-" "Hetzner System Monitoring"
37.230.43.146 - - [08/Feb/2021:05:22:21 +0100] "GET /nx/ocs/v2.php/apps/notifications/api/v2/notifications HTTP/1.1" 304 3485 "-" "Mozilla/5.0 (Windows NT 10.0; Win64; x64; rv:85.0) Gecko/20100101 Firefox/85.0"
37.230.43.146 - - [08/Feb/2021:05:22:21 +0100] "GET /nx/index.php/csrftoken HTTP/1.1" 200 1030 "-" "Mozilla/5.0 (Windows NT 10.0; Win64; x64; rv:85.0) Gecko/20100101 Firefox/85.0"
37.230.43.146 - - [08/Feb/2021:05:22:22 +0100] "PUT /nx/index.php/apps/user_status/heartbeat HTTP/1.1" 204 1045 "-" "Mozilla/5.0 (Windows NT 10.0; Win64; x64; rv:85.0) Gecko/20100101 Firefox/85.0"
37.230.43.146 - - [08/Feb/2021:05:22:22 +0100] "GET /nx/ocs/v2.php/apps/user_status/api/v1/user_status HTTP/1.1" 200 1087 "-" "Mozilla/5.0 (Windows NT 10.0; Win64; x64; rv:85.0) Gecko/20100101 Firefox/85.0"
37.230.43.146 - - [08/Feb/2021:05:22:23 +0100] "PUT /nx/index.php/apps/user_status/heartbeat HTTP/1.1" 204 871 "-" "Mozilla/5.0 (Windows NT 10.0; Win64; x64; rv:85.0) Gecko/20100101 Firefox/85.0"
37.230.43.146 - - [08/Feb/2021:05:22:23 +0100] "GET /nx/ocs/v2.php/apps/user_status/api/v1/user_status HTTP/1.1" 200 1087 "-" "Mozilla/5.0 (Windows NT 10.0; Win64; x64; rv:85.0) Gecko/20100101 Firefox/85.0"
37.230.43.146 - - [08/Feb/2021:05:22:24 +0100] "GET /nx/ocs/v2.php/apps/weather_status/api/v1/forecast HTTP/1.1" 200 1453 "-" "Mozilla/5.0 (Windows NT 10.0; Win64; x64; rv:85.0) Gecko/20100101 Firefox/85.0"
37.230.43.146 - - [08/Feb/2021:05:22:51 +0100] "GET /nx/ocs/v2.php/apps/notifications/api/v2/notifications HTTP/1.1" 304 468 "-" "Mozilla/5.0 (Windows NT 10.0; Win64; x64; rv:85.0) Gecko/20100101 Firefox/85.0"
37.230.43.146 - - [08/Feb/2021:05:23:21 +0100] "GET /nx/ocs/v2.php/apps/notifications/api/v2/notifications HTTP/1.1" 304 468 "-" "Mozilla/5.0 (Windows NT 10.0; Win64; x64; rv:85.0) Gecko/20100101 Firefox/85.0"
37.230.43.146 - - [08/Feb/2021:05:23:51 +0100] "GET /nx/ocs/v2.php/apps/notifications/api/v2/notifications HTTP/1.1" 304 468 "-" "Mozilla/5.0 (Windows NT 10.0; Win64; x64; rv:85.0) Gecko/20100101 Firefox/85.0"
37.230.43.146 - - [08/Feb/2021:05:24:21 +0100] "GET /nx/ocs/v2.php/apps/notifications/api/v2/notifications HTTP/1.1" 304 468 "-" "Mozilla/5.0 (Windows NT 10.0; Win64; x64; rv:85.0) Gecko/20100101 Firefox/85.0"
37.230.43.146 - - [08/Feb/2021:05:24:51 +0100] "GET /nx/ocs/v2.php/apps/notifications/api/v2/notifications HTTP/1.1" 304 468 "-" "Mozilla/5.0 (Windows NT 10.0; Win64; x64; rv:85.0) Gecko/20100101 Firefox/85.0"
37.230.43.146 - - [08/Feb/2021:05:25:21 +0100] "GET /nx/ocs/v2.php/apps/notifications/api/v2/notifications HTTP/1.1" 304 468 "-" "Mozilla/5.0 (Windows NT 10.0; Win64; x64; rv:85.0) Gecko/20100101 Firefox/85.0"
37.230.43.146 - - [08/Feb/2021:05:25:51 +0100] "GET /nx/ocs/v2.php/apps/notifications/api/v2/notifications HTTP/1.1" 304 468 "-" "Mozilla/5.0 (Windows NT 10.0; Win64; x64; rv:85.0) Gecko/20100101 Firefox/85.0"
37.230.43.146 - - [08/Feb/2021:05:26:21 +0100] "GET /nx/ocs/v2.php/apps/notifications/api/v2/notifications HTTP/1.1" 304 468 "-" "Mozilla/5.0 (Windows NT 10.0; Win64; x64; rv:85.0) Gecko/20100101 Firefox/85.0"
37.230.43.146 - - [08/Feb/2021:05:26:51 +0100] "GET /nx/ocs/v2.php/apps/notifications/api/v2/notifications HTTP/1.1" 304 468 "-" "Mozilla/5.0 (Windows NT 10.0; Win64; x64; rv:85.0) Gecko/20100101 Firefox/85.0"
37.230.43.146 - - [08/Feb/2021:05:27:21 +0100] "GET /nx/ocs/v2.php/apps/notifications/api/v2/notifications HTTP/1.1" 304 3485 "-" "Mozilla/5.0 (Windows NT 10.0; Win64; x64; rv:85.0) Gecko/20100101 Firefox/85.0"
37.230.43.146 - - [08/Feb/2021:05:27:22 +0100] "PUT /nx/index.php/apps/user_status/heartbeat HTTP/1.1" 204 871 "-" "Mozilla/5.0 (Windows NT 10.0; Win64; x64; rv:85.0) Gecko/20100101 Firefox/85.0"
37.230.43.146 - - [08/Feb/2021:05:27:25 +0100] "PUT /nx/index.php/apps/user_status/heartbeat HTTP/1.1" 204 871 "-" "Mozilla/5.0 (Windows NT 10.0; Win64; x64; rv:85.0) Gecko/20100101 Firefox/85.0"
37.230.43.146 - - [08/Feb/2021:05:27:25 +0100] "GET /nx/ocs/v2.php/apps/user_status/api/v1/user_status HTTP/1.1" 200 1087 "-" "Mozilla/5.0 (Windows NT 10.0; Win64; x64; rv:85.0) Gecko/20100101 Firefox/85.0"
37.230.43.146 - - [08/Feb/2021:05:27:25 +0100] "GET /nx/ocs/v2.php/apps/user_status/api/v1/user_status HTTP/1.1" 200 1261 "-" "Mozilla/5.0 (Windows NT 10.0; Win64; x64; rv:85.0) Gecko/20100101 Firefox/85.0"
37.230.43.146 - - [08/Feb/2021:05:27:51 +0100] "GET /nx/ocs/v2.php/apps/notifications/api/v2/notifications HTTP/1.1" 304 468 "-" "Mozilla/5.0 (Windows NT 10.0; Win64; x64; rv:85.0) Gecko/20100101 Firefox/85.0"
37.230.43.146 - - [08/Feb/2021:05:28:21 +0100] "GET /nx/ocs/v2.php/apps/notifications/api/v2/notifications HTTP/1.1" 304 468 "-" "Mozilla/5.0 (Windows NT 10.0; Win64; x64; rv:85.0) Gecko/20100101 Firefox/85.0"
213.133.113.83 - - [08/Feb/2021:05:28:43 +0100] "GET / HTTP/1.1" 200 8194 "-" "Hetzner System Monitoring"
37.230.43.146 - - [08/Feb/2021:05:28:51 +0100] "GET /nx/ocs/v2.php/apps/notifications/api/v2/notifications HTTP/1.1" 304 468 "-" "Mozilla/5.0 (Windows NT 10.0; Win64; x64; rv:85.0) Gecko/20100101 Firefox/85.0"
37.230.43.146 - - [08/Feb/2021:05:29:21 +0100] "GET /nx/ocs/v2.php/apps/notifications/api/v2/notifications HTTP/1.1" 304 468 "-" "Mozilla/5.0 (Windows NT 10.0; Win64; x64; rv:85.0) Gecko/20100101 Firefox/85.0"
37.230.43.146 - - [08/Feb/2021:05:29:51 +0100] "GET /nx/ocs/v2.php/apps/notifications/api/v2/notifications HTTP/1.1" 304 468 "-" "Mozilla/5.0 (Windows NT 10.0; Win64; x64; rv:85.0) Gecko/20100101 Firefox/85.0"
37.230.43.146 - - [08/Feb/2021:05:30:21 +0100] "GET /nx/ocs/v2.php/apps/notifications/api/v2/notifications HTTP/1.1" 304 468 "-" "Mozilla/5.0 (Windows NT 10.0; Win64; x64; rv:85.0) Gecko/20100101 Firefox/85.0"
37.230.43.146 - - [08/Feb/2021:05:30:51 +0100] "GET /nx/ocs/v2.php/apps/notifications/api/v2/notifications HTTP/1.1" 304 468 "-" "Mozilla/5.0 (Windows NT 10.0; Win64; x64; rv:85.0) Gecko/20100101 Firefox/85.0"
37.230.43.146 - - [08/Feb/2021:05:31:21 +0100] "GET /nx/ocs/v2.php/apps/notifications/api/v2/notifications HTTP/1.1" 304 468 "-" "Mozilla/5.0 (Windows NT 10.0; Win64; x64; rv:85.0) Gecko/20100101 Firefox/85.0"
37.230.43.146 - - [08/Feb/2021:05:31:51 +0100] "GET /nx/ocs/v2.php/apps/notifications/api/v2/notifications HTTP/1.1" 304 468 "-" "Mozilla/5.0 (Windows NT 10.0; Win64; x64; rv:85.0) Gecko/20100101 Firefox/85.0"
37.230.43.146 - - [08/Feb/2021:05:32:21 +0100] "GET /nx/ocs/v2.php/apps/notifications/api/v2/notifications HTTP/1.1" 304 3485 "-" "Mozilla/5.0 (Windows NT 10.0; Win64; x64; rv:85.0) Gecko/20100101 Firefox/85.0"
37.230.43.146 - - [08/Feb/2021:05:32:22 +0100] "PUT /nx/index.php/apps/user_status/heartbeat HTTP/1.1" 204 871 "-" "Mozilla/5.0 (Windows NT 10.0; Win64; x64; rv:85.0) Gecko/20100101 Firefox/85.0"
37.230.43.146 - - [08/Feb/2021:05:32:22 +0100] "GET /nx/ocs/v2.php/apps/user_status/api/v1/user_status HTTP/1.1" 200 1087 "-" "Mozilla/5.0 (Windows NT 10.0; Win64; x64; rv:85.0) Gecko/20100101 Firefox/85.0"
37.230.43.146 - - [08/Feb/2021:05:32:23 +0100] "PUT /nx/index.php/apps/user_status/heartbeat HTTP/1.1" 204 871 "-" "Mozilla/5.0 (Windows NT 10.0; Win64; x64; rv:85.0) Gecko/20100101 Firefox/85.0"
37.230.43.146 - - [08/Feb/2021:05:32:23 +0100] "GET /nx/ocs/v2.php/apps/user_status/api/v1/user_status HTTP/1.1" 200 1087 "-" "Mozilla/5.0 (Windows NT 10.0; Win64; x64; rv:85.0) Gecko/20100101 Firefox/85.0"
37.230.43.146 - - [08/Feb/2021:05:32:51 +0100] "GET /nx/ocs/v2.php/apps/notifications/api/v2/notifications HTTP/1.1" 304 468 "-" "Mozilla/5.0 (Windows NT 10.0; Win64; x64; rv:85.0) Gecko/20100101 Firefox/85.0"
37.230.43.146 - - [08/Feb/2021:05:33:21 +0100] "GET /nx/ocs/v2.php/apps/notifications/api/v2/notifications HTTP/1.1" 304 468 "-" "Mozilla/5.0 (Windows NT 10.0; Win64; x64; rv:85.0) Gecko/20100101 Firefox/85.0"
37.230.43.146 - - [08/Feb/2021:05:33:51 +0100] "GET /nx/ocs/v2.php/apps/notifications/api/v2/notifications HTTP/1.1" 304 468 "-" "Mozilla/5.0 (Windows NT 10.0; Win64; x64; rv:85.0) Gecko/20100101 Firefox/85.0"
37.230.43.146 - - [08/Feb/2021:05:34:21 +0100] "GET /nx/ocs/v2.php/apps/notifications/api/v2/notifications HTTP/1.1" 304 468 "-" "Mozilla/5.0 (Windows NT 10.0; Win64; x64; rv:85.0) Gecko/20100101 Firefox/85.0"
37.230.43.146 - - [08/Feb/2021:05:34:22 +0100] "GET /nx/index.php/csrftoken HTTP/1.1" 200 1029 "-" "Mozilla/5.0 (Windows NT 10.0; Win64; x64; rv:85.0) Gecko/20100101 Firefox/85.0"
37.230.43.146 - - [08/Feb/2021:05:34:51 +0100] "GET /nx/ocs/v2.php/apps/notifications/api/v2/notifications HTTP/1.1" 304 468 "-" "Mozilla/5.0 (Windows NT 10.0; Win64; x64; rv:85.0) Gecko/20100101 Firefox/85.0"
213.133.113.84 - - [08/Feb/2021:05:35:14 +0100] "GET / HTTP/1.1" 200 8194 "-" "Hetzner System Monitoring"
37.230.43.146 - - [08/Feb/2021:05:35:21 +0100] "GET /nx/ocs/v2.php/apps/notifications/api/v2/notifications HTTP/1.1" 304 468 "-" "Mozilla/5.0 (Windows NT 10.0; Win64; x64; rv:85.0) Gecko/20100101 Firefox/85.0"
37.230.43.146 - - [08/Feb/2021:05:35:51 +0100] "GET /nx/ocs/v2.php/apps/notifications/api/v2/notifications HTTP/1.1" 304 468 "-" "Mozilla/5.0 (Windows NT 10.0; Win64; x64; rv:85.0) Gecko/20100101 Firefox/85.0"
37.230.43.146 - - [08/Feb/2021:05:36:21 +0100] "GET /nx/ocs/v2.php/apps/notifications/api/v2/notifications HTTP/1.1" 304 468 "-" "Mozilla/5.0 (Windows NT 10.0; Win64; x64; rv:85.0) Gecko/20100101 Firefox/85.0"
37.230.43.146 - - [08/Feb/2021:05:37:02 +0100] "GET /nx/ocs/v2.php/apps/notifications/api/v2/notifications HTTP/1.1" 304 468 "-" "Mozilla/5.0 (Windows NT 10.0; Win64; x64; rv:85.0) Gecko/20100101 Firefox/85.0"
37.230.43.146 - - [08/Feb/2021:05:37:22 +0100] "GET /nx/ocs/v2.php/apps/notifications/api/v2/notifications HTTP/1.1" 304 3485 "-" "Mozilla/5.0 (Windows NT 10.0; Win64; x64; rv:85.0) Gecko/20100101 Firefox/85.0"
37.230.43.146 - - [08/Feb/2021:05:37:22 +0100] "PUT /nx/index.php/apps/user_status/heartbeat HTTP/1.1" 204 871 "-" "Mozilla/5.0 (Windows NT 10.0; Win64; x64; rv:85.0) Gecko/20100101 Firefox/85.0"
37.230.43.146 - - [08/Feb/2021:05:37:22 +0100] "GET /nx/ocs/v2.php/apps/user_status/api/v1/user_status HTTP/1.1" 200 1087 "-" "Mozilla/5.0 (Windows NT 10.0; Win64; x64; rv:85.0) Gecko/20100101 Firefox/85.0"
37.230.43.146 - - [08/Feb/2021:05:37:23 +0100] "PUT /nx/index.php/apps/user_status/heartbeat HTTP/1.1" 204 871 "-" "Mozilla/5.0 (Windows NT 10.0; Win64; x64; rv:85.0) Gecko/20100101 Firefox/85.0"
37.230.43.146 - - [08/Feb/2021:05:37:23 +0100] "GET /nx/ocs/v2.php/apps/user_status/api/v1/user_status HTTP/1.1" 200 1087 "-" "Mozilla/5.0 (Windows NT 10.0; Win64; x64; rv:85.0) Gecko/20100101 Firefox/85.0"
37.230.43.146 - - [08/Feb/2021:05:37:51 +0100] "GET /nx/ocs/v2.php/apps/notifications/api/v2/notifications HTTP/1.1" 304 468 "-" "Mozilla/5.0 (Windows NT 10.0; Win64; x64; rv:85.0) Gecko/20100101 Firefox/85.0"
37.230.43.146 - - [08/Feb/2021:05:38:21 +0100] "GET /nx/ocs/v2.php/apps/notifications/api/v2/notifications HTTP/1.1" 304 468 "-" "Mozilla/5.0 (Windows NT 10.0; Win64; x64; rv:85.0) Gecko/20100101 Firefox/85.0"
37.230.43.146 - - [08/Feb/2021:05:38:51 +0100] "GET /nx/ocs/v2.php/apps/notifications/api/v2/notifications HTTP/1.1" 304 468 "-" "Mozilla/5.0 (Windows NT 10.0; Win64; x64; rv:85.0) Gecko/20100101 Firefox/85.0"
37.230.43.146 - - [08/Feb/2021:05:39:21 +0100] "GET /nx/ocs/v2.php/apps/notifications/api/v2/notifications HTTP/1.1" 304 468 "-" "Mozilla/5.0 (Windows NT 10.0; Win64; x64; rv:85.0) Gecko/20100101 Firefox/85.0"
37.230.43.146 - - [08/Feb/2021:05:39:51 +0100] "GET /nx/ocs/v2.php/apps/notifications/api/v2/notifications HTTP/1.1" 304 468 "-" "Mozilla/5.0 (Windows NT 10.0; Win64; x64; rv:85.0) Gecko/20100101 Firefox/85.0"
37.230.43.146 - - [08/Feb/2021:05:40:21 +0100] "GET /nx/ocs/v2.php/apps/notifications/api/v2/notifications HTTP/1.1" 304 468 "-" "Mozilla/5.0 (Windows NT 10.0; Win64; x64; rv:85.0) Gecko/20100101 Firefox/85.0"
188.40.24.211 - - [08/Feb/2021:05:40:22 +0100] "GET / HTTP/1.1" 200 8194 "-" "Hetzner System Monitoring"
37.230.43.146 - - [08/Feb/2021:05:40:51 +0100] "GET /nx/ocs/v2.php/apps/notifications/api/v2/notifications HTTP/1.1" 304 468 "-" "Mozilla/5.0 (Windows NT 10.0; Win64; x64; rv:85.0) Gecko/20100101 Firefox/85.0"
37.230.43.146 - - [08/Feb/2021:05:41:21 +0100] "GET /nx/ocs/v2.php/apps/notifications/api/v2/notifications HTTP/1.1" 304 468 "-" "Mozilla/5.0 (Windows NT 10.0; Win64; x64; rv:85.0) Gecko/20100101 Firefox/85.0"
37.230.43.146 - - [08/Feb/2021:05:41:51 +0100] "GET /nx/ocs/v2.php/apps/notifications/api/v2/notifications HTTP/1.1" 304 468 "-" "Mozilla/5.0 (Windows NT 10.0; Win64; x64; rv:85.0) Gecko/20100101 Firefox/85.0"
37.230.43.146 - - [08/Feb/2021:05:42:21 +0100] "GET /nx/ocs/v2.php/apps/notifications/api/v2/notifications HTTP/1.1" 304 468 "-" "Mozilla/5.0 (Windows NT 10.0; Win64; x64; rv:85.0) Gecko/20100101 Firefox/85.0"
37.230.43.146 - - [08/Feb/2021:05:42:22 +0100] "PUT /nx/index.php/apps/user_status/heartbeat HTTP/1.1" 204 871 "-" "Mozilla/5.0 (Windows NT 10.0; Win64; x64; rv:85.0) Gecko/20100101 Firefox/85.0"
37.230.43.146 - - [08/Feb/2021:05:42:22 +0100] "GET /nx/ocs/v2.php/apps/user_status/api/v1/user_status HTTP/1.1" 200 1087 "-" "Mozilla/5.0 (Windows NT 10.0; Win64; x64; rv:85.0) Gecko/20100101 Firefox/85.0"
37.230.43.146 - - [08/Feb/2021:05:42:23 +0100] "PUT /nx/index.php/apps/user_status/heartbeat HTTP/1.1" 204 871 "-" "Mozilla/5.0 (Windows NT 10.0; Win64; x64; rv:85.0) Gecko/20100101 Firefox/85.0"
